Sending build context to Docker daemon  4.415MB
Step 1/36 : FROM ubuntu:16.04
 ---> 5e8b97a2a082
Step 2/36 : RUN apt-get update &&     apt-get install -y curl git wget
 ---> Using cache
 ---> 1d02d0525507
Step 3/36 : ENV DAPPER_ENV VERSION DEV_BUILD
 ---> Using cache
 ---> a80efb5132c5
Step 4/36 : ENV DAPPER_DOCKER_SOCKET true
 ---> Using cache
 ---> ec7017c0068c
Step 5/36 : ENV DAPPER_SOURCE /go/src/github.com/rancher/os-images
 ---> Using cache
 ---> c0f4648afd21
Step 6/36 : ENV DAPPER_OUTPUT ./dist
 ---> Using cache
 ---> 368ce4db0fb2
Step 7/36 : ENV DAPPER_RUN_ARGS --privileged
 ---> Using cache
 ---> a17341062822
Step 8/36 : ENV SHELL /bin/bash
 ---> Using cache
 ---> 5e3221eed424
Step 9/36 : WORKDIR ${DAPPER_SOURCE}
 ---> Using cache
 ---> 41573132b53a
Step 10/36 : ARG DAPPER_HOST_ARCH=amd64
 ---> Using cache
 ---> 4efac3565aaa
Step 11/36 : ARG HOST_ARCH=${DAPPER_HOST_ARCH}
 ---> Using cache
 ---> 838c350febaf
Step 12/36 : ARG ARCH=${HOST_ARCH}
 ---> Using cache
 ---> dd68a761a942
Step 13/36 : ARG OS_REPO=daindragon2
 ---> Using cache
 ---> 6f7474743205
Step 14/36 : ARG DOCKER_VERSION=1.10.3
 ---> Using cache
 ---> f2a0ed2f8fcb
Step 15/36 : ARG DOCKER_PATCH_VERSION=v${DOCKER_VERSION}-ros1
 ---> Using cache
 ---> 91b7901e9680
Step 16/36 : ARG DOCKER_URL_amd64=https://get.docker.com/builds/Linux/x86_64/docker-${DOCKER_VERSION}
 ---> Using cache
 ---> a193358d8816
Step 17/36 : ARG DOCKER_URL_arm=https://github.com/rancher/docker/releases/download/${DOCKER_PATCH_VERSION}/docker-${DOCKER_VERSION}_arm
 ---> Using cache
 ---> 4f8e0b3a04c7
Step 18/36 : ARG DOCKER_URL_arm64=https://github.com/rancher/docker/releases/download/${DOCKER_PATCH_VERSION}/docker-${DOCKER_VERSION}_arm64
 ---> Using cache
 ---> 5f7c64cc5ea6
Step 19/36 : ARG IMAGE_BUILD_NAME=[1-9]*
 ---> Using cache
 ---> 56769b6552ea
Step 20/36 : ENV DOCKER_URL DOCKER_URL_${ARCH}
 ---> Using cache
 ---> 9a34e5adb1e1
Step 21/36 : ENV ARCH=${ARCH}
 ---> Using cache
 ---> 63b513751cce
Step 22/36 : ENV DISTRIB_ID=${DISTRIB_ID}
 ---> Using cache
 ---> 49f39c971098
Step 23/36 : ENV DOCKER_PATCH_VERSION=${DOCKER_PATCH_VERSION}
 ---> Using cache
 ---> 1032c9a99a99
Step 24/36 : ENV DOCKER_URL=${DOCKER_URL}
 ---> Using cache
 ---> 887c22fe51cb
Step 25/36 : ENV DOCKER_URL_amd64=${DOCKER_URL_amd64}
 ---> Using cache
 ---> 68e43f3877cd
Step 26/36 : ENV DOCKER_URL_arm64=${DOCKER_URL_arm64}
 ---> Using cache
 ---> 1532951ecb36
Step 27/36 : ENV DOCKER_URL_arm=${DOCKER_URL_arm}
 ---> Using cache
 ---> dc5ae3521e17
Step 28/36 : ENV DOCKER_VERSION=${DOCKER_VERSION}
 ---> Using cache
 ---> fcd6b0fd0cbd
Step 29/36 : ENV HOST_ARCH=${HOST_ARCH}
 ---> Using cache
 ---> c16d2c70b75c
Step 30/36 : ENV OS_REPO=${OS_REPO}
 ---> Using cache
 ---> a71cee061421
Step 31/36 : ENV IMAGE_BUILD_NAME=${IMAGE_BUILD_NAME}
 ---> Using cache
 ---> 7e80b2dd33cf
Step 32/36 : RUN rm /bin/sh &&     ln -s /bin/bash /bin/sh
 ---> Using cache
 ---> d3ad3912089f
Step 33/36 : RUN curl -fL ${!DOCKER_URL} > /usr/bin/docker &&     chmod +x /usr/bin/docker
 ---> Using cache
 ---> 47cdb8481c84
Step 34/36 : RUN curl -sL https://releases.rancher.com/dapper/latest/dapper-`uname -s`-`uname -m | sed 's/arm.*/arm/'` > /usr/bin/dapper &&     chmod +x /usr/bin/dapper
 ---> Using cache
 ---> 1d7451499bdd
Step 35/36 : ENTRYPOINT ["./scripts/entry"]
 ---> Using cache
 ---> 51989ae902ef
Step 36/36 : CMD ["ci"]
 ---> Using cache
 ---> 0ebd7c1ae17c
Successfully built 0ebd7c1ae17c
Successfully tagged custom-services:master
Sending build context to Docker daemon   4.42MB
Step 1/2 : FROM custom-services:master
 ---> 0ebd7c1ae17c
Step 2/2 : COPY . /go/src/github.com/rancher/os-images/
 ---> 6e76eeba8487
Successfully built 6e76eeba8487
Successfully tagged custom-services:master
Building daindragon2/os-alpineconsole:6dae87a-dirty from images/10-alpineconsole
[37mDEBU[0m[0000] Running /usr/bin/docker [pull alpine:3.7]    
3.7: Pulling from library/alpine
[0BDigest: sha256:e1871801d30885a610511c867de0d6baca7ed4e6a2573d506bbec7fd3b03873f
Status: Downloaded newer image for alpine:3.7
[37mDEBU[0m[0002] Running /usr/bin/docker [tag alpine:3.7 rancher/os-alpineconsole-base] 
[37mDEBU[0m[0002] Running /usr/bin/docker [build -f images/10-alpineconsole/Dockerfile -t rancher/os-alpineconsole images/10-alpineconsole] 
Sending build context to Docker daemon 3.072 kB
Step 1/5 : FROM rancher/os-alpineconsole-base
 ---> 3fd9065eaf02
Step 2/5 : RUN apk --no-cache add bash openssh iptables rsync sudo vim less curl ca-certificates htop kmod iproute2 util-linux
 ---> Running in 5163f99e9610
fetch http://dl-cdn.alpinelinux.org/alpine/v3.7/main/x86_64/APKINDEX.tar.gz
fetch http://dl-cdn.alpinelinux.org/alpine/v3.7/community/x86_64/APKINDEX.tar.gz
(1/40) Installing pkgconf (1.3.10-r0)
(2/40) Installing ncurses-terminfo-base (6.0_p20171125-r0)
(3/40) Installing ncurses-terminfo (6.0_p20171125-r0)
(4/40) Installing ncurses-libs (6.0_p20171125-r0)
(5/40) Installing readline (7.0.003-r0)
(6/40) Installing bash (4.4.19-r1)
Executing bash-4.4.19-r1.post-install
(7/40) Installing ca-certificates (20171114-r0)
(8/40) Installing libssh2 (1.8.0-r2)
(9/40) Installing libcurl (7.60.0-r1)
(10/40) Installing curl (7.60.0-r1)
(11/40) Installing htop (2.0.2-r0)
(12/40) Installing libelf (0.8.13-r3)
(13/40) Installing libmnl (1.0.4-r0)
(14/40) Installing jansson (2.10-r0)
(15/40) Installing libnftnl-libs (1.0.8-r1)
(16/40) Installing iptables (1.6.1-r1)
(17/40) Installing iproute2 (4.13.0-r0)
Executing iproute2-4.13.0-r0.post-install
(18/40) Installing xz-libs (5.2.3-r1)
(19/40) Installing kmod (24-r0)
(20/40) Installing less (520-r0)
(21/40) Installing openssh-keygen (7.5_p1-r8)
(22/40) Installing openssh-client (7.5_p1-r8)
(23/40) Installing openssh-sftp-server (7.5_p1-r8)
(24/40) Installing openssh-server-common (7.5_p1-r8)
(25/40) Installing openssh-server (7.5_p1-r8)
(26/40) Installing openssh (7.5_p1-r8)
(27/40) Installing libattr (2.4.47-r6)
(28/40) Installing libacl (2.2.52-r3)
(29/40) Installing popt (1.16-r7)
(30/40) Installing rsync (3.1.3-r0)
(31/40) Installing sudo (1.8.21_p2-r1)
(32/40) Installing libuuid (2.31-r0)
(33/40) Installing libblkid (2.31-r0)
(34/40) Installing libmount (2.31-r0)
(35/40) Installing libsmartcols (2.31-r0)
(36/40) Installing findmnt (2.31-r0)
(37/40) Installing libfdisk (2.31-r0)
(38/40) Installing util-linux (2.31-r0)
(39/40) Installing lua5.2-libs (5.2.4-r4)
(40/40) Installing vim (8.0.1359-r0)
Executing busybox-1.27.2-r7.trigger
Executing ca-certificates-20171114-r0.trigger
OK: 55 MiB in 51 packages
Removing intermediate container 5163f99e9610
 ---> 3529f1f988fa
Step 3/5 : RUN rm -rf /etc/ssh/*key*
 ---> Running in 9685a4ee89c5
Removing intermediate container 9685a4ee89c5
 ---> 64649f08fd16
Step 4/5 : RUN addgroup -g 1100 rancher &&     addgroup -g 1101 docker &&     addgroup -S sudo &&     adduser -D -u 1100 -g rancher -G sudo -s /bin/bash rancher &&     adduser rancher docker &&     adduser -D -u 1101 -g docker -G sudo -s /bin/bash docker &&     adduser docker docker &&     sed -i 's/rancher:!/rancher:*/g' /etc/shadow &&     sed -i 's/docker:!/docker:*/g' /etc/shadow &&     echo ClientAliveInterval 180 >> /etc/ssh/sshd_config &&     echo '## allow password less for rancher user' >> /etc/sudoers &&     echo 'rancher ALL=(ALL) NOPASSWD: ALL' >> /etc/sudoers &&     echo '## allow password less for docker user' >> /etc/sudoers &&     echo 'docker ALL=(ALL) NOPASSWD: ALL' >> /etc/sudoers &&     echo 'ssh-keygen -A' >> /usr/sbin/update-ssh-keys
 ---> Running in 20227994892c
Removing intermediate container 20227994892c
 ---> 51b0ab392699
Step 5/5 : ENTRYPOINT ["/usr/bin/ros", "entrypoint"]
 ---> Running in e8a50a1042b5
Removing intermediate container e8a50a1042b5
 ---> b1817052d44c
Successfully built b1817052d44c
Successfully tagged rancher/os-alpineconsole:latest
Building daindragon2/os-centosconsole:6dae87a-dirty from images/10-centosconsole
[37mDEBU[0m[0000] Running /usr/bin/docker [pull centos:7.4.1708] 
7.4.1708: Pulling from library/centos
[0B
[0A[2K18b8eb7e7f01: Pulling fs layer [0B[1A[2K18b8eb7e7f01: Downloading 539.4 kB/73.36 MB[1B[1A[2K18b8eb7e7f01: Downloading  1.08 MB/73.36 MB[1B[1A[2K18b8eb7e7f01: Downloading 1.621 MB/73.36 MB[1B[1A[2K18b8eb7e7f01: Downloading 2.161 MB/73.36 MB[1B[1A[2K18b8eb7e7f01: Downloading 2.702 MB/73.36 MB[1B[1A[2K18b8eb7e7f01: Downloading 3.243 MB/73.36 MB[1B[1A[2K18b8eb7e7f01: Downloading 3.779 MB/73.36 MB[1B[1A[2K18b8eb7e7f01: Downloading 4.308 MB/73.36 MB[1B[1A[2K18b8eb7e7f01: Downloading 4.844 MB/73.36 MB[1B[1A[2K18b8eb7e7f01: Downloading 5.385 MB/73.36 MB[1B[1A[2K18b8eb7e7f01: Downloading 5.926 MB/73.36 MB[1B[1A[2K18b8eb7e7f01: Downloading 6.466 MB/73.36 MB[1B[1A[2K18b8eb7e7f01: Downloading 7.007 MB/73.36 MB[1B[1A[2K18b8eb7e7f01: Downloading 7.548 MB/73.36 MB[1B[1A[2K18b8eb7e7f01: Downloading 8.088 MB/73.36 MB[1B[1A[2K18b8eb7e7f01: Downloading 8.613 MB/73.36 MB[1B[1A[2K18b8eb7e7f01: Downloading 9.149 MB/73.36 MB[1B[1A[2K18b8eb7e7f01: Downloading  9.69 MB/73.36 MB[1B[1A[2K18b8eb7e7f01: Downloading 10.21 MB/73.36 MB[1B[1A[2K18b8eb7e7f01: Downloading 10.75 MB/73.36 MB[1B[1A[2K18b8eb7e7f01: Downloading 11.29 MB/73.36 MB[1B[1A[2K18b8eb7e7f01: Downloading 11.82 MB/73.36 MB[1B[1A[2K18b8eb7e7f01: Downloading 12.36 MB/73.36 MB[1B[1A[2K18b8eb7e7f01: Downloading 12.91 MB/73.36 MB[1B[1A[2K18b8eb7e7f01: Downloading 13.45 MB/73.36 MB[1B[1A[2K18b8eb7e7f01: Downloading 13.97 MB/73.36 MB[1B[1A[2K18b8eb7e7f01: Downloading 14.51 MB/73.36 MB[1B[1A[2K18b8eb7e7f01: Downloading 15.06 MB/73.36 MB[1B[1A[2K18b8eb7e7f01: Downloading 15.59 MB/73.36 MB[1B[1A[2K18b8eb7e7f01: Downloading 16.13 MB/73.36 MB[1B[1A[2K18b8eb7e7f01: Downloading 16.67 MB/73.36 MB[1B[1A[2K18b8eb7e7f01: Downloading 17.19 MB/73.36 MB[1B[1A[2K18b8eb7e7f01: Downloading 17.73 MB/73.36 MB[1B[1A[2K18b8eb7e7f01: Downloading 18.27 MB/73.36 MB[1B[1A[2K18b8eb7e7f01: Downloading 18.79 MB/73.36 MB[1B[1A[2K18b8eb7e7f01: Downloading 19.33 MB/73.36 MB[1B[1A[2K18b8eb7e7f01: Downloading 19.87 MB/73.36 MB[1B[1A[2K18b8eb7e7f01: Downloading 20.41 MB/73.36 MB[1B[1A[2K18b8eb7e7f01: Downloading 20.95 MB/73.36 MB[1B[1A[2K18b8eb7e7f01: Downloading 21.49 MB/73.36 MB[1B[1A[2K18b8eb7e7f01: Downloading 22.02 MB/73.36 MB[1B[1A[2K18b8eb7e7f01: Downloading 22.56 MB/73.36 MB[1B[1A[2K18b8eb7e7f01: Downloading  23.1 MB/73.36 MB[1B[1A[2K18b8eb7e7f01: Downloading 23.64 MB/73.36 MB[1B[1A[2K18b8eb7e7f01: Downloading 24.16 MB/73.36 MB[1B[1A[2K18b8eb7e7f01: Downloading  24.7 MB/73.36 MB[1B[1A[2K18b8eb7e7f01: Downloading 25.24 MB/73.36 MB[1B[1A[2K18b8eb7e7f01: Downloading 25.76 MB/73.36 MB[1B[1A[2K18b8eb7e7f01: Downloading  26.3 MB/73.36 MB[1B[1A[2K18b8eb7e7f01: Downloading 26.84 MB/73.36 MB[1B[1A[2K18b8eb7e7f01: Downloading 27.38 MB/73.36 MB[1B[1A[2K18b8eb7e7f01: Downloading 27.92 MB/73.36 MB[1B[1A[2K18b8eb7e7f01: Downloading 28.46 MB/73.36 MB[1B[1A[2K18b8eb7e7f01: Downloading 28.99 MB/73.36 MB[1B[1A[2K18b8eb7e7f01: Downloading 29.53 MB/73.36 MB[1B[1A[2K18b8eb7e7f01: Downloading 30.07 MB/73.36 MB[1B[1A[2K18b8eb7e7f01: Downloading 30.61 MB/73.36 MB[1B[1A[2K18b8eb7e7f01: Downloading 31.14 MB/73.36 MB[1B[1A[2K18b8eb7e7f01: Downloading 31.68 MB/73.36 MB[1B[1A[2K18b8eb7e7f01: Downloading 32.21 MB/73.36 MB[1B[1A[2K18b8eb7e7f01: Downloading 32.73 MB/73.36 MB[1B[1A[2K18b8eb7e7f01: Downloading 33.26 MB/73.36 MB[1B[1A[2K18b8eb7e7f01: Downloading 33.79 MB/73.36 MB[1B[1A[2K18b8eb7e7f01: Downloading 34.34 MB/73.36 MB[1B[1A[2K18b8eb7e7f01: Downloading 34.88 MB/73.36 MB[1B[1A[2K18b8eb7e7f01: Downloading  35.4 MB/73.36 MB[1B[1A[2K18b8eb7e7f01: Downloading 35.93 MB/73.36 MB[1B[1A[2K18b8eb7e7f01: Downloading 36.47 MB/73.36 MB[1B[1A[2K18b8eb7e7f01: Downloading    37 MB/73.36 MB[1B[1A[2K18b8eb7e7f01: Downloading 37.54 MB/73.36 MB[1B[1A[2K18b8eb7e7f01: Downloading 38.07 MB/73.36 MB[1B[1A[2K18b8eb7e7f01: Downloading 38.61 MB/73.36 MB[1B[1A[2K18b8eb7e7f01: Downloading 39.15 MB/73.36 MB[1B[1A[2K18b8eb7e7f01: Downloading 39.67 MB/73.36 MB[1B[1A[2K18b8eb7e7f01: Downloading 40.21 MB/73.36 MB[1B[1A[2K18b8eb7e7f01: Downloading 40.75 MB/73.36 MB[1B[1A[2K18b8eb7e7f01: Downloading 41.29 MB/73.36 MB[1B[1A[2K18b8eb7e7f01: Downloading 41.83 MB/73.36 MB[1B[1A[2K18b8eb7e7f01: Downloading 42.37 MB/73.36 MB[1B[1A[2K18b8eb7e7f01: Downloading  42.9 MB/73.36 MB[1B[1A[2K18b8eb7e7f01: Downloading 43.42 MB/73.36 MB[1B[1A[2K18b8eb7e7f01: Downloading 43.96 MB/73.36 MB[1B[1A[2K18b8eb7e7f01: Downloading 44.49 MB/73.36 MB[1B[1A[2K18b8eb7e7f01: Downloading 45.01 MB/73.36 MB[1B[1A[2K18b8eb7e7f01: Downloading 45.55 MB/73.36 MB[1B[1A[2K18b8eb7e7f01: Downloading 46.09 MB/73.36 MB[1B[1A[2K18b8eb7e7f01: Downloading 46.63 MB/73.36 MB[1B[1A[2K18b8eb7e7f01: Downloading 47.16 MB/73.36 MB[1B[1A[2K18b8eb7e7f01: Downloading  47.7 MB/73.36 MB[1B[1A[2K18b8eb7e7f01: Downloading 48.24 MB/73.36 MB[1B[1A[2K18b8eb7e7f01: Downloading 48.78 MB/73.36 MB[1B[1A[2K18b8eb7e7f01: Downloading 49.32 MB/73.36 MB[1B[1A[2K18b8eb7e7f01: Downloading 49.86 MB/73.36 MB[1B[1A[2K18b8eb7e7f01: Downloading 50.38 MB/73.36 MB[1B[1A[2K18b8eb7e7f01: Downloading 50.91 MB/73.36 MB[1B[1A[2K18b8eb7e7f01: Downloading 51.45 MB/73.36 MB[1B[1A[2K18b8eb7e7f01: Downloading 51.98 MB/73.36 MB[1B[1A[2K18b8eb7e7f01: Downloading 52.52 MB/73.36 MB[1B[1A[2K18b8eb7e7f01: Downloading 53.05 MB/73.36 MB[1B[1A[2K18b8eb7e7f01: Downloading 53.59 MB/73.36 MB[1B[1A[2K18b8eb7e7f01: Downloading 54.13 MB/73.36 MB[1B[1A[2K18b8eb7e7f01: Downloading 54.67 MB/73.36 MB[1B[1A[2K18b8eb7e7f01: Downloading 55.21 MB/73.36 MB[1B[1A[2K18b8eb7e7f01: Downloading 55.75 MB/73.36 MB[1B[1A[2K18b8eb7e7f01: Downloading 56.29 MB/73.36 MB[1B[1A[2K18b8eb7e7f01: Downloading 56.83 MB/73.36 MB[1B[1A[2K18b8eb7e7f01: Downloading 57.36 MB/73.36 MB[1B[1A[2K18b8eb7e7f01: Downloading  57.9 MB/73.36 MB[1B[1A[2K18b8eb7e7f01: Downloading 58.44 MB/73.36 MB[1B[1A[2K18b8eb7e7f01: Downloading 58.96 MB/73.36 MB[1B[1A[2K18b8eb7e7f01: Downloading  59.5 MB/73.36 MB[1B[1A[2K18b8eb7e7f01: Downloading 60.04 MB/73.36 MB[1B[1A[2K18b8eb7e7f01: Downloading 60.58 MB/73.36 MB[1B[1A[2K18b8eb7e7f01: Downloading 61.12 MB/73.36 MB[1B[1A[2K18b8eb7e7f01: Downloading 61.66 MB/73.36 MB[1B[1A[2K18b8eb7e7f01: Downloading  62.2 MB/73.36 MB[1B[1A[2K18b8eb7e7f01: Downloading 62.74 MB/73.36 MB[1B[1A[2K18b8eb7e7f01: Downloading 63.28 MB/73.36 MB[1B[1A[2K18b8eb7e7f01: Downloading 63.81 MB/73.36 MB[1B[1A[2K18b8eb7e7f01: Downloading 64.34 MB/73.36 MB[1B[1A[2K18b8eb7e7f01: Downloading 64.88 MB/73.36 MB[1B[1A[2K18b8eb7e7f01: Downloading 65.42 MB/73.36 MB[1B[1A[2K18b8eb7e7f01: Downloading 65.94 MB/73.36 MB[1B[1A[2K18b8eb7e7f01: Downloading 66.47 MB/73.36 MB[1B[1A[2K18b8eb7e7f01: Downloading 67.01 MB/73.36 MB[1B[1A[2K18b8eb7e7f01: Downloading 67.55 MB/73.36 MB[1B[1A[2K18b8eb7e7f01: Downloading 68.08 MB/73.36 MB[1B[1A[2K18b8eb7e7f01: Downloading 68.62 MB/73.36 MB[1B[1A[2K18b8eb7e7f01: Downloading 69.16 MB/73.36 MB[1B[1A[2K18b8eb7e7f01: Downloading  69.7 MB/73.36 MB[1B[1A[2K18b8eb7e7f01: Downloading 70.24 MB/73.36 MB[1B[1A[2K18b8eb7e7f01: Downloading 70.78 MB/73.36 MB[1B[1A[2K18b8eb7e7f01: Downloading 71.32 MB/73.36 MB[1B[1A[2K18b8eb7e7f01: Downloading 71.86 MB/73.36 MB[1B[1A[2K18b8eb7e7f01: Downloading  72.4 MB/73.36 MB[1B[1A[2K18b8eb7e7f01: Downloading 72.92 MB/73.36 MB[1B[1A[2K18b8eb7e7f01: Verifying Checksum [1B[1A[2K18b8eb7e7f01: Download complete [1B[1A[2K18b8eb7e7f01: Extracting 557.1 kB/73.36 MB[1B[1A[2K18b8eb7e7f01: Extracting 4.456 MB/73.36 MB[1B[1A[2K18b8eb7e7f01: Extracting 10.03 MB/73.36 MB[1B[1A[2K18b8eb7e7f01: Extracting 14.48 MB/73.36 MB[1B[1A[2K18b8eb7e7f01: Extracting 18.94 MB/73.36 MB[1B[1A[2K18b8eb7e7f01: Extracting 21.17 MB/73.36 MB[1B[1A[2K18b8eb7e7f01: Extracting 25.62 MB/73.36 MB[1B[1A[2K18b8eb7e7f01: Extracting 30.08 MB/73.36 MB[1B[1A[2K18b8eb7e7f01: Extracting 35.09 MB/73.36 MB[1B[1A[2K18b8eb7e7f01: Extracting 40.11 MB/73.36 MB[1B[1A[2K18b8eb7e7f01: Extracting 45.68 MB/73.36 MB[1B[1A[2K18b8eb7e7f01: Extracting 47.35 MB/73.36 MB[1B[1A[2K18b8eb7e7f01: Extracting 50.14 MB/73.36 MB[1B[1A[2K18b8eb7e7f01: Extracting 52.36 MB/73.36 MB[1B[1A[2K18b8eb7e7f01: Extracting 55.71 MB/73.36 MB[1B[1A[2K18b8eb7e7f01: Extracting 60.72 MB/73.36 MB[1B[1A[2K18b8eb7e7f01: Extracting 65.18 MB/73.36 MB[1B[1A[2K18b8eb7e7f01: Extracting 66.29 MB/73.36 MB[1B[1A[2K18b8eb7e7f01: Extracting  67.4 MB/73.36 MB[1B[1A[2K18b8eb7e7f01: Extracting 68.52 MB/73.36 MB[1B[1A[2K18b8eb7e7f01: Extracting 72.97 MB/73.36 MB[1B[1A[2K18b8eb7e7f01: Extracting 73.36 MB/73.36 MB[1B[1A[2K18b8eb7e7f01: Pull complete [1BDigest: sha256:2a61f8abd6250751c4b1dd3384a2bdd8f87e0e60d11c064b8a90e2e552fee2d7
Status: Downloaded newer image for centos:7.4.1708
[37mDEBU[0m[0063] Running /usr/bin/docker [tag centos:7.4.1708 rancher/os-centosconsole-base] 
[37mDEBU[0m[0063] Running /usr/bin/docker [build -f images/10-centosconsole/Dockerfile -t rancher/os-centosconsole images/10-centosconsole] 
Sending build context to Docker daemon 7.168 kB
Step 1/5 : FROM rancher/os-centosconsole-base
 ---> 3afd47092a0e
Step 2/5 : RUN yum install -y iptables openssh-server rsync sudo vim less ca-certificates psmisc htop procps-ng iproute     && yum clean all     && rm -rf /etc/ssh/*key*
 ---> Running in a1db15494273
Loaded plugins: fastestmirror, ovl
Determining fastest mirrors
 * base: mirror.crazynetwork.it
 * extras: mirror.crazynetwork.it
 * updates: centos.copahost.com
No package htop available.
Resolving Dependencies
--> Running transaction check
---> Package ca-certificates.noarch 0:2017.2.14-71.el7 will be updated
---> Package ca-certificates.noarch 0:2018.2.22-70.0.el7_5 will be an update
---> Package iproute.x86_64 0:4.11.0-14.el7 will be installed
--> Processing Dependency: libmnl.so.0(LIBMNL_1.0)(64bit) for package: iproute-4.11.0-14.el7.x86_64
--> Processing Dependency: libmnl.so.0()(64bit) for package: iproute-4.11.0-14.el7.x86_64
---> Package iptables.x86_64 0:1.4.21-24.1.el7_5 will be installed
--> Processing Dependency: libnfnetlink.so.0()(64bit) for package: iptables-1.4.21-24.1.el7_5.x86_64
--> Processing Dependency: libnetfilter_conntrack.so.3()(64bit) for package: iptables-1.4.21-24.1.el7_5.x86_64
---> Package less.x86_64 0:458-9.el7 will be installed
--> Processing Dependency: groff-base for package: less-458-9.el7.x86_64
---> Package openssh-server.x86_64 0:7.4p1-16.el7 will be installed
--> Processing Dependency: openssh = 7.4p1-16.el7 for package: openssh-server-7.4p1-16.el7.x86_64
--> Processing Dependency: fipscheck-lib(x86-64) >= 1.3.0 for package: openssh-server-7.4p1-16.el7.x86_64
--> Processing Dependency: libwrap.so.0()(64bit) for package: openssh-server-7.4p1-16.el7.x86_64
--> Processing Dependency: libfipscheck.so.1()(64bit) for package: openssh-server-7.4p1-16.el7.x86_64
---> Package procps-ng.x86_64 0:3.3.10-16.el7 will be updated
---> Package procps-ng.x86_64 0:3.3.10-17.el7_5.2 will be an update
---> Package psmisc.x86_64 0:22.20-15.el7 will be installed
---> Package rsync.x86_64 0:3.1.2-4.el7 will be installed
---> Package sudo.x86_64 0:1.8.19p2-13.el7 will be installed
---> Package vim-enhanced.x86_64 2:7.4.160-4.el7 will be installed
--> Processing Dependency: vim-common = 2:7.4.160-4.el7 for package: 2:vim-enhanced-7.4.160-4.el7.x86_64
--> Processing Dependency: which for package: 2:vim-enhanced-7.4.160-4.el7.x86_64
--> Processing Dependency: perl(:MODULE_COMPAT_5.16.3) for package: 2:vim-enhanced-7.4.160-4.el7.x86_64
--> Processing Dependency: libperl.so()(64bit) for package: 2:vim-enhanced-7.4.160-4.el7.x86_64
--> Processing Dependency: libgpm.so.2()(64bit) for package: 2:vim-enhanced-7.4.160-4.el7.x86_64
--> Running transaction check
---> Package fipscheck-lib.x86_64 0:1.4.1-6.el7 will be installed
--> Processing Dependency: /usr/bin/fipscheck for package: fipscheck-lib-1.4.1-6.el7.x86_64
---> Package gpm-libs.x86_64 0:1.20.7-5.el7 will be installed
---> Package groff-base.x86_64 0:1.22.2-8.el7 will be installed
---> Package libmnl.x86_64 0:1.0.3-7.el7 will be installed
---> Package libnetfilter_conntrack.x86_64 0:1.0.6-1.el7_3 will be installed
---> Package libnfnetlink.x86_64 0:1.0.1-4.el7 will be installed
---> Package openssh.x86_64 0:7.4p1-16.el7 will be installed
---> Package perl.x86_64 4:5.16.3-292.el7 will be installed
--> Processing Dependency: perl(Socket) >= 1.3 for package: 4:perl-5.16.3-292.el7.x86_64
--> Processing Dependency: perl(Scalar::Util) >= 1.10 for package: 4:perl-5.16.3-292.el7.x86_64
--> Processing Dependency: perl-macros for package: 4:perl-5.16.3-292.el7.x86_64
--> Processing Dependency: perl(threads::shared) for package: 4:perl-5.16.3-292.el7.x86_64
--> Processing Dependency: perl(threads) for package: 4:perl-5.16.3-292.el7.x86_64
--> Processing Dependency: perl(constant) for package: 4:perl-5.16.3-292.el7.x86_64
--> Processing Dependency: perl(Time::Local) for package: 4:perl-5.16.3-292.el7.x86_64
--> Processing Dependency: perl(Time::HiRes) for package: 4:perl-5.16.3-292.el7.x86_64
--> Processing Dependency: perl(Storable) for package: 4:perl-5.16.3-292.el7.x86_64
--> Processing Dependency: perl(Socket) for package: 4:perl-5.16.3-292.el7.x86_64
--> Processing Dependency: perl(Scalar::Util) for package: 4:perl-5.16.3-292.el7.x86_64
--> Processing Dependency: perl(Pod::Simple::XHTML) for package: 4:perl-5.16.3-292.el7.x86_64
--> Processing Dependency: perl(Pod::Simple::Search) for package: 4:perl-5.16.3-292.el7.x86_64
--> Processing Dependency: perl(Getopt::Long) for package: 4:perl-5.16.3-292.el7.x86_64
--> Processing Dependency: perl(Filter::Util::Call) for package: 4:perl-5.16.3-292.el7.x86_64
--> Processing Dependency: perl(File::Temp) for package: 4:perl-5.16.3-292.el7.x86_64
--> Processing Dependency: perl(File::Spec::Unix) for package: 4:perl-5.16.3-292.el7.x86_64
--> Processing Dependency: perl(File::Spec::Functions) for package: 4:perl-5.16.3-292.el7.x86_64
--> Processing Dependency: perl(File::Spec) for package: 4:perl-5.16.3-292.el7.x86_64
--> Processing Dependency: perl(File::Path) for package: 4:perl-5.16.3-292.el7.x86_64
--> Processing Dependency: perl(Exporter) for package: 4:perl-5.16.3-292.el7.x86_64
--> Processing Dependency: perl(Cwd) for package: 4:perl-5.16.3-292.el7.x86_64
--> Processing Dependency: perl(Carp) for package: 4:perl-5.16.3-292.el7.x86_64
---> Package perl-libs.x86_64 4:5.16.3-292.el7 will be installed
---> Package tcp_wrappers-libs.x86_64 0:7.6-77.el7 will be installed
---> Package vim-common.x86_64 2:7.4.160-4.el7 will be installed
--> Processing Dependency: vim-filesystem for package: 2:vim-common-7.4.160-4.el7.x86_64
---> Package which.x86_64 0:2.20-7.el7 will be installed
--> Running transaction check
---> Package fipscheck.x86_64 0:1.4.1-6.el7 will be installed
---> Package perl-Carp.noarch 0:1.26-244.el7 will be installed
---> Package perl-Exporter.noarch 0:5.68-3.el7 will be installed
---> Package perl-File-Path.noarch 0:2.09-2.el7 will be installed
---> Package perl-File-Temp.noarch 0:0.23.01-3.el7 will be installed
---> Package perl-Filter.x86_64 0:1.49-3.el7 will be installed
---> Package perl-Getopt-Long.noarch 0:2.40-3.el7 will be installed
--> Processing Dependency: perl(Pod::Usage) >= 1.14 for package: perl-Getopt-Long-2.40-3.el7.noarch
--> Processing Dependency: perl(Text::ParseWords) for package: perl-Getopt-Long-2.40-3.el7.noarch
---> Package perl-PathTools.x86_64 0:3.40-5.el7 will be installed
---> Package perl-Pod-Simple.noarch 1:3.28-4.el7 will be installed
--> Processing Dependency: perl(Pod::Escapes) >= 1.04 for package: 1:perl-Pod-Simple-3.28-4.el7.noarch
--> Processing Dependency: perl(Encode) for package: 1:perl-Pod-Simple-3.28-4.el7.noarch
---> Package perl-Scalar-List-Utils.x86_64 0:1.27-248.el7 will be installed
---> Package perl-Socket.x86_64 0:2.010-4.el7 will be installed
---> Package perl-Storable.x86_64 0:2.45-3.el7 will be installed
---> Package perl-Time-HiRes.x86_64 4:1.9725-3.el7 will be installed
---> Package perl-Time-Local.noarch 0:1.2300-2.el7 will be installed
---> Package perl-constant.noarch 0:1.27-2.el7 will be installed
---> Package perl-macros.x86_64 4:5.16.3-292.el7 will be installed
---> Package perl-threads.x86_64 0:1.87-4.el7 will be installed
---> Package perl-threads-shared.x86_64 0:1.43-6.el7 will be installed
---> Package vim-filesystem.x86_64 2:7.4.160-4.el7 will be installed
--> Running transaction check
---> Package perl-Encode.x86_64 0:2.51-7.el7 will be installed
---> Package perl-Pod-Escapes.noarch 1:1.04-292.el7 will be installed
---> Package perl-Pod-Usage.noarch 0:1.63-3.el7 will be installed
--> Processing Dependency: perl(Pod::Text) >= 3.15 for package: perl-Pod-Usage-1.63-3.el7.noarch
--> Processing Dependency: perl-Pod-Perldoc for package: perl-Pod-Usage-1.63-3.el7.noarch
---> Package perl-Text-ParseWords.noarch 0:3.29-4.el7 will be installed
--> Running transaction check
---> Package perl-Pod-Perldoc.noarch 0:3.20-4.el7 will be installed
--> Processing Dependency: perl(parent) for package: perl-Pod-Perldoc-3.20-4.el7.noarch
--> Processing Dependency: perl(HTTP::Tiny) for package: perl-Pod-Perldoc-3.20-4.el7.noarch
---> Package perl-podlators.noarch 0:2.5.1-3.el7 will be installed
--> Running transaction check
---> Package perl-HTTP-Tiny.noarch 0:0.033-3.el7 will be installed
---> Package perl-parent.noarch 1:0.225-244.el7 will be installed
--> Finished Dependency Resolution

Dependencies Resolved

================================================================================
 Package                   Arch      Version                   Repository  Size
================================================================================
Installing:
 iproute                   x86_64    4.11.0-14.el7             base       763 k
 iptables                  x86_64    1.4.21-24.1.el7_5         updates    432 k
 less                      x86_64    458-9.el7                 base       120 k
 openssh-server            x86_64    7.4p1-16.el7              base       458 k
 psmisc                    x86_64    22.20-15.el7              base       141 k
 rsync                     x86_64    3.1.2-4.el7               base       403 k
 sudo                      x86_64    1.8.19p2-13.el7           base       1.1 M
 vim-enhanced              x86_64    2:7.4.160-4.el7           base       1.0 M
Updating:
 ca-certificates           noarch    2018.2.22-70.0.el7_5      updates    392 k
 procps-ng                 x86_64    3.3.10-17.el7_5.2         updates    290 k
Installing for dependencies:
 fipscheck                 x86_64    1.4.1-6.el7               base        21 k
 fipscheck-lib             x86_64    1.4.1-6.el7               base        11 k
 gpm-libs                  x86_64    1.20.7-5.el7              base        32 k
 groff-base                x86_64    1.22.2-8.el7              base       942 k
 libmnl                    x86_64    1.0.3-7.el7               base        23 k
 libnetfilter_conntrack    x86_64    1.0.6-1.el7_3             base        55 k
 libnfnetlink              x86_64    1.0.1-4.el7               base        26 k
 openssh                   x86_64    7.4p1-16.el7              base       510 k
 perl                      x86_64    4:5.16.3-292.el7          base       8.0 M
 perl-Carp                 noarch    1.26-244.el7              base        19 k
 perl-Encode               x86_64    2.51-7.el7                base       1.5 M
 perl-Exporter             noarch    5.68-3.el7                base        28 k
 perl-File-Path            noarch    2.09-2.el7                base        26 k
 perl-File-Temp            noarch    0.23.01-3.el7             base        56 k
 perl-Filter               x86_64    1.49-3.el7                base        76 k
 perl-Getopt-Long          noarch    2.40-3.el7                base        56 k
 perl-HTTP-Tiny            noarch    0.033-3.el7               base        38 k
 perl-PathTools            x86_64    3.40-5.el7                base        82 k
 perl-Pod-Escapes          noarch    1:1.04-292.el7            base        51 k
 perl-Pod-Perldoc          noarch    3.20-4.el7                base        87 k
 perl-Pod-Simple           noarch    1:3.28-4.el7              base       216 k
 perl-Pod-Usage            noarch    1.63-3.el7                base        27 k
 perl-Scalar-List-Utils    x86_64    1.27-248.el7              base        36 k
 perl-Socket               x86_64    2.010-4.el7               base        49 k
 perl-Storable             x86_64    2.45-3.el7                base        77 k
 perl-Text-ParseWords      noarch    3.29-4.el7                base        14 k
 perl-Time-HiRes           x86_64    4:1.9725-3.el7            base        45 k
 perl-Time-Local           noarch    1.2300-2.el7              base        24 k
 perl-constant             noarch    1.27-2.el7                base        19 k
 perl-libs                 x86_64    4:5.16.3-292.el7          base       688 k
 perl-macros               x86_64    4:5.16.3-292.el7          base        43 k
 perl-parent               noarch    1:0.225-244.el7           base        12 k
 perl-podlators            noarch    2.5.1-3.el7               base       112 k
 perl-threads              x86_64    1.87-4.el7                base        49 k
 perl-threads-shared       x86_64    1.43-6.el7                base        39 k
 tcp_wrappers-libs         x86_64    7.6-77.el7                base        66 k
 vim-common                x86_64    2:7.4.160-4.el7           base       5.9 M
 vim-filesystem            x86_64    2:7.4.160-4.el7           base        10 k
 which                     x86_64    2.20-7.el7                base        41 k

Transaction Summary
================================================================================
Install  8 Packages (+39 Dependent packages)
Upgrade  2 Packages

Total download size: 24 M
Downloading packages:
Delta RPMs disabled because /usr/bin/applydeltarpm not installed.
[91mwarning: /var/cache/yum/x86_64/7/base/packages/gpm-libs-1.20.7-5.el7.x86_64.rpm: Header V3 RSA/SHA256 Signature, key ID f4a80eb5: NOKEY
[0mPublic key for gpm-libs-1.20.7-5.el7.x86_64.rpm is not installed
Public key for iptables-1.4.21-24.1.el7_5.x86_64.rpm is not installed
--------------------------------------------------------------------------------
Total                                              1.2 MB/s |  24 MB  00:20     
Retrieving key from file:///etc/pki/rpm-gpg/RPM-GPG-KEY-CentOS-7
[91mImporting GPG key 0xF4A80EB5:
 Userid     : "CentOS-7 Key (CentOS 7 Official Signing Key) <security@centos.org>"
 Fingerprint: 6341 ab27 53d7 8a78 a7c2 7bb1 24c6 a8a7 f4a8 0eb5
 Package    : centos-release-7-4.1708.el7.centos.x86_64 (@CentOS)
 From       : /etc/pki/rpm-gpg/RPM-GPG-KEY-CentOS-7
[0mRunning transaction check
Running transaction test
Transaction test succeeded
Running transaction
  Installing : fipscheck-1.4.1-6.el7.x86_64                                1/51 
  Installing : fipscheck-lib-1.4.1-6.el7.x86_64                            2/51 
  Installing : libnfnetlink-1.0.1-4.el7.x86_64                             3/51 
  Installing : groff-base-1.22.2-8.el7.x86_64                              4/51 
  Installing : libmnl-1.0.3-7.el7.x86_64                                   5/51 
  Installing : libnetfilter_conntrack-1.0.6-1.el7_3.x86_64                 6/51 
  Installing : iptables-1.4.21-24.1.el7_5.x86_64                           7/51 
  Installing : 1:perl-parent-0.225-244.el7.noarch                          8/51 
  Installing : perl-HTTP-Tiny-0.033-3.el7.noarch                           9/51 
  Installing : perl-podlators-2.5.1-3.el7.noarch                          10/51 
  Installing : perl-Pod-Perldoc-3.20-4.el7.noarch                         11/51 
  Installing : 1:perl-Pod-Escapes-1.04-292.el7.noarch                     12/51 
  Installing : perl-Text-ParseWords-3.29-4.el7.noarch                     13/51 
  Installing : perl-Encode-2.51-7.el7.x86_64                              14/51 
  Installing : perl-Pod-Usage-1.63-3.el7.noarch                           15/51 
  Installing : 4:perl-macros-5.16.3-292.el7.x86_64                        16/51 
  Installing : 4:perl-libs-5.16.3-292.el7.x86_64                          17/51 
  Installing : 4:perl-Time-HiRes-1.9725-3.el7.x86_64                      18/51 
  Installing : perl-Exporter-5.68-3.el7.noarch                            19/51 
  Installing : perl-Socket-2.010-4.el7.x86_64                             20/51 
  Installing : perl-Carp-1.26-244.el7.noarch                              21/51 
  Installing : perl-Storable-2.45-3.el7.x86_64                            22/51 
  Installing : perl-PathTools-3.40-5.el7.x86_64                           23/51 
  Installing : perl-Scalar-List-Utils-1.27-248.el7.x86_64                 24/51 
  Installing : perl-Time-Local-1.2300-2.el7.noarch                        25/51 
  Installing : perl-constant-1.27-2.el7.noarch                            26/51 
  Installing : perl-File-Temp-0.23.01-3.el7.noarch                        27/51 
  Installing : perl-File-Path-2.09-2.el7.noarch                           28/51 
  Installing : perl-threads-shared-1.43-6.el7.x86_64                      29/51 
  Installing : perl-threads-1.87-4.el7.x86_64                             30/51 
  Installing : perl-Filter-1.49-3.el7.x86_64                              31/51 
  Installing : 1:perl-Pod-Simple-3.28-4.el7.noarch                        32/51 
  Installing : perl-Getopt-Long-2.40-3.el7.noarch                         33/51 
  Installing : 4:perl-5.16.3-292.el7.x86_64                               34/51 
  Installing : openssh-7.4p1-16.el7.x86_64                                35/51 
  Installing : 2:vim-filesystem-7.4.160-4.el7.x86_64                      36/51 
  Installing : 2:vim-common-7.4.160-4.el7.x86_64                          37/51 
  Installing : gpm-libs-1.20.7-5.el7.x86_64                               38/51 
  Installing : which-2.20-7.el7.x86_64                                    39/51 
install-info: No such file or directory for /usr/share/info/which.info.gz
  Installing : tcp_wrappers-libs-7.6-77.el7.x86_64                        40/51 
  Installing : openssh-server-7.4p1-16.el7.x86_64                         41/51 
  Installing : 2:vim-enhanced-7.4.160-4.el7.x86_64                        42/51 
  Installing : iproute-4.11.0-14.el7.x86_64                               43/51 
  Installing : less-458-9.el7.x86_64                                      44/51 
  Installing : sudo-1.8.19p2-13.el7.x86_64                                45/51 
  Updating   : ca-certificates-2018.2.22-70.0.el7_5.noarch                46/51 
  Updating   : procps-ng-3.3.10-17.el7_5.2.x86_64                         47/51 
  Installing : rsync-3.1.2-4.el7.x86_64                                   48/51 
  Installing : psmisc-22.20-15.el7.x86_64                                 49/51 
  Cleanup    : ca-certificates-2017.2.14-71.el7.noarch                    50/51 
  Cleanup    : procps-ng-3.3.10-16.el7.x86_64                             51/51 
  Verifying  : fipscheck-lib-1.4.1-6.el7.x86_64                            1/51 
  Verifying  : perl-HTTP-Tiny-0.033-3.el7.noarch                           2/51 
  Verifying  : libmnl-1.0.3-7.el7.x86_64                                   3/51 
  Verifying  : perl-threads-shared-1.43-6.el7.x86_64                       4/51 
  Verifying  : 4:perl-Time-HiRes-1.9725-3.el7.x86_64                       5/51 
  Verifying  : perl-Pod-Perldoc-3.20-4.el7.noarch                          6/51 
  Verifying  : perl-Exporter-5.68-3.el7.noarch                             7/51 
  Verifying  : tcp_wrappers-libs-7.6-77.el7.x86_64                         8/51 
  Verifying  : perl-PathTools-3.40-5.el7.x86_64                            9/51 
  Verifying  : libnetfilter_conntrack-1.0.6-1.el7_3.x86_64                10/51 
  Verifying  : 4:perl-macros-5.16.3-292.el7.x86_64                        11/51 
  Verifying  : openssh-server-7.4p1-16.el7.x86_64                         12/51 
  Verifying  : iproute-4.11.0-14.el7.x86_64                               13/51 
  Verifying  : 1:perl-parent-0.225-244.el7.noarch                         14/51 
  Verifying  : 4:perl-5.16.3-292.el7.x86_64                               15/51 
  Verifying  : which-2.20-7.el7.x86_64                                    16/51 
  Verifying  : groff-base-1.22.2-8.el7.x86_64                             17/51 
  Verifying  : perl-File-Temp-0.23.01-3.el7.noarch                        18/51 
  Verifying  : 1:perl-Pod-Simple-3.28-4.el7.noarch                        19/51 
  Verifying  : perl-Time-Local-1.2300-2.el7.noarch                        20/51 
  Verifying  : gpm-libs-1.20.7-5.el7.x86_64                               21/51 
  Verifying  : 4:perl-libs-5.16.3-292.el7.x86_64                          22/51 
  Verifying  : psmisc-22.20-15.el7.x86_64                                 23/51 
  Verifying  : perl-Socket-2.010-4.el7.x86_64                             24/51 
  Verifying  : perl-Carp-1.26-244.el7.noarch                              25/51 
  Verifying  : fipscheck-1.4.1-6.el7.x86_64                               26/51 
  Verifying  : 2:vim-enhanced-7.4.160-4.el7.x86_64                        27/51 
  Verifying  : perl-Storable-2.45-3.el7.x86_64                            28/51 
  Verifying  : iptables-1.4.21-24.1.el7_5.x86_64                          29/51 
  Verifying  : perl-Scalar-List-Utils-1.27-248.el7.x86_64                 30/51 
  Verifying  : 1:perl-Pod-Escapes-1.04-292.el7.noarch                     31/51 
  Verifying  : rsync-3.1.2-4.el7.x86_64                                   32/51 
  Verifying  : 2:vim-filesystem-7.4.160-4.el7.x86_64                      33/51 
  Verifying  : perl-Pod-Usage-1.63-3.el7.noarch                           34/51 
  Verifying  : procps-ng-3.3.10-17.el7_5.2.x86_64                         35/51 
  Verifying  : perl-Encode-2.51-7.el7.x86_64                              36/51 
  Verifying  : libnfnetlink-1.0.1-4.el7.x86_64                            37/51 
  Verifying  : ca-certificates-2018.2.22-70.0.el7_5.noarch                38/51 
  Verifying  : perl-podlators-2.5.1-3.el7.noarch                          39/51 
  Verifying  : openssh-7.4p1-16.el7.x86_64                                40/51 
  Verifying  : perl-constant-1.27-2.el7.noarch                            41/51 
  Verifying  : perl-File-Path-2.09-2.el7.noarch                           42/51 
  Verifying  : sudo-1.8.19p2-13.el7.x86_64                                43/51 
  Verifying  : perl-threads-1.87-4.el7.x86_64                             44/51 
  Verifying  : perl-Filter-1.49-3.el7.x86_64                              45/51 
  Verifying  : perl-Getopt-Long-2.40-3.el7.noarch                         46/51 
  Verifying  : perl-Text-ParseWords-3.29-4.el7.noarch                     47/51 
  Verifying  : 2:vim-common-7.4.160-4.el7.x86_64                          48/51 
  Verifying  : less-458-9.el7.x86_64                                      49/51 
  Verifying  : ca-certificates-2017.2.14-71.el7.noarch                    50/51 
  Verifying  : procps-ng-3.3.10-16.el7.x86_64                             51/51 

Installed:
  iproute.x86_64 0:4.11.0-14.el7      iptables.x86_64 0:1.4.21-24.1.el7_5      
  less.x86_64 0:458-9.el7             openssh-server.x86_64 0:7.4p1-16.el7     
  psmisc.x86_64 0:22.20-15.el7        rsync.x86_64 0:3.1.2-4.el7               
  sudo.x86_64 0:1.8.19p2-13.el7       vim-enhanced.x86_64 2:7.4.160-4.el7      

Dependency Installed:
  fipscheck.x86_64 0:1.4.1-6.el7                                                
  fipscheck-lib.x86_64 0:1.4.1-6.el7                                            
  gpm-libs.x86_64 0:1.20.7-5.el7                                                
  groff-base.x86_64 0:1.22.2-8.el7                                              
  libmnl.x86_64 0:1.0.3-7.el7                                                   
  libnetfilter_conntrack.x86_64 0:1.0.6-1.el7_3                                 
  libnfnetlink.x86_64 0:1.0.1-4.el7                                             
  openssh.x86_64 0:7.4p1-16.el7                                                 
  perl.x86_64 4:5.16.3-292.el7                                                  
  perl-Carp.noarch 0:1.26-244.el7                                               
  perl-Encode.x86_64 0:2.51-7.el7                                               
  perl-Exporter.noarch 0:5.68-3.el7                                             
  perl-File-Path.noarch 0:2.09-2.el7                                            
  perl-File-Temp.noarch 0:0.23.01-3.el7                                         
  perl-Filter.x86_64 0:1.49-3.el7                                               
  perl-Getopt-Long.noarch 0:2.40-3.el7                                          
  perl-HTTP-Tiny.noarch 0:0.033-3.el7                                           
  perl-PathTools.x86_64 0:3.40-5.el7                                            
  perl-Pod-Escapes.noarch 1:1.04-292.el7                                        
  perl-Pod-Perldoc.noarch 0:3.20-4.el7                                          
  perl-Pod-Simple.noarch 1:3.28-4.el7                                           
  perl-Pod-Usage.noarch 0:1.63-3.el7                                            
  perl-Scalar-List-Utils.x86_64 0:1.27-248.el7                                  
  perl-Socket.x86_64 0:2.010-4.el7                                              
  perl-Storable.x86_64 0:2.45-3.el7                                             
  perl-Text-ParseWords.noarch 0:3.29-4.el7                                      
  perl-Time-HiRes.x86_64 4:1.9725-3.el7                                         
  perl-Time-Local.noarch 0:1.2300-2.el7                                         
  perl-constant.noarch 0:1.27-2.el7                                             
  perl-libs.x86_64 4:5.16.3-292.el7                                             
  perl-macros.x86_64 4:5.16.3-292.el7                                           
  perl-parent.noarch 1:0.225-244.el7                                            
  perl-podlators.noarch 0:2.5.1-3.el7                                           
  perl-threads.x86_64 0:1.87-4.el7                                              
  perl-threads-shared.x86_64 0:1.43-6.el7                                       
  tcp_wrappers-libs.x86_64 0:7.6-77.el7                                         
  vim-common.x86_64 2:7.4.160-4.el7                                             
  vim-filesystem.x86_64 2:7.4.160-4.el7                                         
  which.x86_64 0:2.20-7.el7                                                     

Updated:
  ca-certificates.noarch 0:2018.2.22-70.0.el7_5                                 
  procps-ng.x86_64 0:3.3.10-17.el7_5.2                                          

Complete!
Loaded plugins: fastestmirror, ovl
Cleaning repos: base extras updates
Cleaning up everything
Maybe you want: rm -rf /var/cache/yum, to also free up space taken by orphaned data from disabled or removed repos
Cleaning up list of fastest mirrors
Removing intermediate container a1db15494273
 ---> 73ad05575636
Step 3/5 : RUN localedef -c -f UTF-8 -i en_US en_US.UTF-8     && groupadd --gid 1100 rancher     && groupadd --gid 1101 docker     && useradd -u 1100 -g rancher -G docker,wheel -m -s /bin/bash rancher     && useradd -u 1101 -g docker -G docker,wheel -m -s /bin/bash docker     && echo ClientAliveInterval 180 >> /etc/ssh/sshd_config     && echo '## allow password less for rancher user' >> /etc/sudoers     && echo 'rancher ALL=(ALL) NOPASSWD: ALL' >> /etc/sudoers     && echo '## allow password less for docker user' >> /etc/sudoers     && echo 'docker ALL=(ALL) NOPASSWD: ALL' >> /etc/sudoers
 ---> Running in 1e5a16487b10
Removing intermediate container 1e5a16487b10
 ---> ca17c0b4f8d2
Step 4/5 : COPY prompt.sh /etc/profile.d/
 ---> 6ad66c954c4e
Step 5/5 : ENTRYPOINT ["/usr/bin/ros", "entrypoint"]
 ---> Running in bfc00abc5c17
Removing intermediate container bfc00abc5c17
 ---> 17acb316b942
Successfully built 17acb316b942
Successfully tagged rancher/os-centosconsole:latest
Building daindragon2/os-debianconsole:6dae87a-dirty from images/10-debianconsole
[37mDEBU[0m[0000] Running /usr/bin/docker [pull debian:stretch] 
stretch: Pulling from library/debian
[0B
[0A[2Kcc1a78bfd46b: Pulling fs layer [0B[1A[2Kcc1a78bfd46b: Downloading 457.4 kB/45.32 MB[1B[1A[2Kcc1a78bfd46b: Downloading 916.2 kB/45.32 MB[1B[1A[2Kcc1a78bfd46b: Downloading 1.375 MB/45.32 MB[1B[1A[2Kcc1a78bfd46b: Downloading 1.834 MB/45.32 MB[1B[1A[2Kcc1a78bfd46b: Downloading 2.292 MB/45.32 MB[1B[1A[2Kcc1a78bfd46b: Downloading 2.751 MB/45.32 MB[1B[1A[2Kcc1a78bfd46b: Downloading  3.21 MB/45.32 MB[1B[1A[2Kcc1a78bfd46b: Downloading 3.669 MB/45.32 MB[1B[1A[2Kcc1a78bfd46b: Downloading 4.127 MB/45.32 MB[1B[1A[2Kcc1a78bfd46b: Downloading 4.586 MB/45.32 MB[1B[1A[2Kcc1a78bfd46b: Downloading 5.041 MB/45.32 MB[1B[1A[2Kcc1a78bfd46b: Downloading 5.504 MB/45.32 MB[1B[1A[2Kcc1a78bfd46b: Downloading 5.962 MB/45.32 MB[1B[1A[2Kcc1a78bfd46b: Downloading 6.417 MB/45.32 MB[1B[1A[2Kcc1a78bfd46b: Downloading 6.872 MB/45.32 MB[1B[1A[2Kcc1a78bfd46b: Downloading 7.326 MB/45.32 MB[1B[1A[2Kcc1a78bfd46b: Downloading 7.793 MB/45.32 MB[1B[1A[2Kcc1a78bfd46b: Downloading 8.252 MB/45.32 MB[1B[1A[2Kcc1a78bfd46b: Downloading 8.711 MB/45.32 MB[1B[1A[2Kcc1a78bfd46b: Downloading  9.17 MB/45.32 MB[1B[1A[2Kcc1a78bfd46b: Downloading 9.632 MB/45.32 MB[1B[1A[2Kcc1a78bfd46b: Downloading 10.09 MB/45.32 MB[1B[1A[2Kcc1a78bfd46b: Downloading 10.55 MB/45.32 MB[1B[1A[2Kcc1a78bfd46b: Downloading    11 MB/45.32 MB[1B[1A[2Kcc1a78bfd46b: Downloading 11.46 MB/45.32 MB[1B[1A[2Kcc1a78bfd46b: Downloading 11.92 MB/45.32 MB[1B[1A[2Kcc1a78bfd46b: Downloading 12.38 MB/45.32 MB[1B[1A[2Kcc1a78bfd46b: Downloading 12.84 MB/45.32 MB[1B[1A[2Kcc1a78bfd46b: Downloading 13.29 MB/45.32 MB[1B[1A[2Kcc1a78bfd46b: Downloading 13.75 MB/45.32 MB[1B[1A[2Kcc1a78bfd46b: Downloading  14.2 MB/45.32 MB[1B[1A[2Kcc1a78bfd46b: Downloading 14.66 MB/45.32 MB[1B[1A[2Kcc1a78bfd46b: Downloading 15.12 MB/45.32 MB[1B[1A[2Kcc1a78bfd46b: Downloading 15.58 MB/45.32 MB[1B[1A[2Kcc1a78bfd46b: Downloading 16.04 MB/45.32 MB[1B[1A[2Kcc1a78bfd46b: Downloading  16.5 MB/45.32 MB[1B[1A[2Kcc1a78bfd46b: Downloading 16.95 MB/45.32 MB[1B[1A[2Kcc1a78bfd46b: Downloading 17.41 MB/45.32 MB[1B[1A[2Kcc1a78bfd46b: Downloading 17.87 MB/45.32 MB[1B[1A[2Kcc1a78bfd46b: Downloading 18.33 MB/45.32 MB[1B[1A[2Kcc1a78bfd46b: Downloading 18.78 MB/45.32 MB[1B[1A[2Kcc1a78bfd46b: Downloading 19.25 MB/45.32 MB[1B[1A[2Kcc1a78bfd46b: Downloading  19.7 MB/45.32 MB[1B[1A[2Kcc1a78bfd46b: Downloading 20.17 MB/45.32 MB[1B[1A[2Kcc1a78bfd46b: Downloading 20.62 MB/45.32 MB[1B[1A[2Kcc1a78bfd46b: Downloading 21.08 MB/45.32 MB[1B[1A[2Kcc1a78bfd46b: Downloading 21.54 MB/45.32 MB[1B[1A[2Kcc1a78bfd46b: Downloading    22 MB/45.32 MB[1B[1A[2Kcc1a78bfd46b: Downloading 22.46 MB/45.32 MB[1B[1A[2Kcc1a78bfd46b: Downloading 22.92 MB/45.32 MB[1B[1A[2Kcc1a78bfd46b: Downloading 23.38 MB/45.32 MB[1B[1A[2Kcc1a78bfd46b: Downloading 23.84 MB/45.32 MB[1B[1A[2Kcc1a78bfd46b: Downloading 24.29 MB/45.32 MB[1B[1A[2Kcc1a78bfd46b: Downloading 24.75 MB/45.32 MB[1B[1A[2Kcc1a78bfd46b: Downloading 25.21 MB/45.32 MB[1B[1A[2Kcc1a78bfd46b: Downloading 25.67 MB/45.32 MB[1B[1A[2Kcc1a78bfd46b: Downloading 26.13 MB/45.32 MB[1B[1A[2Kcc1a78bfd46b: Downloading 26.59 MB/45.32 MB[1B[1A[2Kcc1a78bfd46b: Downloading 27.05 MB/45.32 MB[1B[1A[2Kcc1a78bfd46b: Downloading  27.5 MB/45.32 MB[1B[1A[2Kcc1a78bfd46b: Downloading 27.97 MB/45.32 MB[1B[1A[2Kcc1a78bfd46b: Downloading 28.43 MB/45.32 MB[1B[1A[2Kcc1a78bfd46b: Downloading  28.9 MB/45.32 MB[1B[1A[2Kcc1a78bfd46b: Downloading 29.36 MB/45.32 MB[1B[1A[2Kcc1a78bfd46b: Downloading 29.82 MB/45.32 MB[1B[1A[2Kcc1a78bfd46b: Downloading 30.28 MB/45.32 MB[1B[1A[2Kcc1a78bfd46b: Downloading 30.74 MB/45.32 MB[1B[1A[2Kcc1a78bfd46b: Downloading  31.2 MB/45.32 MB[1B[1A[2Kcc1a78bfd46b: Downloading 31.66 MB/45.32 MB[1B[1A[2Kcc1a78bfd46b: Downloading 32.13 MB/45.32 MB[1B[1A[2Kcc1a78bfd46b: Downloading 32.59 MB/45.32 MB[1B[1A[2Kcc1a78bfd46b: Downloading 33.05 MB/45.32 MB[1B[1A[2Kcc1a78bfd46b: Downloading  33.5 MB/45.32 MB[1B[1A[2Kcc1a78bfd46b: Downloading 33.96 MB/45.32 MB[1B[1A[2Kcc1a78bfd46b: Downloading 34.42 MB/45.32 MB[1B[1A[2Kcc1a78bfd46b: Downloading 34.88 MB/45.32 MB[1B[1A[2Kcc1a78bfd46b: Downloading 35.34 MB/45.32 MB[1B[1A[2Kcc1a78bfd46b: Downloading 35.79 MB/45.32 MB[1B[1A[2Kcc1a78bfd46b: Downloading 36.25 MB/45.32 MB[1B[1A[2Kcc1a78bfd46b: Downloading 36.72 MB/45.32 MB[1B[1A[2Kcc1a78bfd46b: Downloading 37.17 MB/45.32 MB[1B[1A[2Kcc1a78bfd46b: Downloading 37.63 MB/45.32 MB[1B[1A[2Kcc1a78bfd46b: Downloading 38.09 MB/45.32 MB[1B[1A[2Kcc1a78bfd46b: Downloading 38.55 MB/45.32 MB[1B[1A[2Kcc1a78bfd46b: Downloading 39.02 MB/45.32 MB[1B[1A[2Kcc1a78bfd46b: Downloading 39.49 MB/45.32 MB[1B[1A[2Kcc1a78bfd46b: Downloading 39.95 MB/45.32 MB[1B[1A[2Kcc1a78bfd46b: Downloading 40.41 MB/45.32 MB[1B[1A[2Kcc1a78bfd46b: Downloading 40.86 MB/45.32 MB[1B[1A[2Kcc1a78bfd46b: Downloading 41.32 MB/45.32 MB[1B[1A[2Kcc1a78bfd46b: Downloading 41.78 MB/45.32 MB[1B[1A[2Kcc1a78bfd46b: Downloading 42.24 MB/45.32 MB[1B[1A[2Kcc1a78bfd46b: Downloading  42.7 MB/45.32 MB[1B[1A[2Kcc1a78bfd46b: Downloading 43.15 MB/45.32 MB[1B[1A[2Kcc1a78bfd46b: Downloading 43.62 MB/45.32 MB[1B[1A[2Kcc1a78bfd46b: Downloading 44.08 MB/45.32 MB[1B[1A[2Kcc1a78bfd46b: Downloading 44.54 MB/45.32 MB[1B[1A[2Kcc1a78bfd46b: Downloading    45 MB/45.32 MB[1B[1A[2Kcc1a78bfd46b: Verifying Checksum [1B[1A[2Kcc1a78bfd46b: Download complete [1B[1A[2Kcc1a78bfd46b: Extracting 458.8 kB/45.32 MB[1B[1A[2Kcc1a78bfd46b: Extracting 4.129 MB/45.32 MB[1B[1A[2Kcc1a78bfd46b: Extracting 9.175 MB/45.32 MB[1B[1A[2Kcc1a78bfd46b: Extracting  13.3 MB/45.32 MB[1B[1A[2Kcc1a78bfd46b: Extracting 16.97 MB/45.32 MB[1B[1A[2Kcc1a78bfd46b: Extracting  21.1 MB/45.32 MB[1B[1A[2Kcc1a78bfd46b: Extracting 22.48 MB/45.32 MB[1B[1A[2Kcc1a78bfd46b: Extracting 29.36 MB/45.32 MB[1B[1A[2Kcc1a78bfd46b: Extracting 32.11 MB/45.32 MB[1B[1A[2Kcc1a78bfd46b: Extracting 35.78 MB/45.32 MB[1B[1A[2Kcc1a78bfd46b: Extracting 38.99 MB/45.32 MB[1B[1A[2Kcc1a78bfd46b: Extracting 42.21 MB/45.32 MB[1B[1A[2Kcc1a78bfd46b: Extracting  44.5 MB/45.32 MB[1B[1A[2Kcc1a78bfd46b: Extracting 45.32 MB/45.32 MB[1B[1A[2Kcc1a78bfd46b: Pull complete [1BDigest: sha256:de3eac83cd481c04c5d6c7344cd7327625a1d8b2540e82a8231b5675cef0ae5f
Status: Downloaded newer image for debian:stretch
[37mDEBU[0m[0044] Running /usr/bin/docker [tag debian:stretch rancher/os-debianconsole-base] 
[37mDEBU[0m[0044] Running /usr/bin/docker [build -f images/10-debianconsole/Dockerfile -t rancher/os-debianconsole images/10-debianconsole] 
Sending build context to Docker daemon 6.144 kB
Step 1/4 : FROM rancher/os-debianconsole-base
 ---> 8626492fecd3
Step 2/4 : RUN apt-get update     && apt-get install -y --no-install-recommends iptables openssh-server rsync locales                            sudo vim less curl ca-certificates psmisc htop kmod iproute2                            net-tools     && rm -rf /var/lib/apt/lists/*     && rm -rf /etc/ssh/*key*
 ---> Running in 0657f41d3f36
Get:1 http://security.debian.org/debian-security stretch/updates InRelease [94.3 kB]
Ign:2 http://cdn-fastly.deb.debian.org/debian stretch InRelease
Get:3 http://cdn-fastly.deb.debian.org/debian stretch-updates InRelease [91.0 kB]
Get:5 http://security.debian.org/debian-security stretch/updates/main amd64 Packages [447 kB]
Get:4 http://cdn-fastly.deb.debian.org/debian stretch Release [118 kB]
Get:6 http://cdn-fastly.deb.debian.org/debian stretch-updates/main amd64 Packages [12.1 kB]
Get:7 http://cdn-fastly.deb.debian.org/debian stretch Release.gpg [2434 B]
Get:8 http://cdn-fastly.deb.debian.org/debian stretch/main amd64 Packages [9530 kB]
Fetched 10.3 MB in 10s (1012 kB/s)
Reading package lists...
Reading package lists...
Building dependency tree...
Reading state information...
iproute2 is already the newest version (4.9.0-1+deb9u1).
The following additional packages will be installed:
  libbsd0 libc-l10n libcurl3 libedit2 libffi6 libgmp10 libgnutls30 libgpm2
  libgssapi-krb5-2 libhogweed4 libidn2-0 libip4tc0 libip6tc0 libiptc0
  libk5crypto3 libkeyutils1 libkmod2 libkrb5-3 libkrb5support0 libldap-2.4-2
  libldap-common libncurses5 libnetfilter-conntrack3 libnfnetlink0
  libnghttp2-14 libp11-kit0 libpopt0 libprocps6 libpsl5 librtmp1 libsasl2-2
  libsasl2-modules-db libssh2-1 libssl1.0.2 libssl1.1 libtasn1-6 libunistring0
  libwrap0 libxtables12 openssh-client openssh-sftp-server openssl procps ucf
  vim-common vim-runtime xxd
Suggested packages:
  lsof strace gnutls-bin gpm krb5-doc krb5-user keychain libpam-ssh
  monkeysphere ssh-askpass molly-guard rssh ufw ctags vim-doc vim-scripts
Recommended packages:
  krb5-locales publicsuffix libsasl2-modules tcpd xauth libpam-systemd
  ncurses-term
The following NEW packages will be installed:
  ca-certificates curl htop iptables kmod less libbsd0 libc-l10n libcurl3
  libedit2 libffi6 libgmp10 libgnutls30 libgpm2 libgssapi-krb5-2 libhogweed4
  libidn2-0 libip4tc0 libip6tc0 libiptc0 libk5crypto3 libkeyutils1 libkmod2
  libkrb5-3 libkrb5support0 libldap-2.4-2 libldap-common libncurses5
  libnetfilter-conntrack3 libnfnetlink0 libnghttp2-14 libp11-kit0 libpopt0
  libprocps6 libpsl5 librtmp1 libsasl2-2 libsasl2-modules-db libssh2-1
  libssl1.0.2 libssl1.1 libtasn1-6 libunistring0 libwrap0 libxtables12 locales
  net-tools openssh-client openssh-server openssh-sftp-server openssl procps
  psmisc rsync sudo ucf vim vim-common vim-runtime xxd
0 upgraded, 60 newly installed, 0 to remove and 2 not upgraded.
Need to get 22.9 MB of archives.
After this operation, 79.6 MB of additional disk space will be used.
Get:1 http://security.debian.org/debian-security stretch/updates/main amd64 libprocps6 amd64 2:3.3.12-3+deb9u1 [58.5 kB]
Get:2 http://cdn-fastly.deb.debian.org/debian stretch/main amd64 libnfnetlink0 amd64 1.0.1-3 [13.5 kB]
Get:13 http://security.debian.org/debian-security stretch/updates/main amd64 libssl1.0.2 amd64 1.0.2l-2+deb9u3 [1294 kB]
Get:3 http://cdn-fastly.deb.debian.org/debian stretch/main amd64 libip4tc0 amd64 1.6.0+snapshot20161117-6 [67.8 kB]
Get:4 http://cdn-fastly.deb.debian.org/debian stretch/main amd64 libip6tc0 amd64 1.6.0+snapshot20161117-6 [68.1 kB]
Get:5 http://cdn-fastly.deb.debian.org/debian stretch/main amd64 libiptc0 amd64 1.6.0+snapshot20161117-6 [57.5 kB]
Get:6 http://cdn-fastly.deb.debian.org/debian stretch/main amd64 libxtables12 amd64 1.6.0+snapshot20161117-6 [75.9 kB]
Get:7 http://cdn-fastly.deb.debian.org/debian stretch/main amd64 libnetfilter-conntrack3 amd64 1.0.6-2 [38.7 kB]
Get:8 http://cdn-fastly.deb.debian.org/debian stretch/main amd64 iptables amd64 1.6.0+snapshot20161117-6 [288 kB]
Get:56 http://security.debian.org/debian-security stretch/updates/main amd64 libssl1.1 amd64 1.1.0f-3+deb9u2 [1344 kB]
Get:9 http://cdn-fastly.deb.debian.org/debian stretch/main amd64 libkmod2 amd64 23-2 [48.1 kB]
Get:10 http://cdn-fastly.deb.debian.org/debian stretch/main amd64 kmod amd64 23-2 [85.7 kB]
Get:11 http://cdn-fastly.deb.debian.org/debian stretch/main amd64 libpopt0 amd64 1.16-10+b2 [49.4 kB]
Get:12 http://cdn-fastly.deb.debian.org/debian stretch/main amd64 libncurses5 amd64 6.0+20161126-1+deb9u2 [93.4 kB]
Get:14 http://cdn-fastly.deb.debian.org/debian stretch/main amd64 xxd amd64 2:8.0.0197-4+deb9u1 [132 kB]
Get:57 http://security.debian.org/debian-security stretch/updates/main amd64 procps amd64 2:3.3.12-3+deb9u1 [250 kB]
Get:58 http://security.debian.org/debian-security stretch/updates/main amd64 openssl amd64 1.1.0f-3+deb9u2 [725 kB]
Get:15 http://cdn-fastly.deb.debian.org/debian stretch/main amd64 vim-common all 2:8.0.0197-4+deb9u1 [159 kB]
Get:59 http://security.debian.org/debian-security stretch/updates/main amd64 libcurl3 amd64 7.52.1-5+deb9u6 [291 kB]
Get:16 http://cdn-fastly.deb.debian.org/debian stretch/main amd64 less amd64 481-2.1 [126 kB]
Get:60 http://security.debian.org/debian-security stretch/updates/main amd64 curl amd64 7.52.1-5+deb9u6 [228 kB]
Get:17 http://cdn-fastly.deb.debian.org/debian stretch/main amd64 libc-l10n all 2.24-11+deb9u3 [820 kB]
Get:18 http://cdn-fastly.deb.debian.org/debian stretch/main amd64 libbsd0 amd64 0.8.3-1 [83.0 kB]
Get:19 http://cdn-fastly.deb.debian.org/debian stretch/main amd64 libedit2 amd64 3.1-20160903-3 [84.8 kB]
Get:20 http://cdn-fastly.deb.debian.org/debian stretch/main amd64 libgmp10 amd64 2:6.1.2+dfsg-1 [253 kB]
Get:21 http://cdn-fastly.deb.debian.org/debian stretch/main amd64 libhogweed4 amd64 3.3-1+b2 [136 kB]
Get:22 http://cdn-fastly.deb.debian.org/debian stretch/main amd64 libffi6 amd64 3.2.1-6 [20.4 kB]
Get:23 http://cdn-fastly.deb.debian.org/debian stretch/main amd64 libp11-kit0 amd64 0.23.3-2 [111 kB]
Get:24 http://cdn-fastly.deb.debian.org/debian stretch/main amd64 libtasn1-6 amd64 4.10-1.1+deb9u1 [50.6 kB]
Get:25 http://cdn-fastly.deb.debian.org/debian stretch/main amd64 libgnutls30 amd64 3.5.8-5+deb9u3 [895 kB]
Get:26 http://cdn-fastly.deb.debian.org/debian stretch/main amd64 libgpm2 amd64 1.20.4-6.2+b1 [34.2 kB]
Get:27 http://cdn-fastly.deb.debian.org/debian stretch/main amd64 libkeyutils1 amd64 1.5.9-9 [12.4 kB]
Get:28 http://cdn-fastly.deb.debian.org/debian stretch/main amd64 libkrb5support0 amd64 1.15-1+deb9u1 [61.9 kB]
Get:29 http://cdn-fastly.deb.debian.org/debian stretch/main amd64 libk5crypto3 amd64 1.15-1+deb9u1 [119 kB]
Get:30 http://cdn-fastly.deb.debian.org/debian stretch/main amd64 libkrb5-3 amd64 1.15-1+deb9u1 [311 kB]
Get:31 http://cdn-fastly.deb.debian.org/debian stretch/main amd64 libgssapi-krb5-2 amd64 1.15-1+deb9u1 [155 kB]
Get:32 http://cdn-fastly.deb.debian.org/debian stretch/main amd64 libsasl2-modules-db amd64 2.1.27~101-g0780600+dfsg-3 [68.2 kB]
Get:33 http://cdn-fastly.deb.debian.org/debian stretch/main amd64 libsasl2-2 amd64 2.1.27~101-g0780600+dfsg-3 [105 kB]
Get:34 http://cdn-fastly.deb.debian.org/debian stretch/main amd64 libldap-common all 2.4.44+dfsg-5+deb9u1 [85.4 kB]
Get:35 http://cdn-fastly.deb.debian.org/debian stretch/main amd64 libldap-2.4-2 amd64 2.4.44+dfsg-5+deb9u1 [219 kB]
Get:36 http://cdn-fastly.deb.debian.org/debian stretch/main amd64 libwrap0 amd64 7.6.q-26 [58.2 kB]
Get:37 http://cdn-fastly.deb.debian.org/debian stretch/main amd64 locales all 2.24-11+deb9u3 [3287 kB]
Get:38 http://cdn-fastly.deb.debian.org/debian stretch/main amd64 openssh-client amd64 1:7.4p1-10+deb9u3 [779 kB]
Get:39 http://cdn-fastly.deb.debian.org/debian stretch/main amd64 ucf all 3.0036 [70.2 kB]
Get:40 http://cdn-fastly.deb.debian.org/debian stretch/main amd64 ca-certificates all 20161130+nmu1 [196 kB]
Get:41 http://cdn-fastly.deb.debian.org/debian stretch/main amd64 libunistring0 amd64 0.9.6+really0.9.3-0.1 [279 kB]
Get:42 http://cdn-fastly.deb.debian.org/debian stretch/main amd64 libidn2-0 amd64 0.16-1+deb9u1 [60.7 kB]
Get:43 http://cdn-fastly.deb.debian.org/debian stretch/main amd64 libnghttp2-14 amd64 1.18.1-1 [79.1 kB]
Get:44 http://cdn-fastly.deb.debian.org/debian stretch/main amd64 libpsl5 amd64 0.17.0-3 [41.8 kB]
Get:45 http://cdn-fastly.deb.debian.org/debian stretch/main amd64 librtmp1 amd64 2.4+20151223.gitfa8646d.1-1+b1 [60.4 kB]
Get:46 http://cdn-fastly.deb.debian.org/debian stretch/main amd64 libssh2-1 amd64 1.7.0-1 [138 kB]
Get:47 http://cdn-fastly.deb.debian.org/debian stretch/main amd64 htop amd64 2.0.2-1 [88.2 kB]
Get:48 http://cdn-fastly.deb.debian.org/debian stretch/main amd64 net-tools amd64 1.60+git20161116.90da8a0-1 [248 kB]
Get:49 http://cdn-fastly.deb.debian.org/debian stretch/main amd64 openssh-sftp-server amd64 1:7.4p1-10+deb9u3 [39.5 kB]
Get:50 http://cdn-fastly.deb.debian.org/debian stretch/main amd64 openssh-server amd64 1:7.4p1-10+deb9u3 [332 kB]
Get:51 http://cdn-fastly.deb.debian.org/debian stretch/main amd64 psmisc amd64 22.21-2.1+b2 [123 kB]
Get:52 http://cdn-fastly.deb.debian.org/debian stretch/main amd64 rsync amd64 3.1.2-1+deb9u1 [393 kB]
Get:53 http://cdn-fastly.deb.debian.org/debian stretch/main amd64 sudo amd64 1.8.19p1-2.1 [1055 kB]
Get:54 http://cdn-fastly.deb.debian.org/debian stretch/main amd64 vim-runtime all 2:8.0.0197-4+deb9u1 [5407 kB]
Get:55 http://cdn-fastly.deb.debian.org/debian stretch/main amd64 vim amd64 2:8.0.0197-4+deb9u1 [1034 kB]
[91mdebconf: delaying package configuration, since apt-utils is not installed
[0mFetched 22.9 MB in 18s (1229 kB/s)
Selecting previously unselected package libnfnetlink0:amd64.
(Reading database ... (Reading database ... 5%(Reading database ... 10%(Reading database ... 15%(Reading database ... 20%(Reading database ... 25%(Reading database ... 30%(Reading database ... 35%(Reading database ... 40%(Reading database ... 45%(Reading database ... 50%(Reading database ... 55%(Reading database ... 60%(Reading database ... 65%(Reading database ... 70%(Reading database ... 75%(Reading database ... 80%(Reading database ... 85%(Reading database ... 90%(Reading database ... 95%(Reading database ... 100%(Reading database ... 6498 files and directories currently installed.)
Preparing to unpack .../00-libnfnetlink0_1.0.1-3_amd64.deb ...
Unpacking libnfnetlink0:amd64 (1.0.1-3) ...
Selecting previously unselected package libip4tc0:amd64.
Preparing to unpack .../01-libip4tc0_1.6.0+snapshot20161117-6_amd64.deb ...
Unpacking libip4tc0:amd64 (1.6.0+snapshot20161117-6) ...
Selecting previously unselected package libip6tc0:amd64.
Preparing to unpack .../02-libip6tc0_1.6.0+snapshot20161117-6_amd64.deb ...
Unpacking libip6tc0:amd64 (1.6.0+snapshot20161117-6) ...
Selecting previously unselected package libiptc0:amd64.
Preparing to unpack .../03-libiptc0_1.6.0+snapshot20161117-6_amd64.deb ...
Unpacking libiptc0:amd64 (1.6.0+snapshot20161117-6) ...
Selecting previously unselected package libxtables12:amd64.
Preparing to unpack .../04-libxtables12_1.6.0+snapshot20161117-6_amd64.deb ...
Unpacking libxtables12:amd64 (1.6.0+snapshot20161117-6) ...
Selecting previously unselected package libnetfilter-conntrack3:amd64.
Preparing to unpack .../05-libnetfilter-conntrack3_1.0.6-2_amd64.deb ...
Unpacking libnetfilter-conntrack3:amd64 (1.0.6-2) ...
Selecting previously unselected package iptables.
Preparing to unpack .../06-iptables_1.6.0+snapshot20161117-6_amd64.deb ...
Unpacking iptables (1.6.0+snapshot20161117-6) ...
Selecting previously unselected package libkmod2:amd64.
Preparing to unpack .../07-libkmod2_23-2_amd64.deb ...
Unpacking libkmod2:amd64 (23-2) ...
Selecting previously unselected package kmod.
Preparing to unpack .../08-kmod_23-2_amd64.deb ...
Unpacking kmod (23-2) ...
Selecting previously unselected package libpopt0:amd64.
Preparing to unpack .../09-libpopt0_1.16-10+b2_amd64.deb ...
Unpacking libpopt0:amd64 (1.16-10+b2) ...
Selecting previously unselected package libprocps6:amd64.
Preparing to unpack .../10-libprocps6_2%3a3.3.12-3+deb9u1_amd64.deb ...
Unpacking libprocps6:amd64 (2:3.3.12-3+deb9u1) ...
Selecting previously unselected package libssl1.0.2:amd64.
Preparing to unpack .../11-libssl1.0.2_1.0.2l-2+deb9u3_amd64.deb ...
Unpacking libssl1.0.2:amd64 (1.0.2l-2+deb9u3) ...
Selecting previously unselected package libssl1.1:amd64.
Preparing to unpack .../12-libssl1.1_1.1.0f-3+deb9u2_amd64.deb ...
Unpacking libssl1.1:amd64 (1.1.0f-3+deb9u2) ...
Selecting previously unselected package libncurses5:amd64.
Preparing to unpack .../13-libncurses5_6.0+20161126-1+deb9u2_amd64.deb ...
Unpacking libncurses5:amd64 (6.0+20161126-1+deb9u2) ...
Selecting previously unselected package procps.
Preparing to unpack .../14-procps_2%3a3.3.12-3+deb9u1_amd64.deb ...
Unpacking procps (2:3.3.12-3+deb9u1) ...
Selecting previously unselected package xxd.
Preparing to unpack .../15-xxd_2%3a8.0.0197-4+deb9u1_amd64.deb ...
Unpacking xxd (2:8.0.0197-4+deb9u1) ...
Selecting previously unselected package vim-common.
Preparing to unpack .../16-vim-common_2%3a8.0.0197-4+deb9u1_all.deb ...
Unpacking vim-common (2:8.0.0197-4+deb9u1) ...
Selecting previously unselected package less.
Preparing to unpack .../17-less_481-2.1_amd64.deb ...
Unpacking less (481-2.1) ...
Selecting previously unselected package libc-l10n.
Preparing to unpack .../18-libc-l10n_2.24-11+deb9u3_all.deb ...
Unpacking libc-l10n (2.24-11+deb9u3) ...
Selecting previously unselected package libbsd0:amd64.
Preparing to unpack .../19-libbsd0_0.8.3-1_amd64.deb ...
Unpacking libbsd0:amd64 (0.8.3-1) ...
Selecting previously unselected package libedit2:amd64.
Preparing to unpack .../20-libedit2_3.1-20160903-3_amd64.deb ...
Unpacking libedit2:amd64 (3.1-20160903-3) ...
Selecting previously unselected package libgmp10:amd64.
Preparing to unpack .../21-libgmp10_2%3a6.1.2+dfsg-1_amd64.deb ...
Unpacking libgmp10:amd64 (2:6.1.2+dfsg-1) ...
Selecting previously unselected package libhogweed4:amd64.
Preparing to unpack .../22-libhogweed4_3.3-1+b2_amd64.deb ...
Unpacking libhogweed4:amd64 (3.3-1+b2) ...
Selecting previously unselected package libffi6:amd64.
Preparing to unpack .../23-libffi6_3.2.1-6_amd64.deb ...
Unpacking libffi6:amd64 (3.2.1-6) ...
Selecting previously unselected package libp11-kit0:amd64.
Preparing to unpack .../24-libp11-kit0_0.23.3-2_amd64.deb ...
Unpacking libp11-kit0:amd64 (0.23.3-2) ...
Selecting previously unselected package libtasn1-6:amd64.
Preparing to unpack .../25-libtasn1-6_4.10-1.1+deb9u1_amd64.deb ...
Unpacking libtasn1-6:amd64 (4.10-1.1+deb9u1) ...
Selecting previously unselected package libgnutls30:amd64.
Preparing to unpack .../26-libgnutls30_3.5.8-5+deb9u3_amd64.deb ...
Unpacking libgnutls30:amd64 (3.5.8-5+deb9u3) ...
Selecting previously unselected package libgpm2:amd64.
Preparing to unpack .../27-libgpm2_1.20.4-6.2+b1_amd64.deb ...
Unpacking libgpm2:amd64 (1.20.4-6.2+b1) ...
Selecting previously unselected package libkeyutils1:amd64.
Preparing to unpack .../28-libkeyutils1_1.5.9-9_amd64.deb ...
Unpacking libkeyutils1:amd64 (1.5.9-9) ...
Selecting previously unselected package libkrb5support0:amd64.
Preparing to unpack .../29-libkrb5support0_1.15-1+deb9u1_amd64.deb ...
Unpacking libkrb5support0:amd64 (1.15-1+deb9u1) ...
Selecting previously unselected package libk5crypto3:amd64.
Preparing to unpack .../30-libk5crypto3_1.15-1+deb9u1_amd64.deb ...
Unpacking libk5crypto3:amd64 (1.15-1+deb9u1) ...
Selecting previously unselected package libkrb5-3:amd64.
Preparing to unpack .../31-libkrb5-3_1.15-1+deb9u1_amd64.deb ...
Unpacking libkrb5-3:amd64 (1.15-1+deb9u1) ...
Selecting previously unselected package libgssapi-krb5-2:amd64.
Preparing to unpack .../32-libgssapi-krb5-2_1.15-1+deb9u1_amd64.deb ...
Unpacking libgssapi-krb5-2:amd64 (1.15-1+deb9u1) ...
Selecting previously unselected package libsasl2-modules-db:amd64.
Preparing to unpack .../33-libsasl2-modules-db_2.1.27~101-g0780600+dfsg-3_amd64.deb ...
Unpacking libsasl2-modules-db:amd64 (2.1.27~101-g0780600+dfsg-3) ...
Selecting previously unselected package libsasl2-2:amd64.
Preparing to unpack .../34-libsasl2-2_2.1.27~101-g0780600+dfsg-3_amd64.deb ...
Unpacking libsasl2-2:amd64 (2.1.27~101-g0780600+dfsg-3) ...
Selecting previously unselected package libldap-common.
Preparing to unpack .../35-libldap-common_2.4.44+dfsg-5+deb9u1_all.deb ...
Unpacking libldap-common (2.4.44+dfsg-5+deb9u1) ...
Selecting previously unselected package libldap-2.4-2:amd64.
Preparing to unpack .../36-libldap-2.4-2_2.4.44+dfsg-5+deb9u1_amd64.deb ...
Unpacking libldap-2.4-2:amd64 (2.4.44+dfsg-5+deb9u1) ...
Selecting previously unselected package libwrap0:amd64.
Preparing to unpack .../37-libwrap0_7.6.q-26_amd64.deb ...
Unpacking libwrap0:amd64 (7.6.q-26) ...
Selecting previously unselected package locales.
Preparing to unpack .../38-locales_2.24-11+deb9u3_all.deb ...
Unpacking locales (2.24-11+deb9u3) ...
Selecting previously unselected package openssh-client.
Preparing to unpack .../39-openssh-client_1%3a7.4p1-10+deb9u3_amd64.deb ...
Unpacking openssh-client (1:7.4p1-10+deb9u3) ...
Selecting previously unselected package ucf.
Preparing to unpack .../40-ucf_3.0036_all.deb ...
Moving old data out of the way
Unpacking ucf (3.0036) ...
Selecting previously unselected package openssl.
Preparing to unpack .../41-openssl_1.1.0f-3+deb9u2_amd64.deb ...
Unpacking openssl (1.1.0f-3+deb9u2) ...
Selecting previously unselected package ca-certificates.
Preparing to unpack .../42-ca-certificates_20161130+nmu1_all.deb ...
Unpacking ca-certificates (20161130+nmu1) ...
Selecting previously unselected package libunistring0:amd64.
Preparing to unpack .../43-libunistring0_0.9.6+really0.9.3-0.1_amd64.deb ...
Unpacking libunistring0:amd64 (0.9.6+really0.9.3-0.1) ...
Selecting previously unselected package libidn2-0:amd64.
Preparing to unpack .../44-libidn2-0_0.16-1+deb9u1_amd64.deb ...
Unpacking libidn2-0:amd64 (0.16-1+deb9u1) ...
Selecting previously unselected package libnghttp2-14:amd64.
Preparing to unpack .../45-libnghttp2-14_1.18.1-1_amd64.deb ...
Unpacking libnghttp2-14:amd64 (1.18.1-1) ...
Selecting previously unselected package libpsl5:amd64.
Preparing to unpack .../46-libpsl5_0.17.0-3_amd64.deb ...
Unpacking libpsl5:amd64 (0.17.0-3) ...
Selecting previously unselected package librtmp1:amd64.
Preparing to unpack .../47-librtmp1_2.4+20151223.gitfa8646d.1-1+b1_amd64.deb ...
Unpacking librtmp1:amd64 (2.4+20151223.gitfa8646d.1-1+b1) ...
Selecting previously unselected package libssh2-1:amd64.
Preparing to unpack .../48-libssh2-1_1.7.0-1_amd64.deb ...
Unpacking libssh2-1:amd64 (1.7.0-1) ...
Selecting previously unselected package libcurl3:amd64.
Preparing to unpack .../49-libcurl3_7.52.1-5+deb9u6_amd64.deb ...
Unpacking libcurl3:amd64 (7.52.1-5+deb9u6) ...
Selecting previously unselected package curl.
Preparing to unpack .../50-curl_7.52.1-5+deb9u6_amd64.deb ...
Unpacking curl (7.52.1-5+deb9u6) ...
Selecting previously unselected package htop.
Preparing to unpack .../51-htop_2.0.2-1_amd64.deb ...
Unpacking htop (2.0.2-1) ...
Selecting previously unselected package net-tools.
Preparing to unpack .../52-net-tools_1.60+git20161116.90da8a0-1_amd64.deb ...
Unpacking net-tools (1.60+git20161116.90da8a0-1) ...
Selecting previously unselected package openssh-sftp-server.
Preparing to unpack .../53-openssh-sftp-server_1%3a7.4p1-10+deb9u3_amd64.deb ...
Unpacking openssh-sftp-server (1:7.4p1-10+deb9u3) ...
Selecting previously unselected package openssh-server.
Preparing to unpack .../54-openssh-server_1%3a7.4p1-10+deb9u3_amd64.deb ...
Unpacking openssh-server (1:7.4p1-10+deb9u3) ...
Selecting previously unselected package psmisc.
Preparing to unpack .../55-psmisc_22.21-2.1+b2_amd64.deb ...
Unpacking psmisc (22.21-2.1+b2) ...
Selecting previously unselected package rsync.
Preparing to unpack .../56-rsync_3.1.2-1+deb9u1_amd64.deb ...
Unpacking rsync (3.1.2-1+deb9u1) ...
Selecting previously unselected package sudo.
Preparing to unpack .../57-sudo_1.8.19p1-2.1_amd64.deb ...
Unpacking sudo (1.8.19p1-2.1) ...
Selecting previously unselected package vim-runtime.
Preparing to unpack .../58-vim-runtime_2%3a8.0.0197-4+deb9u1_all.deb ...
Adding 'diversion of /usr/share/vim/vim80/doc/help.txt to /usr/share/vim/vim80/doc/help.txt.vim-tiny by vim-runtime'
Adding 'diversion of /usr/share/vim/vim80/doc/tags to /usr/share/vim/vim80/doc/tags.vim-tiny by vim-runtime'
Unpacking vim-runtime (2:8.0.0197-4+deb9u1) ...
Selecting previously unselected package vim.
Preparing to unpack .../59-vim_2%3a8.0.0197-4+deb9u1_amd64.deb ...
Unpacking vim (2:8.0.0197-4+deb9u1) ...
Setting up libncurses5:amd64 (6.0+20161126-1+deb9u2) ...
Setting up libpopt0:amd64 (1.16-10+b2) ...
Setting up less (481-2.1) ...
debconf: unable to initialize frontend: Dialog
debconf: (TERM is not set, so the dialog frontend is not usable.)
debconf: falling back to frontend: Readline
debconf: unable to initialize frontend: Readline
debconf: (Can't locate Term/ReadLine.pm in @INC (you may need to install the Term::ReadLine module) (@INC contains: /etc/perl /usr/local/lib/x86_64-linux-gnu/perl/5.24.1 /usr/local/share/perl/5.24.1 /usr/lib/x86_64-linux-gnu/perl5/5.24 /usr/share/perl5 /usr/lib/x86_64-linux-gnu/perl/5.24 /usr/share/perl/5.24 /usr/local/lib/site_perl /usr/lib/x86_64-linux-gnu/perl-base .) at /usr/share/perl5/Debconf/FrontEnd/Readline.pm line 7.)
debconf: falling back to frontend: Teletype
Setting up libip4tc0:amd64 (1.6.0+snapshot20161117-6) ...
Setting up psmisc (22.21-2.1+b2) ...
Setting up libnghttp2-14:amd64 (1.18.1-1) ...
Setting up xxd (2:8.0.0197-4+deb9u1) ...
Setting up sudo (1.8.19p1-2.1) ...
Setting up libgpm2:amd64 (1.20.4-6.2+b1) ...
Setting up libldap-common (2.4.44+dfsg-5+deb9u1) ...
Setting up libsasl2-modules-db:amd64 (2.1.27~101-g0780600+dfsg-3) ...
Setting up libsasl2-2:amd64 (2.1.27~101-g0780600+dfsg-3) ...
Setting up libbsd0:amd64 (0.8.3-1) ...
Setting up libprocps6:amd64 (2:3.3.12-3+deb9u1) ...
Setting up ucf (3.0036) ...
debconf: unable to initialize frontend: Dialog
debconf: (TERM is not set, so the dialog frontend is not usable.)
debconf: falling back to frontend: Readline
debconf: unable to initialize frontend: Readline
debconf: (Can't locate Term/ReadLine.pm in @INC (you may need to install the Term::ReadLine module) (@INC contains: /etc/perl /usr/local/lib/x86_64-linux-gnu/perl/5.24.1 /usr/local/share/perl/5.24.1 /usr/lib/x86_64-linux-gnu/perl5/5.24 /usr/share/perl5 /usr/lib/x86_64-linux-gnu/perl/5.24 /usr/share/perl/5.24 /usr/local/lib/site_perl /usr/lib/x86_64-linux-gnu/perl-base .) at /usr/share/perl5/Debconf/FrontEnd/Readline.pm line 7.)
debconf: falling back to frontend: Teletype
Setting up libkmod2:amd64 (23-2) ...
Setting up libtasn1-6:amd64 (4.10-1.1+deb9u1) ...
Setting up rsync (3.1.2-1+deb9u1) ...
invoke-rc.d: could not determine current runlevel
invoke-rc.d: policy-rc.d denied execution of restart.
Setting up procps (2:3.3.12-3+deb9u1) ...
update-alternatives: using /usr/bin/w.procps to provide /usr/bin/w (w) in auto mode
Setting up libssl1.0.2:amd64 (1.0.2l-2+deb9u3) ...
debconf: unable to initialize frontend: Dialog
debconf: (TERM is not set, so the dialog frontend is not usable.)
debconf: falling back to frontend: Readline
debconf: unable to initialize frontend: Readline
debconf: (Can't locate Term/ReadLine.pm in @INC (you may need to install the Term::ReadLine module) (@INC contains: /etc/perl /usr/local/lib/x86_64-linux-gnu/perl/5.24.1 /usr/local/share/perl/5.24.1 /usr/lib/x86_64-linux-gnu/perl5/5.24 /usr/share/perl5 /usr/lib/x86_64-linux-gnu/perl/5.24 /usr/share/perl/5.24 /usr/local/lib/site_perl /usr/lib/x86_64-linux-gnu/perl-base .) at /usr/share/perl5/Debconf/FrontEnd/Readline.pm line 7.)
debconf: falling back to frontend: Teletype
Setting up libgmp10:amd64 (2:6.1.2+dfsg-1) ...
Setting up libssh2-1:amd64 (1.7.0-1) ...
Processing triggers for libc-bin (2.24-11+deb9u3) ...
Setting up libxtables12:amd64 (1.6.0+snapshot20161117-6) ...
Setting up libunistring0:amd64 (0.9.6+really0.9.3-0.1) ...
Setting up libssl1.1:amd64 (1.1.0f-3+deb9u2) ...
debconf: unable to initialize frontend: Dialog
debconf: (TERM is not set, so the dialog frontend is not usable.)
debconf: falling back to frontend: Readline
debconf: unable to initialize frontend: Readline
debconf: (Can't locate Term/ReadLine.pm in @INC (you may need to install the Term::ReadLine module) (@INC contains: /etc/perl /usr/local/lib/x86_64-linux-gnu/perl/5.24.1 /usr/local/share/perl/5.24.1 /usr/lib/x86_64-linux-gnu/perl5/5.24 /usr/share/perl5 /usr/lib/x86_64-linux-gnu/perl/5.24 /usr/share/perl/5.24 /usr/local/lib/site_perl /usr/lib/x86_64-linux-gnu/perl-base .) at /usr/share/perl5/Debconf/FrontEnd/Readline.pm line 7.)
debconf: falling back to frontend: Teletype
Setting up libc-l10n (2.24-11+deb9u3) ...
Setting up openssl (1.1.0f-3+deb9u2) ...
Setting up vim-common (2:8.0.0197-4+deb9u1) ...
Setting up libnfnetlink0:amd64 (1.0.1-3) ...
Setting up vim-runtime (2:8.0.0197-4+deb9u1) ...
Setting up libffi6:amd64 (3.2.1-6) ...
Setting up libkeyutils1:amd64 (1.5.9-9) ...
Setting up htop (2.0.2-1) ...
Setting up net-tools (1.60+git20161116.90da8a0-1) ...
Setting up ca-certificates (20161130+nmu1) ...
debconf: unable to initialize frontend: Dialog
debconf: (TERM is not set, so the dialog frontend is not usable.)
debconf: falling back to frontend: Readline
debconf: unable to initialize frontend: Readline
debconf: (Can't locate Term/ReadLine.pm in @INC (you may need to install the Term::ReadLine module) (@INC contains: /etc/perl /usr/local/lib/x86_64-linux-gnu/perl/5.24.1 /usr/local/share/perl/5.24.1 /usr/lib/x86_64-linux-gnu/perl5/5.24 /usr/share/perl5 /usr/lib/x86_64-linux-gnu/perl/5.24 /usr/share/perl/5.24 /usr/local/lib/site_perl /usr/lib/x86_64-linux-gnu/perl-base .) at /usr/share/perl5/Debconf/FrontEnd/Readline.pm line 7.)
debconf: falling back to frontend: Teletype
Updating certificates in /etc/ssl/certs...
166 added, 0 removed; done.
Setting up locales (2.24-11+deb9u3) ...
debconf: unable to initialize frontend: Dialog
debconf: (TERM is not set, so the dialog frontend is not usable.)
debconf: falling back to frontend: Readline
debconf: unable to initialize frontend: Readline
debconf: (Can't locate Term/ReadLine.pm in @INC (you may need to install the Term::ReadLine module) (@INC contains: /etc/perl /usr/local/lib/x86_64-linux-gnu/perl/5.24.1 /usr/local/share/perl/5.24.1 /usr/lib/x86_64-linux-gnu/perl5/5.24 /usr/share/perl5 /usr/lib/x86_64-linux-gnu/perl/5.24 /usr/share/perl/5.24 /usr/local/lib/site_perl /usr/lib/x86_64-linux-gnu/perl-base .) at /usr/share/perl5/Debconf/FrontEnd/Readline.pm line 7.)
debconf: falling back to frontend: Teletype
Generating locales (this might take a while)...
Generation complete.
Setting up libip6tc0:amd64 (1.6.0+snapshot20161117-6) ...
Setting up libwrap0:amd64 (7.6.q-26) ...
Setting up libedit2:amd64 (3.1-20160903-3) ...
Setting up kmod (23-2) ...
Setting up libidn2-0:amd64 (0.16-1+deb9u1) ...
Setting up libnetfilter-conntrack3:amd64 (1.0.6-2) ...
Setting up vim (2:8.0.0197-4+deb9u1) ...
update-alternatives: using /usr/bin/vim.basic to provide /usr/bin/vim (vim) in auto mode
update-alternatives: using /usr/bin/vim.basic to provide /usr/bin/vimdiff (vimdiff) in auto mode
update-alternatives: using /usr/bin/vim.basic to provide /usr/bin/rvim (rvim) in auto mode
update-alternatives: using /usr/bin/vim.basic to provide /usr/bin/rview (rview) in auto mode
update-alternatives: using /usr/bin/vim.basic to provide /usr/bin/vi (vi) in auto mode
update-alternatives: using /usr/bin/vim.basic to provide /usr/bin/view (view) in auto mode
update-alternatives: using /usr/bin/vim.basic to provide /usr/bin/ex (ex) in auto mode
update-alternatives: using /usr/bin/vim.basic to provide /usr/bin/editor (editor) in auto mode
Setting up libpsl5:amd64 (0.17.0-3) ...
Setting up libiptc0:amd64 (1.6.0+snapshot20161117-6) ...
Setting up libkrb5support0:amd64 (1.15-1+deb9u1) ...
Setting up libhogweed4:amd64 (3.3-1+b2) ...
Setting up iptables (1.6.0+snapshot20161117-6) ...
Setting up libp11-kit0:amd64 (0.23.3-2) ...
Setting up libk5crypto3:amd64 (1.15-1+deb9u1) ...
Setting up libgnutls30:amd64 (3.5.8-5+deb9u3) ...
Setting up librtmp1:amd64 (2.4+20151223.gitfa8646d.1-1+b1) ...
Setting up libldap-2.4-2:amd64 (2.4.44+dfsg-5+deb9u1) ...
Setting up libkrb5-3:amd64 (1.15-1+deb9u1) ...
Setting up libgssapi-krb5-2:amd64 (1.15-1+deb9u1) ...
Setting up openssh-client (1:7.4p1-10+deb9u3) ...
Setting up libcurl3:amd64 (7.52.1-5+deb9u6) ...
Setting up openssh-sftp-server (1:7.4p1-10+deb9u3) ...
Setting up curl (7.52.1-5+deb9u6) ...
Setting up openssh-server (1:7.4p1-10+deb9u3) ...
debconf: unable to initialize frontend: Dialog
debconf: (TERM is not set, so the dialog frontend is not usable.)
debconf: falling back to frontend: Readline
debconf: unable to initialize frontend: Readline
debconf: (Can't locate Term/ReadLine.pm in @INC (you may need to install the Term::ReadLine module) (@INC contains: /etc/perl /usr/local/lib/x86_64-linux-gnu/perl/5.24.1 /usr/local/share/perl/5.24.1 /usr/lib/x86_64-linux-gnu/perl5/5.24 /usr/share/perl5 /usr/lib/x86_64-linux-gnu/perl/5.24 /usr/share/perl/5.24 /usr/local/lib/site_perl /usr/lib/x86_64-linux-gnu/perl-base .) at /usr/share/perl5/Debconf/FrontEnd/Readline.pm line 7.)
debconf: falling back to frontend: Teletype

Creating config file /etc/ssh/sshd_config with new version
Creating SSH2 RSA key; this may take some time ...
2048 SHA256:sMJ11L/+9SFjwfwsV0nPIxH91QFIFG4iYNpGRPaEGOY root@0657f41d3f36 (RSA)
Creating SSH2 ECDSA key; this may take some time ...
256 SHA256:AMeIWOROI8uKkUGdIqi7VRdc8QyKG78rSiTNXO7keXE root@0657f41d3f36 (ECDSA)
Creating SSH2 ED25519 key; this may take some time ...
256 SHA256:AuwwCxMtepyy27kfRgkMZrpAu2HKV7PHk3jbObgM+9I root@0657f41d3f36 (ED25519)
invoke-rc.d: could not determine current runlevel
invoke-rc.d: policy-rc.d denied execution of start.
Processing triggers for libc-bin (2.24-11+deb9u3) ...
Processing triggers for ca-certificates (20161130+nmu1) ...
Updating certificates in /etc/ssl/certs...
0 added, 0 removed; done.
Running hooks in /etc/ca-certificates/update.d...
done.
Removing intermediate container 0657f41d3f36
 ---> 3bbf8059187c
Step 3/4 : RUN locale-gen en_US.UTF-8     && addgroup --gid 1100 rancher     && addgroup --gid 1101 docker     && useradd -u 1100 -g rancher -G docker,sudo -m -s /bin/bash rancher     && useradd -u 1101 -g docker -G docker,sudo -m -s /bin/bash docker     && echo ClientAliveInterval 180 >> /etc/ssh/sshd_config     && echo '## allow password less for rancher user' >> /etc/sudoers     && echo 'rancher ALL=(ALL) NOPASSWD: ALL' >> /etc/sudoers     && echo '## allow password less for docker user' >> /etc/sudoers     && echo 'docker ALL=(ALL) NOPASSWD: ALL' >> /etc/sudoers
 ---> Running in 99a6bfd47554
Generating locales (this might take a while)...
Generation complete.
Adding group `rancher' (GID 1100) ...
Done.
Adding group `docker' (GID 1101) ...
Done.
Removing intermediate container 99a6bfd47554
 ---> 0b79dd000501
Step 4/4 : ENTRYPOINT ["/usr/bin/ros", "entrypoint"]
 ---> Running in ae971a9e1758
Removing intermediate container ae971a9e1758
 ---> 7a73b100b22c
Successfully built 7a73b100b22c
Successfully tagged rancher/os-debianconsole:latest
Building daindragon2/os-docker:1.12.6 from images/10-docker-1.12.6
[37mDEBU[0m[0000] Running /usr/bin/docker [build -f images/10-docker-1.12.6/Dockerfile -t rancher/os-docker images/10-docker-1.12.6] 
Sending build context to Docker daemon 557.1 kBSending build context to Docker daemon 1.114 MBSending build context to Docker daemon 1.671 MBSending build context to Docker daemon 2.228 MBSending build context to Docker daemon 2.785 MBSending build context to Docker daemon 3.342 MBSending build context to Docker daemon 3.899 MBSending build context to Docker daemon 4.456 MBSending build context to Docker daemon 5.014 MBSending build context to Docker daemon 5.571 MBSending build context to Docker daemon 6.128 MBSending build context to Docker daemon 6.685 MBSending build context to Docker daemon 7.242 MBSending build context to Docker daemon 7.799 MBSending build context to Docker daemon 8.356 MBSending build context to Docker daemon 8.913 MBSending build context to Docker daemon  9.47 MBSending build context to Docker daemon 10.03 MBSending build context to Docker daemon 10.58 MBSending build context to Docker daemon 11.14 MBSending build context to Docker daemon  11.7 MBSending build context to Docker daemon 12.26 MBSending build context to Docker daemon 12.81 MBSending build context to Docker daemon 13.37 MBSending build context to Docker daemon 13.93 MBSending build context to Docker daemon 14.48 MBSending build context to Docker daemon 15.04 MBSending build context to Docker daemon  15.6 MBSending build context to Docker daemon 16.15 MBSending build context to Docker daemon 16.71 MBSending build context to Docker daemon 17.27 MBSending build context to Docker daemon 17.83 MBSending build context to Docker daemon 18.38 MBSending build context to Docker daemon 18.94 MBSending build context to Docker daemon  19.5 MBSending build context to Docker daemon 20.05 MBSending build context to Docker daemon 20.61 MBSending build context to Docker daemon 21.17 MBSending build context to Docker daemon 21.73 MBSending build context to Docker daemon 22.28 MBSending build context to Docker daemon 22.84 MBSending build context to Docker daemon  23.4 MBSending build context to Docker daemon 23.95 MBSending build context to Docker daemon 24.51 MBSending build context to Docker daemon 25.07 MBSending build context to Docker daemon 25.62 MBSending build context to Docker daemon 26.18 MBSending build context to Docker daemon 26.74 MBSending build context to Docker daemon  27.3 MBSending build context to Docker daemon 27.85 MBSending build context to Docker daemon 28.41 MBSending build context to Docker daemon 28.97 MBSending build context to Docker daemon 29.52 MBSending build context to Docker daemon 30.08 MBSending build context to Docker daemon 30.64 MBSending build context to Docker daemon  31.2 MBSending build context to Docker daemon 31.75 MBSending build context to Docker daemon 32.31 MBSending build context to Docker daemon 32.87 MBSending build context to Docker daemon 33.42 MBSending build context to Docker daemon 33.98 MBSending build context to Docker daemon 34.54 MBSending build context to Docker daemon 35.09 MBSending build context to Docker daemon 35.65 MBSending build context to Docker daemon 36.21 MBSending build context to Docker daemon 36.77 MBSending build context to Docker daemon 37.32 MBSending build context to Docker daemon 37.88 MBSending build context to Docker daemon 38.44 MBSending build context to Docker daemon 38.99 MBSending build context to Docker daemon 39.55 MBSending build context to Docker daemon 40.11 MBSending build context to Docker daemon 40.67 MBSending build context to Docker daemon 41.22 MBSending build context to Docker daemon 41.78 MBSending build context to Docker daemon 42.34 MBSending build context to Docker daemon 42.89 MBSending build context to Docker daemon 43.45 MBSending build context to Docker daemon 44.01 MBSending build context to Docker daemon 44.56 MBSending build context to Docker daemon 45.12 MBSending build context to Docker daemon 45.68 MBSending build context to Docker daemon 46.24 MBSending build context to Docker daemon 46.79 MBSending build context to Docker daemon 47.35 MBSending build context to Docker daemon 47.91 MBSending build context to Docker daemon 48.46 MBSending build context to Docker daemon 49.02 MBSending build context to Docker daemon 49.58 MBSending build context to Docker daemon 50.14 MBSending build context to Docker daemon 50.69 MBSending build context to Docker daemon 51.25 MBSending build context to Docker daemon 51.81 MBSending build context to Docker daemon 52.36 MBSending build context to Docker daemon 52.92 MBSending build context to Docker daemon 53.48 MBSending build context to Docker daemon 54.03 MBSending build context to Docker daemon 54.59 MBSending build context to Docker daemon 55.15 MBSending build context to Docker daemon 55.71 MBSending build context to Docker daemon 56.26 MBSending build context to Docker daemon 56.82 MBSending build context to Docker daemon 57.38 MBSending build context to Docker daemon 57.93 MBSending build context to Docker daemon 58.49 MBSending build context to Docker daemon 59.05 MBSending build context to Docker daemon  59.6 MBSending build context to Docker daemon 60.16 MBSending build context to Docker daemon 60.72 MBSending build context to Docker daemon 61.28 MBSending build context to Docker daemon 61.83 MBSending build context to Docker daemon 62.39 MBSending build context to Docker daemon 62.95 MBSending build context to Docker daemon  63.5 MBSending build context to Docker daemon 64.06 MBSending build context to Docker daemon 64.62 MBSending build context to Docker daemon 65.18 MBSending build context to Docker daemon 65.73 MBSending build context to Docker daemon 66.29 MBSending build context to Docker daemon 66.85 MBSending build context to Docker daemon  67.4 MBSending build context to Docker daemon 67.96 MBSending build context to Docker daemon 68.52 MBSending build context to Docker daemon 69.07 MBSending build context to Docker daemon 69.63 MBSending build context to Docker daemon 70.19 MBSending build context to Docker daemon 70.75 MBSending build context to Docker daemon  71.3 MBSending build context to Docker daemon 71.86 MBSending build context to Docker daemon 72.42 MBSending build context to Docker daemon 72.97 MBSending build context to Docker daemon 73.53 MBSending build context to Docker daemon 74.09 MBSending build context to Docker daemon 74.65 MBSending build context to Docker daemon  75.2 MBSending build context to Docker daemon 75.76 MBSending build context to Docker daemon 76.32 MBSending build context to Docker daemon 76.87 MBSending build context to Docker daemon 77.43 MBSending build context to Docker daemon 77.99 MBSending build context to Docker daemon 78.54 MBSending build context to Docker daemon  79.1 MBSending build context to Docker daemon 79.66 MBSending build context to Docker daemon 80.22 MBSending build context to Docker daemon 80.77 MBSending build context to Docker daemon 81.33 MBSending build context to Docker daemon 81.89 MBSending build context to Docker daemon 82.44 MBSending build context to Docker daemon    83 MBSending build context to Docker daemon 83.56 MBSending build context to Docker daemon 84.12 MBSending build context to Docker daemon 84.67 MBSending build context to Docker daemon 85.23 MBSending build context to Docker daemon 85.79 MBSending build context to Docker daemon 86.34 MBSending build context to Docker daemon  86.9 MBSending build context to Docker daemon 87.46 MBSending build context to Docker daemon 88.01 MBSending build context to Docker daemon 88.57 MBSending build context to Docker daemon 89.13 MBSending build context to Docker daemon 89.69 MBSending build context to Docker daemon 90.24 MBSending build context to Docker daemon  90.8 MBSending build context to Docker daemon 91.36 MBSending build context to Docker daemon 91.91 MBSending build context to Docker daemon 92.47 MBSending build context to Docker daemon 93.03 MBSending build context to Docker daemon 93.59 MBSending build context to Docker daemon 94.14 MBSending build context to Docker daemon  94.7 MBSending build context to Docker daemon 95.26 MBSending build context to Docker daemon 95.81 MBSending build context to Docker daemon 96.37 MBSending build context to Docker daemon 96.93 MBSending build context to Docker daemon 97.48 MBSending build context to Docker daemon 98.04 MBSending build context to Docker daemon 98.56 MB
Step 1/2 : FROM scratch
 ---> 
Step 2/2 : COPY engine /engine
 ---> 9b884edd84d8
Successfully built 9b884edd84d8
Successfully tagged rancher/os-docker:latest
 Version:      1.12.6
 OS/Arch:      linux/amd64
daindragon2/os-docker:1.12.6_arm (arm) is not for this arch amd64, skipping
daindragon2/os-docker:1.12.6_arm64 (arm64) is not for this arch amd64, skipping
Building daindragon2/os-docker:1.13.1 from images/10-docker-1.13.1
+ VERSION=1.13.1
+ ARCH=amd64
+ '[' amd64 == amd64 ']'
+ ARCH=x86_64
+ URL=https://get.docker.com/builds/Linux/x86_64/docker-1.13.1.tgz
+ DEST=./images/10-docker-1.13.1
+ mkdir -p ./images/10-docker-1.13.1
+ curl -sL https://get.docker.com/builds/Linux/x86_64/docker-1.13.1.tgz
+ tar xzf - -C ./images/10-docker-1.13.1
+ mv ./images/10-docker-1.13.1/docker ./images/10-docker-1.13.1/engine
+ rm -rf ./images/10-docker-1.13.1/completion
[37mDEBU[0m[0000] Running /usr/bin/docker [build -f images/10-docker-1.13.1/Dockerfile -t rancher/os-docker images/10-docker-1.13.1] 
Sending build context to Docker daemon 557.1 kBSending build context to Docker daemon 1.114 MBSending build context to Docker daemon 1.671 MBSending build context to Docker daemon 2.228 MBSending build context to Docker daemon 2.785 MBSending build context to Docker daemon 3.342 MBSending build context to Docker daemon 3.899 MBSending build context to Docker daemon 4.456 MBSending build context to Docker daemon 5.014 MBSending build context to Docker daemon 5.571 MBSending build context to Docker daemon 6.128 MBSending build context to Docker daemon 6.685 MBSending build context to Docker daemon 7.242 MBSending build context to Docker daemon 7.799 MBSending build context to Docker daemon 8.356 MBSending build context to Docker daemon 8.913 MBSending build context to Docker daemon  9.47 MBSending build context to Docker daemon 10.03 MBSending build context to Docker daemon 10.58 MBSending build context to Docker daemon 11.14 MBSending build context to Docker daemon  11.7 MBSending build context to Docker daemon 12.26 MBSending build context to Docker daemon 12.81 MBSending build context to Docker daemon 13.37 MBSending build context to Docker daemon 13.93 MBSending build context to Docker daemon 14.48 MBSending build context to Docker daemon 15.04 MBSending build context to Docker daemon  15.6 MBSending build context to Docker daemon 16.15 MBSending build context to Docker daemon 16.71 MBSending build context to Docker daemon 17.27 MBSending build context to Docker daemon 17.83 MBSending build context to Docker daemon 18.38 MBSending build context to Docker daemon 18.94 MBSending build context to Docker daemon  19.5 MBSending build context to Docker daemon 20.05 MBSending build context to Docker daemon 20.61 MBSending build context to Docker daemon 21.17 MBSending build context to Docker daemon 21.73 MBSending build context to Docker daemon 22.28 MBSending build context to Docker daemon 22.84 MBSending build context to Docker daemon  23.4 MBSending build context to Docker daemon 23.95 MBSending build context to Docker daemon 24.51 MBSending build context to Docker daemon 25.07 MBSending build context to Docker daemon 25.62 MBSending build context to Docker daemon 26.18 MBSending build context to Docker daemon 26.74 MBSending build context to Docker daemon  27.3 MBSending build context to Docker daemon 27.85 MBSending build context to Docker daemon 28.41 MBSending build context to Docker daemon 28.97 MBSending build context to Docker daemon 29.52 MBSending build context to Docker daemon 30.08 MBSending build context to Docker daemon 30.64 MBSending build context to Docker daemon  31.2 MBSending build context to Docker daemon 31.75 MBSending build context to Docker daemon 32.31 MBSending build context to Docker daemon 32.87 MBSending build context to Docker daemon 33.42 MBSending build context to Docker daemon 33.98 MBSending build context to Docker daemon 34.54 MBSending build context to Docker daemon 35.09 MBSending build context to Docker daemon 35.65 MBSending build context to Docker daemon 36.21 MBSending build context to Docker daemon 36.77 MBSending build context to Docker daemon 37.32 MBSending build context to Docker daemon 37.88 MBSending build context to Docker daemon 38.44 MBSending build context to Docker daemon 38.99 MBSending build context to Docker daemon 39.55 MBSending build context to Docker daemon 40.11 MBSending build context to Docker daemon 40.67 MBSending build context to Docker daemon 41.22 MBSending build context to Docker daemon 41.78 MBSending build context to Docker daemon 42.34 MBSending build context to Docker daemon 42.89 MBSending build context to Docker daemon 43.45 MBSending build context to Docker daemon 44.01 MBSending build context to Docker daemon 44.56 MBSending build context to Docker daemon 45.12 MBSending build context to Docker daemon 45.68 MBSending build context to Docker daemon 46.24 MBSending build context to Docker daemon 46.79 MBSending build context to Docker daemon 47.35 MBSending build context to Docker daemon 47.91 MBSending build context to Docker daemon 48.46 MBSending build context to Docker daemon 49.02 MBSending build context to Docker daemon 49.58 MBSending build context to Docker daemon 50.14 MBSending build context to Docker daemon 50.69 MBSending build context to Docker daemon 51.25 MBSending build context to Docker daemon 51.81 MBSending build context to Docker daemon 52.36 MBSending build context to Docker daemon 52.92 MBSending build context to Docker daemon 53.48 MBSending build context to Docker daemon 54.03 MBSending build context to Docker daemon 54.59 MBSending build context to Docker daemon 55.15 MBSending build context to Docker daemon 55.71 MBSending build context to Docker daemon 56.26 MBSending build context to Docker daemon 56.82 MBSending build context to Docker daemon 57.38 MBSending build context to Docker daemon 57.93 MBSending build context to Docker daemon 58.49 MBSending build context to Docker daemon 59.05 MBSending build context to Docker daemon  59.6 MBSending build context to Docker daemon 60.16 MBSending build context to Docker daemon 60.72 MBSending build context to Docker daemon 61.28 MBSending build context to Docker daemon 61.83 MBSending build context to Docker daemon 62.39 MBSending build context to Docker daemon 62.95 MBSending build context to Docker daemon  63.5 MBSending build context to Docker daemon 64.06 MBSending build context to Docker daemon 64.62 MBSending build context to Docker daemon 65.18 MBSending build context to Docker daemon 65.73 MBSending build context to Docker daemon 66.29 MBSending build context to Docker daemon 66.85 MBSending build context to Docker daemon  67.4 MBSending build context to Docker daemon 67.96 MBSending build context to Docker daemon 68.52 MBSending build context to Docker daemon 69.07 MBSending build context to Docker daemon 69.63 MBSending build context to Docker daemon 70.19 MBSending build context to Docker daemon 70.75 MBSending build context to Docker daemon  71.3 MBSending build context to Docker daemon 71.86 MBSending build context to Docker daemon 72.42 MBSending build context to Docker daemon 72.97 MBSending build context to Docker daemon 73.53 MBSending build context to Docker daemon 74.09 MBSending build context to Docker daemon 74.65 MBSending build context to Docker daemon  75.2 MBSending build context to Docker daemon 75.76 MBSending build context to Docker daemon 76.32 MBSending build context to Docker daemon 76.87 MBSending build context to Docker daemon 77.43 MBSending build context to Docker daemon 77.99 MBSending build context to Docker daemon 78.54 MBSending build context to Docker daemon  79.1 MBSending build context to Docker daemon 79.66 MBSending build context to Docker daemon 80.22 MBSending build context to Docker daemon 80.77 MBSending build context to Docker daemon 81.33 MBSending build context to Docker daemon 81.89 MBSending build context to Docker daemon 82.44 MBSending build context to Docker daemon    83 MBSending build context to Docker daemon 83.56 MBSending build context to Docker daemon 84.12 MBSending build context to Docker daemon 84.67 MBSending build context to Docker daemon 85.08 MB
Step 1/2 : FROM scratch
 ---> 
Step 2/2 : COPY engine /engine
 ---> 4b3262bba68a
Successfully built 4b3262bba68a
Successfully tagged rancher/os-docker:latest
 Version:      1.13.1
 OS/Arch:      linux/amd64
daindragon2/os-docker:1.13.1_arm64 (arm64) is not for this arch amd64, skipping
Building daindragon2/os-docker:17.03.0 from images/10-docker-17.03.0
[37mDEBU[0m[0000] Running /usr/bin/docker [build -f images/10-docker-17.03.0/Dockerfile -t rancher/os-docker images/10-docker-17.03.0] 
Sending build context to Docker daemon 557.1 kBSending build context to Docker daemon 1.114 MBSending build context to Docker daemon 1.671 MBSending build context to Docker daemon 2.228 MBSending build context to Docker daemon 2.785 MBSending build context to Docker daemon 3.342 MBSending build context to Docker daemon 3.899 MBSending build context to Docker daemon 4.456 MBSending build context to Docker daemon 5.014 MBSending build context to Docker daemon 5.571 MBSending build context to Docker daemon 6.128 MBSending build context to Docker daemon 6.685 MBSending build context to Docker daemon 7.242 MBSending build context to Docker daemon 7.799 MBSending build context to Docker daemon 8.356 MBSending build context to Docker daemon 8.913 MBSending build context to Docker daemon  9.47 MBSending build context to Docker daemon 10.03 MBSending build context to Docker daemon 10.58 MBSending build context to Docker daemon 11.14 MBSending build context to Docker daemon  11.7 MBSending build context to Docker daemon 12.26 MBSending build context to Docker daemon 12.81 MBSending build context to Docker daemon 13.37 MBSending build context to Docker daemon 13.93 MBSending build context to Docker daemon 14.48 MBSending build context to Docker daemon 15.04 MBSending build context to Docker daemon  15.6 MBSending build context to Docker daemon 16.15 MBSending build context to Docker daemon 16.71 MBSending build context to Docker daemon 17.27 MBSending build context to Docker daemon 17.83 MBSending build context to Docker daemon 18.38 MBSending build context to Docker daemon 18.94 MBSending build context to Docker daemon  19.5 MBSending build context to Docker daemon 20.05 MBSending build context to Docker daemon 20.61 MBSending build context to Docker daemon 21.17 MBSending build context to Docker daemon 21.73 MBSending build context to Docker daemon 22.28 MBSending build context to Docker daemon 22.84 MBSending build context to Docker daemon  23.4 MBSending build context to Docker daemon 23.95 MBSending build context to Docker daemon 24.51 MBSending build context to Docker daemon 25.07 MBSending build context to Docker daemon 25.62 MBSending build context to Docker daemon 26.18 MBSending build context to Docker daemon 26.74 MBSending build context to Docker daemon  27.3 MBSending build context to Docker daemon 27.85 MBSending build context to Docker daemon 28.41 MBSending build context to Docker daemon 28.97 MBSending build context to Docker daemon 29.52 MBSending build context to Docker daemon 30.08 MBSending build context to Docker daemon 30.64 MBSending build context to Docker daemon  31.2 MBSending build context to Docker daemon 31.75 MBSending build context to Docker daemon 32.31 MBSending build context to Docker daemon 32.87 MBSending build context to Docker daemon 33.42 MBSending build context to Docker daemon 33.98 MBSending build context to Docker daemon 34.54 MBSending build context to Docker daemon 35.09 MBSending build context to Docker daemon 35.65 MBSending build context to Docker daemon 36.21 MBSending build context to Docker daemon 36.77 MBSending build context to Docker daemon 37.32 MBSending build context to Docker daemon 37.88 MBSending build context to Docker daemon 38.44 MBSending build context to Docker daemon 38.99 MBSending build context to Docker daemon 39.55 MBSending build context to Docker daemon 40.11 MBSending build context to Docker daemon 40.67 MBSending build context to Docker daemon 41.22 MBSending build context to Docker daemon 41.78 MBSending build context to Docker daemon 42.34 MBSending build context to Docker daemon 42.89 MBSending build context to Docker daemon 43.45 MBSending build context to Docker daemon 44.01 MBSending build context to Docker daemon 44.56 MBSending build context to Docker daemon 45.12 MBSending build context to Docker daemon 45.68 MBSending build context to Docker daemon 46.24 MBSending build context to Docker daemon 46.79 MBSending build context to Docker daemon 47.35 MBSending build context to Docker daemon 47.91 MBSending build context to Docker daemon 48.46 MBSending build context to Docker daemon 49.02 MBSending build context to Docker daemon 49.58 MBSending build context to Docker daemon 50.14 MBSending build context to Docker daemon 50.69 MBSending build context to Docker daemon 51.25 MBSending build context to Docker daemon 51.81 MBSending build context to Docker daemon 52.36 MBSending build context to Docker daemon 52.92 MBSending build context to Docker daemon 53.48 MBSending build context to Docker daemon 54.03 MBSending build context to Docker daemon 54.59 MBSending build context to Docker daemon 55.15 MBSending build context to Docker daemon 55.71 MBSending build context to Docker daemon 56.26 MBSending build context to Docker daemon 56.82 MBSending build context to Docker daemon 57.38 MBSending build context to Docker daemon 57.93 MBSending build context to Docker daemon 58.49 MBSending build context to Docker daemon 59.05 MBSending build context to Docker daemon  59.6 MBSending build context to Docker daemon 60.16 MBSending build context to Docker daemon 60.72 MBSending build context to Docker daemon 61.28 MBSending build context to Docker daemon 61.83 MBSending build context to Docker daemon 62.39 MBSending build context to Docker daemon 62.95 MBSending build context to Docker daemon  63.5 MBSending build context to Docker daemon 64.06 MBSending build context to Docker daemon 64.62 MBSending build context to Docker daemon 65.18 MBSending build context to Docker daemon 65.73 MBSending build context to Docker daemon 66.29 MBSending build context to Docker daemon 66.85 MBSending build context to Docker daemon  67.4 MBSending build context to Docker daemon 67.96 MBSending build context to Docker daemon 68.52 MBSending build context to Docker daemon 69.07 MBSending build context to Docker daemon 69.63 MBSending build context to Docker daemon 70.19 MBSending build context to Docker daemon 70.75 MBSending build context to Docker daemon  71.3 MBSending build context to Docker daemon 71.86 MBSending build context to Docker daemon 72.42 MBSending build context to Docker daemon 72.97 MBSending build context to Docker daemon 73.53 MBSending build context to Docker daemon 74.09 MBSending build context to Docker daemon 74.65 MBSending build context to Docker daemon  75.2 MBSending build context to Docker daemon 75.76 MBSending build context to Docker daemon 76.32 MBSending build context to Docker daemon 76.87 MBSending build context to Docker daemon 77.43 MBSending build context to Docker daemon 77.99 MBSending build context to Docker daemon 78.54 MBSending build context to Docker daemon  79.1 MBSending build context to Docker daemon 79.66 MBSending build context to Docker daemon 80.22 MBSending build context to Docker daemon 80.77 MBSending build context to Docker daemon 81.33 MBSending build context to Docker daemon 81.89 MBSending build context to Docker daemon 82.44 MBSending build context to Docker daemon    83 MBSending build context to Docker daemon 83.56 MBSending build context to Docker daemon 84.12 MBSending build context to Docker daemon 84.67 MBSending build context to Docker daemon 85.11 MB
Step 1/2 : FROM scratch
 ---> 
Step 2/2 : COPY engine /engine
 ---> 2fd19d9c0f19
Successfully built 2fd19d9c0f19
Successfully tagged rancher/os-docker:latest
 Version:      17.03.0-ce
 OS/Arch:      linux/amd64
Building daindragon2/os-docker:17.03.1 from images/10-docker-17.03.1
[37mDEBU[0m[0000] Running /usr/bin/docker [build -f images/10-docker-17.03.1/Dockerfile -t rancher/os-docker images/10-docker-17.03.1] 
Sending build context to Docker daemon 557.1 kBSending build context to Docker daemon 1.114 MBSending build context to Docker daemon 1.671 MBSending build context to Docker daemon 2.228 MBSending build context to Docker daemon 2.785 MBSending build context to Docker daemon 3.342 MBSending build context to Docker daemon 3.899 MBSending build context to Docker daemon 4.456 MBSending build context to Docker daemon 5.014 MBSending build context to Docker daemon 5.571 MBSending build context to Docker daemon 6.128 MBSending build context to Docker daemon 6.685 MBSending build context to Docker daemon 7.242 MBSending build context to Docker daemon 7.799 MBSending build context to Docker daemon 8.356 MBSending build context to Docker daemon 8.913 MBSending build context to Docker daemon  9.47 MBSending build context to Docker daemon 10.03 MBSending build context to Docker daemon 10.58 MBSending build context to Docker daemon 11.14 MBSending build context to Docker daemon  11.7 MBSending build context to Docker daemon 12.26 MBSending build context to Docker daemon 12.81 MBSending build context to Docker daemon 13.37 MBSending build context to Docker daemon 13.93 MBSending build context to Docker daemon 14.48 MBSending build context to Docker daemon 15.04 MBSending build context to Docker daemon  15.6 MBSending build context to Docker daemon 16.15 MBSending build context to Docker daemon 16.71 MBSending build context to Docker daemon 17.27 MBSending build context to Docker daemon 17.83 MBSending build context to Docker daemon 18.38 MBSending build context to Docker daemon 18.94 MBSending build context to Docker daemon  19.5 MBSending build context to Docker daemon 20.05 MBSending build context to Docker daemon 20.61 MBSending build context to Docker daemon 21.17 MBSending build context to Docker daemon 21.73 MBSending build context to Docker daemon 22.28 MBSending build context to Docker daemon 22.84 MBSending build context to Docker daemon  23.4 MBSending build context to Docker daemon 23.95 MBSending build context to Docker daemon 24.51 MBSending build context to Docker daemon 25.07 MBSending build context to Docker daemon 25.62 MBSending build context to Docker daemon 26.18 MBSending build context to Docker daemon 26.74 MBSending build context to Docker daemon  27.3 MBSending build context to Docker daemon 27.85 MBSending build context to Docker daemon 28.41 MBSending build context to Docker daemon 28.97 MBSending build context to Docker daemon 29.52 MBSending build context to Docker daemon 30.08 MBSending build context to Docker daemon 30.64 MBSending build context to Docker daemon  31.2 MBSending build context to Docker daemon 31.75 MBSending build context to Docker daemon 32.31 MBSending build context to Docker daemon 32.87 MBSending build context to Docker daemon 33.42 MBSending build context to Docker daemon 33.98 MBSending build context to Docker daemon 34.54 MBSending build context to Docker daemon 35.09 MBSending build context to Docker daemon 35.65 MBSending build context to Docker daemon 36.21 MBSending build context to Docker daemon 36.77 MBSending build context to Docker daemon 37.32 MBSending build context to Docker daemon 37.88 MBSending build context to Docker daemon 38.44 MBSending build context to Docker daemon 38.99 MBSending build context to Docker daemon 39.55 MBSending build context to Docker daemon 40.11 MBSending build context to Docker daemon 40.67 MBSending build context to Docker daemon 41.22 MBSending build context to Docker daemon 41.78 MBSending build context to Docker daemon 42.34 MBSending build context to Docker daemon 42.89 MBSending build context to Docker daemon 43.45 MBSending build context to Docker daemon 44.01 MBSending build context to Docker daemon 44.56 MBSending build context to Docker daemon 45.12 MBSending build context to Docker daemon 45.68 MBSending build context to Docker daemon 46.24 MBSending build context to Docker daemon 46.79 MBSending build context to Docker daemon 47.35 MBSending build context to Docker daemon 47.91 MBSending build context to Docker daemon 48.46 MBSending build context to Docker daemon 49.02 MBSending build context to Docker daemon 49.58 MBSending build context to Docker daemon 50.14 MBSending build context to Docker daemon 50.69 MBSending build context to Docker daemon 51.25 MBSending build context to Docker daemon 51.81 MBSending build context to Docker daemon 52.36 MBSending build context to Docker daemon 52.92 MBSending build context to Docker daemon 53.48 MBSending build context to Docker daemon 54.03 MBSending build context to Docker daemon 54.59 MBSending build context to Docker daemon 55.15 MBSending build context to Docker daemon 55.71 MBSending build context to Docker daemon 56.26 MBSending build context to Docker daemon 56.82 MBSending build context to Docker daemon 57.38 MBSending build context to Docker daemon 57.93 MBSending build context to Docker daemon 58.49 MBSending build context to Docker daemon 59.05 MBSending build context to Docker daemon  59.6 MBSending build context to Docker daemon 60.16 MBSending build context to Docker daemon 60.72 MBSending build context to Docker daemon 61.28 MBSending build context to Docker daemon 61.83 MBSending build context to Docker daemon 62.39 MBSending build context to Docker daemon 62.95 MBSending build context to Docker daemon  63.5 MBSending build context to Docker daemon 64.06 MBSending build context to Docker daemon 64.62 MBSending build context to Docker daemon 65.18 MBSending build context to Docker daemon 65.73 MBSending build context to Docker daemon 66.29 MBSending build context to Docker daemon 66.85 MBSending build context to Docker daemon  67.4 MBSending build context to Docker daemon 67.96 MBSending build context to Docker daemon 68.52 MBSending build context to Docker daemon 69.07 MBSending build context to Docker daemon 69.63 MBSending build context to Docker daemon 70.19 MBSending build context to Docker daemon 70.75 MBSending build context to Docker daemon  71.3 MBSending build context to Docker daemon 71.86 MBSending build context to Docker daemon 72.42 MBSending build context to Docker daemon 72.97 MBSending build context to Docker daemon 73.53 MBSending build context to Docker daemon 74.09 MBSending build context to Docker daemon 74.65 MBSending build context to Docker daemon  75.2 MBSending build context to Docker daemon 75.76 MBSending build context to Docker daemon 76.32 MBSending build context to Docker daemon 76.87 MBSending build context to Docker daemon 77.43 MBSending build context to Docker daemon 77.99 MBSending build context to Docker daemon 78.54 MBSending build context to Docker daemon  79.1 MBSending build context to Docker daemon 79.66 MBSending build context to Docker daemon 80.22 MBSending build context to Docker daemon 80.77 MBSending build context to Docker daemon 81.33 MBSending build context to Docker daemon 81.89 MBSending build context to Docker daemon 82.44 MBSending build context to Docker daemon    83 MBSending build context to Docker daemon 83.56 MBSending build context to Docker daemon 84.12 MBSending build context to Docker daemon 84.67 MBSending build context to Docker daemon 85.12 MB
Step 1/2 : FROM scratch
 ---> 
Step 2/2 : COPY engine /engine
 ---> 7830bc4dfb7e
Successfully built 7830bc4dfb7e
Successfully tagged rancher/os-docker:latest
 Version:      17.03.1-ce
 OS/Arch:      linux/amd64
daindragon2/os-docker:17.03.1_arm (arm) is not for this arch amd64, skipping
daindragon2/os-docker:17.03.1_arm64 (arm64) is not for this arch amd64, skipping
Building daindragon2/os-docker:17.03.2 from images/10-docker-17.03.2
+ VERSION=17.03.2
+ ARCH=amd64
+ '[' amd64 == amd64 ']'
+ ARCH=x86_64
+ URL=https://download.docker.com/linux/static/stable/x86_64/docker-17.03.2-ce.tgz
+ '[' x86_64 == arm ']'
+ '[' x86_64 == arm64 ']'
+ DEST=./images/10-docker-17.03.2
+ mkdir -p ./images/10-docker-17.03.2
+ curl -sL https://download.docker.com/linux/static/stable/x86_64/docker-17.03.2-ce.tgz
+ tar xzf - -C ./images/10-docker-17.03.2
+ mv ./images/10-docker-17.03.2/docker ./images/10-docker-17.03.2/engine
+ mv ./images/10-docker-17.03.2/engine/completion ./images/10-docker-17.03.2
mv: cannot stat './images/10-docker-17.03.2/engine/completion': No such file or directory
+ true
[37mDEBU[0m[0000] Running /usr/bin/docker [build -f images/10-docker-17.03.2/Dockerfile -t rancher/os-docker images/10-docker-17.03.2] 
Sending build context to Docker daemon 557.1 kBSending build context to Docker daemon 1.114 MBSending build context to Docker daemon 1.671 MBSending build context to Docker daemon 2.228 MBSending build context to Docker daemon 2.785 MBSending build context to Docker daemon 3.342 MBSending build context to Docker daemon 3.899 MBSending build context to Docker daemon 4.456 MBSending build context to Docker daemon 5.014 MBSending build context to Docker daemon 5.571 MBSending build context to Docker daemon 6.128 MBSending build context to Docker daemon 6.685 MBSending build context to Docker daemon 7.242 MBSending build context to Docker daemon 7.799 MBSending build context to Docker daemon 8.356 MBSending build context to Docker daemon 8.913 MBSending build context to Docker daemon  9.47 MBSending build context to Docker daemon 10.03 MBSending build context to Docker daemon 10.58 MBSending build context to Docker daemon 11.14 MBSending build context to Docker daemon  11.7 MBSending build context to Docker daemon 12.26 MBSending build context to Docker daemon 12.81 MBSending build context to Docker daemon 13.37 MBSending build context to Docker daemon 13.93 MBSending build context to Docker daemon 14.48 MBSending build context to Docker daemon 15.04 MBSending build context to Docker daemon  15.6 MBSending build context to Docker daemon 16.15 MBSending build context to Docker daemon 16.71 MBSending build context to Docker daemon 17.27 MBSending build context to Docker daemon 17.83 MBSending build context to Docker daemon 18.38 MBSending build context to Docker daemon 18.94 MBSending build context to Docker daemon  19.5 MBSending build context to Docker daemon 20.05 MBSending build context to Docker daemon 20.61 MBSending build context to Docker daemon 21.17 MBSending build context to Docker daemon 21.73 MBSending build context to Docker daemon 22.28 MBSending build context to Docker daemon 22.84 MBSending build context to Docker daemon  23.4 MBSending build context to Docker daemon 23.95 MBSending build context to Docker daemon 24.51 MBSending build context to Docker daemon 25.07 MBSending build context to Docker daemon 25.62 MBSending build context to Docker daemon 26.18 MBSending build context to Docker daemon 26.74 MBSending build context to Docker daemon  27.3 MBSending build context to Docker daemon 27.85 MBSending build context to Docker daemon 28.41 MBSending build context to Docker daemon 28.97 MBSending build context to Docker daemon 29.52 MBSending build context to Docker daemon 30.08 MBSending build context to Docker daemon 30.64 MBSending build context to Docker daemon  31.2 MBSending build context to Docker daemon 31.75 MBSending build context to Docker daemon 32.31 MBSending build context to Docker daemon 32.87 MBSending build context to Docker daemon 33.42 MBSending build context to Docker daemon 33.98 MBSending build context to Docker daemon 34.54 MBSending build context to Docker daemon 35.09 MBSending build context to Docker daemon 35.65 MBSending build context to Docker daemon 36.21 MBSending build context to Docker daemon 36.77 MBSending build context to Docker daemon 37.32 MBSending build context to Docker daemon 37.88 MBSending build context to Docker daemon 38.44 MBSending build context to Docker daemon 38.99 MBSending build context to Docker daemon 39.55 MBSending build context to Docker daemon 40.11 MBSending build context to Docker daemon 40.67 MBSending build context to Docker daemon 41.22 MBSending build context to Docker daemon 41.78 MBSending build context to Docker daemon 42.34 MBSending build context to Docker daemon 42.89 MBSending build context to Docker daemon 43.45 MBSending build context to Docker daemon 44.01 MBSending build context to Docker daemon 44.56 MBSending build context to Docker daemon 45.12 MBSending build context to Docker daemon 45.68 MBSending build context to Docker daemon 46.24 MBSending build context to Docker daemon 46.79 MBSending build context to Docker daemon 47.35 MBSending build context to Docker daemon 47.91 MBSending build context to Docker daemon 48.46 MBSending build context to Docker daemon 49.02 MBSending build context to Docker daemon 49.58 MBSending build context to Docker daemon 50.14 MBSending build context to Docker daemon 50.69 MBSending build context to Docker daemon 51.25 MBSending build context to Docker daemon 51.81 MBSending build context to Docker daemon 52.36 MBSending build context to Docker daemon 52.92 MBSending build context to Docker daemon 53.48 MBSending build context to Docker daemon 54.03 MBSending build context to Docker daemon 54.59 MBSending build context to Docker daemon 55.15 MBSending build context to Docker daemon 55.71 MBSending build context to Docker daemon 56.26 MBSending build context to Docker daemon 56.82 MBSending build context to Docker daemon 57.38 MBSending build context to Docker daemon 57.93 MBSending build context to Docker daemon 58.49 MBSending build context to Docker daemon 59.05 MBSending build context to Docker daemon  59.6 MBSending build context to Docker daemon 60.16 MBSending build context to Docker daemon 60.72 MBSending build context to Docker daemon 61.28 MBSending build context to Docker daemon 61.83 MBSending build context to Docker daemon 62.39 MBSending build context to Docker daemon 62.95 MBSending build context to Docker daemon  63.5 MBSending build context to Docker daemon 64.06 MBSending build context to Docker daemon 64.62 MBSending build context to Docker daemon 65.18 MBSending build context to Docker daemon 65.73 MBSending build context to Docker daemon 66.29 MBSending build context to Docker daemon 66.85 MBSending build context to Docker daemon  67.4 MBSending build context to Docker daemon 67.96 MBSending build context to Docker daemon 68.52 MBSending build context to Docker daemon 69.07 MBSending build context to Docker daemon 69.63 MBSending build context to Docker daemon 70.19 MBSending build context to Docker daemon 70.75 MBSending build context to Docker daemon  71.3 MBSending build context to Docker daemon 71.86 MBSending build context to Docker daemon 72.42 MBSending build context to Docker daemon 72.97 MBSending build context to Docker daemon 73.53 MBSending build context to Docker daemon 74.09 MBSending build context to Docker daemon 74.65 MBSending build context to Docker daemon  75.2 MBSending build context to Docker daemon 75.76 MBSending build context to Docker daemon 76.32 MBSending build context to Docker daemon 76.87 MBSending build context to Docker daemon 77.43 MBSending build context to Docker daemon 77.99 MBSending build context to Docker daemon 78.54 MBSending build context to Docker daemon  79.1 MBSending build context to Docker daemon 79.66 MBSending build context to Docker daemon 80.22 MBSending build context to Docker daemon 80.77 MBSending build context to Docker daemon 81.33 MBSending build context to Docker daemon 81.89 MBSending build context to Docker daemon 82.44 MBSending build context to Docker daemon    83 MBSending build context to Docker daemon 83.56 MBSending build context to Docker daemon 84.12 MBSending build context to Docker daemon 84.67 MBSending build context to Docker daemon 84.89 MB
Step 1/2 : FROM scratch
 ---> 
Step 2/2 : COPY engine /engine
 ---> 87ed75c5b714
Successfully built 87ed75c5b714
Successfully tagged rancher/os-docker:latest
 Version:      17.03.2-ce
 OS/Arch:      linux/amd64
Building daindragon2/os-docker:17.04.0 from images/10-docker-17.04.0
[37mDEBU[0m[0000] Running /usr/bin/docker [build -f images/10-docker-17.04.0/Dockerfile -t rancher/os-docker images/10-docker-17.04.0] 
Sending build context to Docker daemon 557.1 kBSending build context to Docker daemon 1.114 MBSending build context to Docker daemon 1.671 MBSending build context to Docker daemon 2.228 MBSending build context to Docker daemon 2.785 MBSending build context to Docker daemon 3.342 MBSending build context to Docker daemon 3.899 MBSending build context to Docker daemon 4.456 MBSending build context to Docker daemon 5.014 MBSending build context to Docker daemon 5.571 MBSending build context to Docker daemon 6.128 MBSending build context to Docker daemon 6.685 MBSending build context to Docker daemon 7.242 MBSending build context to Docker daemon 7.799 MBSending build context to Docker daemon 8.356 MBSending build context to Docker daemon 8.913 MBSending build context to Docker daemon  9.47 MBSending build context to Docker daemon 10.03 MBSending build context to Docker daemon 10.58 MBSending build context to Docker daemon 11.14 MBSending build context to Docker daemon  11.7 MBSending build context to Docker daemon 12.26 MBSending build context to Docker daemon 12.81 MBSending build context to Docker daemon 13.37 MBSending build context to Docker daemon 13.93 MBSending build context to Docker daemon 14.48 MBSending build context to Docker daemon 15.04 MBSending build context to Docker daemon  15.6 MBSending build context to Docker daemon 16.15 MBSending build context to Docker daemon 16.71 MBSending build context to Docker daemon 17.27 MBSending build context to Docker daemon 17.83 MBSending build context to Docker daemon 18.38 MBSending build context to Docker daemon 18.94 MBSending build context to Docker daemon  19.5 MBSending build context to Docker daemon 20.05 MBSending build context to Docker daemon 20.61 MBSending build context to Docker daemon 21.17 MBSending build context to Docker daemon 21.73 MBSending build context to Docker daemon 22.28 MBSending build context to Docker daemon 22.84 MBSending build context to Docker daemon  23.4 MBSending build context to Docker daemon 23.95 MBSending build context to Docker daemon 24.51 MBSending build context to Docker daemon 25.07 MBSending build context to Docker daemon 25.62 MBSending build context to Docker daemon 26.18 MBSending build context to Docker daemon 26.74 MBSending build context to Docker daemon  27.3 MBSending build context to Docker daemon 27.85 MBSending build context to Docker daemon 28.41 MBSending build context to Docker daemon 28.97 MBSending build context to Docker daemon 29.52 MBSending build context to Docker daemon 30.08 MBSending build context to Docker daemon 30.64 MBSending build context to Docker daemon  31.2 MBSending build context to Docker daemon 31.75 MBSending build context to Docker daemon 32.31 MBSending build context to Docker daemon 32.87 MBSending build context to Docker daemon 33.42 MBSending build context to Docker daemon 33.98 MBSending build context to Docker daemon 34.54 MBSending build context to Docker daemon 35.09 MBSending build context to Docker daemon 35.65 MBSending build context to Docker daemon 36.21 MBSending build context to Docker daemon 36.77 MBSending build context to Docker daemon 37.32 MBSending build context to Docker daemon 37.88 MBSending build context to Docker daemon 38.44 MBSending build context to Docker daemon 38.99 MBSending build context to Docker daemon 39.55 MBSending build context to Docker daemon 40.11 MBSending build context to Docker daemon 40.67 MBSending build context to Docker daemon 41.22 MBSending build context to Docker daemon 41.78 MBSending build context to Docker daemon 42.34 MBSending build context to Docker daemon 42.89 MBSending build context to Docker daemon 43.45 MBSending build context to Docker daemon 44.01 MBSending build context to Docker daemon 44.56 MBSending build context to Docker daemon 45.12 MBSending build context to Docker daemon 45.68 MBSending build context to Docker daemon 46.24 MBSending build context to Docker daemon 46.79 MBSending build context to Docker daemon 47.35 MBSending build context to Docker daemon 47.91 MBSending build context to Docker daemon 48.46 MBSending build context to Docker daemon 49.02 MBSending build context to Docker daemon 49.58 MBSending build context to Docker daemon 50.14 MBSending build context to Docker daemon 50.69 MBSending build context to Docker daemon 51.25 MBSending build context to Docker daemon 51.81 MBSending build context to Docker daemon 52.36 MBSending build context to Docker daemon 52.92 MBSending build context to Docker daemon 53.48 MBSending build context to Docker daemon 54.03 MBSending build context to Docker daemon 54.59 MBSending build context to Docker daemon 55.15 MBSending build context to Docker daemon 55.71 MBSending build context to Docker daemon 56.26 MBSending build context to Docker daemon 56.82 MBSending build context to Docker daemon 57.38 MBSending build context to Docker daemon 57.93 MBSending build context to Docker daemon 58.49 MBSending build context to Docker daemon 59.05 MBSending build context to Docker daemon  59.6 MBSending build context to Docker daemon 60.16 MBSending build context to Docker daemon 60.72 MBSending build context to Docker daemon 61.28 MBSending build context to Docker daemon 61.83 MBSending build context to Docker daemon 62.39 MBSending build context to Docker daemon 62.95 MBSending build context to Docker daemon  63.5 MBSending build context to Docker daemon 64.06 MBSending build context to Docker daemon 64.62 MBSending build context to Docker daemon 65.18 MBSending build context to Docker daemon 65.73 MBSending build context to Docker daemon 66.29 MBSending build context to Docker daemon 66.85 MBSending build context to Docker daemon  67.4 MBSending build context to Docker daemon 67.96 MBSending build context to Docker daemon 68.52 MBSending build context to Docker daemon 69.07 MBSending build context to Docker daemon 69.63 MBSending build context to Docker daemon 70.19 MBSending build context to Docker daemon 70.75 MBSending build context to Docker daemon  71.3 MBSending build context to Docker daemon 71.86 MBSending build context to Docker daemon 72.42 MBSending build context to Docker daemon 72.97 MBSending build context to Docker daemon 73.53 MBSending build context to Docker daemon 74.09 MBSending build context to Docker daemon 74.65 MBSending build context to Docker daemon  75.2 MBSending build context to Docker daemon 75.76 MBSending build context to Docker daemon 76.32 MBSending build context to Docker daemon 76.87 MBSending build context to Docker daemon 77.43 MBSending build context to Docker daemon 77.99 MBSending build context to Docker daemon 78.54 MBSending build context to Docker daemon  79.1 MBSending build context to Docker daemon 79.66 MBSending build context to Docker daemon 80.22 MBSending build context to Docker daemon 80.77 MBSending build context to Docker daemon 81.33 MBSending build context to Docker daemon 81.71 MB
Step 1/2 : FROM scratch
 ---> 
Step 2/2 : COPY engine /engine
 ---> c8cecb5ebfdb
Successfully built c8cecb5ebfdb
Successfully tagged rancher/os-docker:latest
 Version:      17.04.0-ce
 OS/Arch:      linux/amd64
daindragon2/os-docker:17.04.0_arm (arm) is not for this arch amd64, skipping
daindragon2/os-docker:17.04.0_arm64 (arm64) is not for this arch amd64, skipping
Building daindragon2/os-docker:17.05.0 from images/10-docker-17.05.0
[37mDEBU[0m[0000] Running /usr/bin/docker [build -f images/10-docker-17.05.0/Dockerfile -t rancher/os-docker images/10-docker-17.05.0] 
Sending build context to Docker daemon 557.1 kBSending build context to Docker daemon 1.114 MBSending build context to Docker daemon 1.671 MBSending build context to Docker daemon 2.228 MBSending build context to Docker daemon 2.785 MBSending build context to Docker daemon 3.342 MBSending build context to Docker daemon 3.899 MBSending build context to Docker daemon 4.456 MBSending build context to Docker daemon 5.014 MBSending build context to Docker daemon 5.571 MBSending build context to Docker daemon 6.128 MBSending build context to Docker daemon 6.685 MBSending build context to Docker daemon 7.242 MBSending build context to Docker daemon 7.799 MBSending build context to Docker daemon 8.356 MBSending build context to Docker daemon 8.913 MBSending build context to Docker daemon  9.47 MBSending build context to Docker daemon 10.03 MBSending build context to Docker daemon 10.58 MBSending build context to Docker daemon 11.14 MBSending build context to Docker daemon  11.7 MBSending build context to Docker daemon 12.26 MBSending build context to Docker daemon 12.81 MBSending build context to Docker daemon 13.37 MBSending build context to Docker daemon 13.93 MBSending build context to Docker daemon 14.48 MBSending build context to Docker daemon 15.04 MBSending build context to Docker daemon  15.6 MBSending build context to Docker daemon 16.15 MBSending build context to Docker daemon 16.71 MBSending build context to Docker daemon 17.27 MBSending build context to Docker daemon 17.83 MBSending build context to Docker daemon 18.38 MBSending build context to Docker daemon 18.94 MBSending build context to Docker daemon  19.5 MBSending build context to Docker daemon 20.05 MBSending build context to Docker daemon 20.61 MBSending build context to Docker daemon 21.17 MBSending build context to Docker daemon 21.73 MBSending build context to Docker daemon 22.28 MBSending build context to Docker daemon 22.84 MBSending build context to Docker daemon  23.4 MBSending build context to Docker daemon 23.95 MBSending build context to Docker daemon 24.51 MBSending build context to Docker daemon 25.07 MBSending build context to Docker daemon 25.62 MBSending build context to Docker daemon 26.18 MBSending build context to Docker daemon 26.74 MBSending build context to Docker daemon  27.3 MBSending build context to Docker daemon 27.85 MBSending build context to Docker daemon 28.41 MBSending build context to Docker daemon 28.97 MBSending build context to Docker daemon 29.52 MBSending build context to Docker daemon 30.08 MBSending build context to Docker daemon 30.64 MBSending build context to Docker daemon  31.2 MBSending build context to Docker daemon 31.75 MBSending build context to Docker daemon 32.31 MBSending build context to Docker daemon 32.87 MBSending build context to Docker daemon 33.42 MBSending build context to Docker daemon 33.98 MBSending build context to Docker daemon 34.54 MBSending build context to Docker daemon 35.09 MBSending build context to Docker daemon 35.65 MBSending build context to Docker daemon 36.21 MBSending build context to Docker daemon 36.77 MBSending build context to Docker daemon 37.32 MBSending build context to Docker daemon 37.88 MBSending build context to Docker daemon 38.44 MBSending build context to Docker daemon 38.99 MBSending build context to Docker daemon 39.55 MBSending build context to Docker daemon 40.11 MBSending build context to Docker daemon 40.67 MBSending build context to Docker daemon 41.22 MBSending build context to Docker daemon 41.78 MBSending build context to Docker daemon 42.34 MBSending build context to Docker daemon 42.89 MBSending build context to Docker daemon 43.45 MBSending build context to Docker daemon 44.01 MBSending build context to Docker daemon 44.56 MBSending build context to Docker daemon 45.12 MBSending build context to Docker daemon 45.68 MBSending build context to Docker daemon 46.24 MBSending build context to Docker daemon 46.79 MBSending build context to Docker daemon 47.35 MBSending build context to Docker daemon 47.91 MBSending build context to Docker daemon 48.46 MBSending build context to Docker daemon 49.02 MBSending build context to Docker daemon 49.58 MBSending build context to Docker daemon 50.14 MBSending build context to Docker daemon 50.69 MBSending build context to Docker daemon 51.25 MBSending build context to Docker daemon 51.81 MBSending build context to Docker daemon 52.36 MBSending build context to Docker daemon 52.92 MBSending build context to Docker daemon 53.48 MBSending build context to Docker daemon 54.03 MBSending build context to Docker daemon 54.59 MBSending build context to Docker daemon 55.15 MBSending build context to Docker daemon 55.71 MBSending build context to Docker daemon 56.26 MBSending build context to Docker daemon 56.82 MBSending build context to Docker daemon 57.38 MBSending build context to Docker daemon 57.93 MBSending build context to Docker daemon 58.49 MBSending build context to Docker daemon 59.05 MBSending build context to Docker daemon  59.6 MBSending build context to Docker daemon 60.16 MBSending build context to Docker daemon 60.72 MBSending build context to Docker daemon 61.28 MBSending build context to Docker daemon 61.83 MBSending build context to Docker daemon 62.39 MBSending build context to Docker daemon 62.95 MBSending build context to Docker daemon  63.5 MBSending build context to Docker daemon 64.06 MBSending build context to Docker daemon 64.62 MBSending build context to Docker daemon 65.18 MBSending build context to Docker daemon 65.73 MBSending build context to Docker daemon 66.29 MBSending build context to Docker daemon 66.85 MBSending build context to Docker daemon  67.4 MBSending build context to Docker daemon 67.96 MBSending build context to Docker daemon 68.52 MBSending build context to Docker daemon 69.07 MBSending build context to Docker daemon 69.63 MBSending build context to Docker daemon 70.19 MBSending build context to Docker daemon 70.75 MBSending build context to Docker daemon  71.3 MBSending build context to Docker daemon 71.86 MBSending build context to Docker daemon 72.42 MBSending build context to Docker daemon 72.97 MBSending build context to Docker daemon 73.53 MBSending build context to Docker daemon 74.09 MBSending build context to Docker daemon 74.65 MBSending build context to Docker daemon  75.2 MBSending build context to Docker daemon 75.76 MBSending build context to Docker daemon 76.32 MBSending build context to Docker daemon 76.87 MBSending build context to Docker daemon 77.43 MBSending build context to Docker daemon 77.99 MBSending build context to Docker daemon 78.54 MBSending build context to Docker daemon  79.1 MBSending build context to Docker daemon 79.66 MBSending build context to Docker daemon 80.22 MBSending build context to Docker daemon 80.77 MBSending build context to Docker daemon 81.33 MBSending build context to Docker daemon 81.89 MBSending build context to Docker daemon 82.44 MBSending build context to Docker daemon    83 MBSending build context to Docker daemon 83.56 MBSending build context to Docker daemon 84.12 MBSending build context to Docker daemon 84.67 MBSending build context to Docker daemon 85.23 MBSending build context to Docker daemon 85.79 MBSending build context to Docker daemon 86.34 MBSending build context to Docker daemon  86.9 MBSending build context to Docker daemon 87.46 MBSending build context to Docker daemon 88.01 MBSending build context to Docker daemon 88.57 MBSending build context to Docker daemon 89.13 MBSending build context to Docker daemon 89.62 MB
Step 1/2 : FROM scratch
 ---> 
Step 2/2 : COPY engine /engine
 ---> af9d637a8291
Successfully built af9d637a8291
Successfully tagged rancher/os-docker:latest
 Version:      17.05.0-ce
 OS/Arch:      linux/amd64
daindragon2/os-docker:17.05.0_arm (arm) is not for this arch amd64, skipping
daindragon2/os-docker:17.05.0_arm64 (arm64) is not for this arch amd64, skipping
Building daindragon2/os-docker:17.06.0 from images/10-docker-17.06.0
+ VERSION=17.06.0
+ ARCH=amd64
+ '[' amd64 == amd64 ']'
+ ARCH=x86_64
+ URL=https://download.docker.com/linux/static/stable/x86_64/docker-17.06.0-ce.tgz
+ '[' x86_64 == arm ']'
+ '[' x86_64 == arm64 ']'
+ DEST=./images/10-docker-17.06.0
+ mkdir -p ./images/10-docker-17.06.0
+ curl -sL https://download.docker.com/linux/static/stable/x86_64/docker-17.06.0-ce.tgz
+ tar xzf - -C ./images/10-docker-17.06.0
+ mv ./images/10-docker-17.06.0/docker ./images/10-docker-17.06.0/engine
+ mv ./images/10-docker-17.06.0/engine/completion ./images/10-docker-17.06.0
mv: cannot stat './images/10-docker-17.06.0/engine/completion': No such file or directory
+ true
[37mDEBU[0m[0000] Running /usr/bin/docker [build -f images/10-docker-17.06.0/Dockerfile -t rancher/os-docker images/10-docker-17.06.0] 
Sending build context to Docker daemon 557.1 kBSending build context to Docker daemon 1.114 MBSending build context to Docker daemon 1.671 MBSending build context to Docker daemon 2.228 MBSending build context to Docker daemon 2.785 MBSending build context to Docker daemon 3.342 MBSending build context to Docker daemon 3.899 MBSending build context to Docker daemon 4.456 MBSending build context to Docker daemon 5.014 MBSending build context to Docker daemon 5.571 MBSending build context to Docker daemon 6.128 MBSending build context to Docker daemon 6.685 MBSending build context to Docker daemon 7.242 MBSending build context to Docker daemon 7.799 MBSending build context to Docker daemon 8.356 MBSending build context to Docker daemon 8.913 MBSending build context to Docker daemon  9.47 MBSending build context to Docker daemon 10.03 MBSending build context to Docker daemon 10.58 MBSending build context to Docker daemon 11.14 MBSending build context to Docker daemon  11.7 MBSending build context to Docker daemon 12.26 MBSending build context to Docker daemon 12.81 MBSending build context to Docker daemon 13.37 MBSending build context to Docker daemon 13.93 MBSending build context to Docker daemon 14.48 MBSending build context to Docker daemon 15.04 MBSending build context to Docker daemon  15.6 MBSending build context to Docker daemon 16.15 MBSending build context to Docker daemon 16.71 MBSending build context to Docker daemon 17.27 MBSending build context to Docker daemon 17.83 MBSending build context to Docker daemon 18.38 MBSending build context to Docker daemon 18.94 MBSending build context to Docker daemon  19.5 MBSending build context to Docker daemon 20.05 MBSending build context to Docker daemon 20.61 MBSending build context to Docker daemon 21.17 MBSending build context to Docker daemon 21.73 MBSending build context to Docker daemon 22.28 MBSending build context to Docker daemon 22.84 MBSending build context to Docker daemon  23.4 MBSending build context to Docker daemon 23.95 MBSending build context to Docker daemon 24.51 MBSending build context to Docker daemon 25.07 MBSending build context to Docker daemon 25.62 MBSending build context to Docker daemon 26.18 MBSending build context to Docker daemon 26.74 MBSending build context to Docker daemon  27.3 MBSending build context to Docker daemon 27.85 MBSending build context to Docker daemon 28.41 MBSending build context to Docker daemon 28.97 MBSending build context to Docker daemon 29.52 MBSending build context to Docker daemon 30.08 MBSending build context to Docker daemon 30.64 MBSending build context to Docker daemon  31.2 MBSending build context to Docker daemon 31.75 MBSending build context to Docker daemon 32.31 MBSending build context to Docker daemon 32.87 MBSending build context to Docker daemon 33.42 MBSending build context to Docker daemon 33.98 MBSending build context to Docker daemon 34.54 MBSending build context to Docker daemon 35.09 MBSending build context to Docker daemon 35.65 MBSending build context to Docker daemon 36.21 MBSending build context to Docker daemon 36.77 MBSending build context to Docker daemon 37.32 MBSending build context to Docker daemon 37.88 MBSending build context to Docker daemon 38.44 MBSending build context to Docker daemon 38.99 MBSending build context to Docker daemon 39.55 MBSending build context to Docker daemon 40.11 MBSending build context to Docker daemon 40.67 MBSending build context to Docker daemon 41.22 MBSending build context to Docker daemon 41.78 MBSending build context to Docker daemon 42.34 MBSending build context to Docker daemon 42.89 MBSending build context to Docker daemon 43.45 MBSending build context to Docker daemon 44.01 MBSending build context to Docker daemon 44.56 MBSending build context to Docker daemon 45.12 MBSending build context to Docker daemon 45.68 MBSending build context to Docker daemon 46.24 MBSending build context to Docker daemon 46.79 MBSending build context to Docker daemon 47.35 MBSending build context to Docker daemon 47.91 MBSending build context to Docker daemon 48.46 MBSending build context to Docker daemon 49.02 MBSending build context to Docker daemon 49.58 MBSending build context to Docker daemon 50.14 MBSending build context to Docker daemon 50.69 MBSending build context to Docker daemon 51.25 MBSending build context to Docker daemon 51.81 MBSending build context to Docker daemon 52.36 MBSending build context to Docker daemon 52.92 MBSending build context to Docker daemon 53.48 MBSending build context to Docker daemon 54.03 MBSending build context to Docker daemon 54.59 MBSending build context to Docker daemon 55.15 MBSending build context to Docker daemon 55.71 MBSending build context to Docker daemon 56.26 MBSending build context to Docker daemon 56.82 MBSending build context to Docker daemon 57.38 MBSending build context to Docker daemon 57.93 MBSending build context to Docker daemon 58.49 MBSending build context to Docker daemon 59.05 MBSending build context to Docker daemon  59.6 MBSending build context to Docker daemon 60.16 MBSending build context to Docker daemon 60.72 MBSending build context to Docker daemon 61.28 MBSending build context to Docker daemon 61.83 MBSending build context to Docker daemon 62.39 MBSending build context to Docker daemon 62.95 MBSending build context to Docker daemon  63.5 MBSending build context to Docker daemon 64.06 MBSending build context to Docker daemon 64.62 MBSending build context to Docker daemon 65.18 MBSending build context to Docker daemon 65.73 MBSending build context to Docker daemon 66.29 MBSending build context to Docker daemon 66.85 MBSending build context to Docker daemon  67.4 MBSending build context to Docker daemon 67.96 MBSending build context to Docker daemon 68.52 MBSending build context to Docker daemon 69.07 MBSending build context to Docker daemon 69.63 MBSending build context to Docker daemon 70.19 MBSending build context to Docker daemon 70.75 MBSending build context to Docker daemon  71.3 MBSending build context to Docker daemon 71.86 MBSending build context to Docker daemon 72.42 MBSending build context to Docker daemon 72.97 MBSending build context to Docker daemon 73.53 MBSending build context to Docker daemon 74.09 MBSending build context to Docker daemon 74.65 MBSending build context to Docker daemon  75.2 MBSending build context to Docker daemon 75.76 MBSending build context to Docker daemon 76.32 MBSending build context to Docker daemon 76.87 MBSending build context to Docker daemon 77.43 MBSending build context to Docker daemon 77.99 MBSending build context to Docker daemon 78.54 MBSending build context to Docker daemon  79.1 MBSending build context to Docker daemon 79.66 MBSending build context to Docker daemon 80.22 MBSending build context to Docker daemon 80.77 MBSending build context to Docker daemon 81.33 MBSending build context to Docker daemon 81.89 MBSending build context to Docker daemon 82.44 MBSending build context to Docker daemon    83 MBSending build context to Docker daemon 83.56 MBSending build context to Docker daemon 84.12 MBSending build context to Docker daemon 84.67 MBSending build context to Docker daemon 85.23 MBSending build context to Docker daemon 85.79 MBSending build context to Docker daemon 86.34 MBSending build context to Docker daemon  86.9 MBSending build context to Docker daemon 87.46 MBSending build context to Docker daemon 88.01 MBSending build context to Docker daemon 88.57 MBSending build context to Docker daemon 89.13 MBSending build context to Docker daemon 89.69 MBSending build context to Docker daemon 90.24 MBSending build context to Docker daemon  90.8 MBSending build context to Docker daemon 91.36 MBSending build context to Docker daemon 91.91 MBSending build context to Docker daemon 92.39 MB
Step 1/2 : FROM scratch
 ---> 
Step 2/2 : COPY engine /engine
 ---> b89f8350edb4
Successfully built b89f8350edb4
Successfully tagged rancher/os-docker:latest
 Version:      17.06.0-ce
 OS/Arch:      linux/amd64
Building daindragon2/os-docker:17.06.1 from images/10-docker-17.06.1
+ VERSION=17.06.1
+ ARCH=amd64
+ '[' amd64 == amd64 ']'
+ ARCH=x86_64
+ URL=https://download.docker.com/linux/static/stable/x86_64/docker-17.06.1-ce.tgz
+ '[' x86_64 == arm ']'
+ '[' x86_64 == arm64 ']'
+ DEST=./images/10-docker-17.06.1
+ mkdir -p ./images/10-docker-17.06.1
+ curl -sL https://download.docker.com/linux/static/stable/x86_64/docker-17.06.1-ce.tgz
+ tar xzf - -C ./images/10-docker-17.06.1
+ mv ./images/10-docker-17.06.1/docker ./images/10-docker-17.06.1/engine
+ mv ./images/10-docker-17.06.1/engine/completion ./images/10-docker-17.06.1
mv: cannot stat './images/10-docker-17.06.1/engine/completion': No such file or directory
+ true
[37mDEBU[0m[0000] Running /usr/bin/docker [build -f images/10-docker-17.06.1/Dockerfile -t rancher/os-docker images/10-docker-17.06.1] 
Sending build context to Docker daemon 557.1 kBSending build context to Docker daemon 1.114 MBSending build context to Docker daemon 1.671 MBSending build context to Docker daemon 2.228 MBSending build context to Docker daemon 2.785 MBSending build context to Docker daemon 3.342 MBSending build context to Docker daemon 3.899 MBSending build context to Docker daemon 4.456 MBSending build context to Docker daemon 5.014 MBSending build context to Docker daemon 5.571 MBSending build context to Docker daemon 6.128 MBSending build context to Docker daemon 6.685 MBSending build context to Docker daemon 7.242 MBSending build context to Docker daemon 7.799 MBSending build context to Docker daemon 8.356 MBSending build context to Docker daemon 8.913 MBSending build context to Docker daemon  9.47 MBSending build context to Docker daemon 10.03 MBSending build context to Docker daemon 10.58 MBSending build context to Docker daemon 11.14 MBSending build context to Docker daemon  11.7 MBSending build context to Docker daemon 12.26 MBSending build context to Docker daemon 12.81 MBSending build context to Docker daemon 13.37 MBSending build context to Docker daemon 13.93 MBSending build context to Docker daemon 14.48 MBSending build context to Docker daemon 15.04 MBSending build context to Docker daemon  15.6 MBSending build context to Docker daemon 16.15 MBSending build context to Docker daemon 16.71 MBSending build context to Docker daemon 17.27 MBSending build context to Docker daemon 17.83 MBSending build context to Docker daemon 18.38 MBSending build context to Docker daemon 18.94 MBSending build context to Docker daemon  19.5 MBSending build context to Docker daemon 20.05 MBSending build context to Docker daemon 20.61 MBSending build context to Docker daemon 21.17 MBSending build context to Docker daemon 21.73 MBSending build context to Docker daemon 22.28 MBSending build context to Docker daemon 22.84 MBSending build context to Docker daemon  23.4 MBSending build context to Docker daemon 23.95 MBSending build context to Docker daemon 24.51 MBSending build context to Docker daemon 25.07 MBSending build context to Docker daemon 25.62 MBSending build context to Docker daemon 26.18 MBSending build context to Docker daemon 26.74 MBSending build context to Docker daemon  27.3 MBSending build context to Docker daemon 27.85 MBSending build context to Docker daemon 28.41 MBSending build context to Docker daemon 28.97 MBSending build context to Docker daemon 29.52 MBSending build context to Docker daemon 30.08 MBSending build context to Docker daemon 30.64 MBSending build context to Docker daemon  31.2 MBSending build context to Docker daemon 31.75 MBSending build context to Docker daemon 32.31 MBSending build context to Docker daemon 32.87 MBSending build context to Docker daemon 33.42 MBSending build context to Docker daemon 33.98 MBSending build context to Docker daemon 34.54 MBSending build context to Docker daemon 35.09 MBSending build context to Docker daemon 35.65 MBSending build context to Docker daemon 36.21 MBSending build context to Docker daemon 36.77 MBSending build context to Docker daemon 37.32 MBSending build context to Docker daemon 37.88 MBSending build context to Docker daemon 38.44 MBSending build context to Docker daemon 38.99 MBSending build context to Docker daemon 39.55 MBSending build context to Docker daemon 40.11 MBSending build context to Docker daemon 40.67 MBSending build context to Docker daemon 41.22 MBSending build context to Docker daemon 41.78 MBSending build context to Docker daemon 42.34 MBSending build context to Docker daemon 42.89 MBSending build context to Docker daemon 43.45 MBSending build context to Docker daemon 44.01 MBSending build context to Docker daemon 44.56 MBSending build context to Docker daemon 45.12 MBSending build context to Docker daemon 45.68 MBSending build context to Docker daemon 46.24 MBSending build context to Docker daemon 46.79 MBSending build context to Docker daemon 47.35 MBSending build context to Docker daemon 47.91 MBSending build context to Docker daemon 48.46 MBSending build context to Docker daemon 49.02 MBSending build context to Docker daemon 49.58 MBSending build context to Docker daemon 50.14 MBSending build context to Docker daemon 50.69 MBSending build context to Docker daemon 51.25 MBSending build context to Docker daemon 51.81 MBSending build context to Docker daemon 52.36 MBSending build context to Docker daemon 52.92 MBSending build context to Docker daemon 53.48 MBSending build context to Docker daemon 54.03 MBSending build context to Docker daemon 54.59 MBSending build context to Docker daemon 55.15 MBSending build context to Docker daemon 55.71 MBSending build context to Docker daemon 56.26 MBSending build context to Docker daemon 56.82 MBSending build context to Docker daemon 57.38 MBSending build context to Docker daemon 57.93 MBSending build context to Docker daemon 58.49 MBSending build context to Docker daemon 59.05 MBSending build context to Docker daemon  59.6 MBSending build context to Docker daemon 60.16 MBSending build context to Docker daemon 60.72 MBSending build context to Docker daemon 61.28 MBSending build context to Docker daemon 61.83 MBSending build context to Docker daemon 62.39 MBSending build context to Docker daemon 62.95 MBSending build context to Docker daemon  63.5 MBSending build context to Docker daemon 64.06 MBSending build context to Docker daemon 64.62 MBSending build context to Docker daemon 65.18 MBSending build context to Docker daemon 65.73 MBSending build context to Docker daemon 66.29 MBSending build context to Docker daemon 66.85 MBSending build context to Docker daemon  67.4 MBSending build context to Docker daemon 67.96 MBSending build context to Docker daemon 68.52 MBSending build context to Docker daemon 69.07 MBSending build context to Docker daemon 69.63 MBSending build context to Docker daemon 70.19 MBSending build context to Docker daemon 70.75 MBSending build context to Docker daemon  71.3 MBSending build context to Docker daemon 71.86 MBSending build context to Docker daemon 72.42 MBSending build context to Docker daemon 72.97 MBSending build context to Docker daemon 73.53 MBSending build context to Docker daemon 74.09 MBSending build context to Docker daemon 74.65 MBSending build context to Docker daemon  75.2 MBSending build context to Docker daemon 75.76 MBSending build context to Docker daemon 76.32 MBSending build context to Docker daemon 76.87 MBSending build context to Docker daemon 77.43 MBSending build context to Docker daemon 77.99 MBSending build context to Docker daemon 78.54 MBSending build context to Docker daemon  79.1 MBSending build context to Docker daemon 79.66 MBSending build context to Docker daemon 80.22 MBSending build context to Docker daemon 80.77 MBSending build context to Docker daemon 81.33 MBSending build context to Docker daemon 81.89 MBSending build context to Docker daemon 82.44 MBSending build context to Docker daemon    83 MBSending build context to Docker daemon 83.56 MBSending build context to Docker daemon 84.12 MBSending build context to Docker daemon 84.67 MBSending build context to Docker daemon 85.23 MBSending build context to Docker daemon 85.79 MBSending build context to Docker daemon 86.34 MBSending build context to Docker daemon  86.9 MBSending build context to Docker daemon 87.46 MBSending build context to Docker daemon 88.01 MBSending build context to Docker daemon 88.57 MBSending build context to Docker daemon 89.13 MBSending build context to Docker daemon 89.69 MBSending build context to Docker daemon 90.24 MBSending build context to Docker daemon  90.8 MBSending build context to Docker daemon 91.36 MBSending build context to Docker daemon 91.91 MBSending build context to Docker daemon 92.47 MBSending build context to Docker daemon 92.53 MB
Step 1/2 : FROM scratch
 ---> 
Step 2/2 : COPY engine /engine
 ---> fe323843bcac
Successfully built fe323843bcac
Successfully tagged rancher/os-docker:latest
 Version:      17.06.1-ce
 OS/Arch:      linux/amd64
daindragon2/os-docker:17.06.1_arm (arm) is not for this arch amd64, skipping
Building daindragon2/os-docker:17.06.2 from images/10-docker-17.06.2
+ VERSION=17.06.2
+ ARCH=amd64
+ '[' amd64 == amd64 ']'
+ ARCH=x86_64
+ URL=https://download.docker.com/linux/static/stable/x86_64/docker-17.06.2-ce.tgz
+ '[' x86_64 == arm ']'
+ DEST=./images/10-docker-17.06.2
+ mkdir -p ./images/10-docker-17.06.2
+ curl -sL https://download.docker.com/linux/static/stable/x86_64/docker-17.06.2-ce.tgz
+ tar xzf - -C ./images/10-docker-17.06.2
+ mv ./images/10-docker-17.06.2/docker ./images/10-docker-17.06.2/engine
+ mv ./images/10-docker-17.06.2/engine/completion ./images/10-docker-17.06.2
mv: cannot stat './images/10-docker-17.06.2/engine/completion': No such file or directory
+ true
[37mDEBU[0m[0000] Running /usr/bin/docker [build -f images/10-docker-17.06.2/Dockerfile -t rancher/os-docker images/10-docker-17.06.2] 
Sending build context to Docker daemon 557.1 kBSending build context to Docker daemon 1.114 MBSending build context to Docker daemon 1.671 MBSending build context to Docker daemon 2.228 MBSending build context to Docker daemon 2.785 MBSending build context to Docker daemon 3.342 MBSending build context to Docker daemon 3.899 MBSending build context to Docker daemon 4.456 MBSending build context to Docker daemon 5.014 MBSending build context to Docker daemon 5.571 MBSending build context to Docker daemon 6.128 MBSending build context to Docker daemon 6.685 MBSending build context to Docker daemon 7.242 MBSending build context to Docker daemon 7.799 MBSending build context to Docker daemon 8.356 MBSending build context to Docker daemon 8.913 MBSending build context to Docker daemon  9.47 MBSending build context to Docker daemon 10.03 MBSending build context to Docker daemon 10.58 MBSending build context to Docker daemon 11.14 MBSending build context to Docker daemon  11.7 MBSending build context to Docker daemon 12.26 MBSending build context to Docker daemon 12.81 MBSending build context to Docker daemon 13.37 MBSending build context to Docker daemon 13.93 MBSending build context to Docker daemon 14.48 MBSending build context to Docker daemon 15.04 MBSending build context to Docker daemon  15.6 MBSending build context to Docker daemon 16.15 MBSending build context to Docker daemon 16.71 MBSending build context to Docker daemon 17.27 MBSending build context to Docker daemon 17.83 MBSending build context to Docker daemon 18.38 MBSending build context to Docker daemon 18.94 MBSending build context to Docker daemon  19.5 MBSending build context to Docker daemon 20.05 MBSending build context to Docker daemon 20.61 MBSending build context to Docker daemon 21.17 MBSending build context to Docker daemon 21.73 MBSending build context to Docker daemon 22.28 MBSending build context to Docker daemon 22.84 MBSending build context to Docker daemon  23.4 MBSending build context to Docker daemon 23.95 MBSending build context to Docker daemon 24.51 MBSending build context to Docker daemon 25.07 MBSending build context to Docker daemon 25.62 MBSending build context to Docker daemon 26.18 MBSending build context to Docker daemon 26.74 MBSending build context to Docker daemon  27.3 MBSending build context to Docker daemon 27.85 MBSending build context to Docker daemon 28.41 MBSending build context to Docker daemon 28.97 MBSending build context to Docker daemon 29.52 MBSending build context to Docker daemon 30.08 MBSending build context to Docker daemon 30.64 MBSending build context to Docker daemon  31.2 MBSending build context to Docker daemon 31.75 MBSending build context to Docker daemon 32.31 MBSending build context to Docker daemon 32.87 MBSending build context to Docker daemon 33.42 MBSending build context to Docker daemon 33.98 MBSending build context to Docker daemon 34.54 MBSending build context to Docker daemon 35.09 MBSending build context to Docker daemon 35.65 MBSending build context to Docker daemon 36.21 MBSending build context to Docker daemon 36.77 MBSending build context to Docker daemon 37.32 MBSending build context to Docker daemon 37.88 MBSending build context to Docker daemon 38.44 MBSending build context to Docker daemon 38.99 MBSending build context to Docker daemon 39.55 MBSending build context to Docker daemon 40.11 MBSending build context to Docker daemon 40.67 MBSending build context to Docker daemon 41.22 MBSending build context to Docker daemon 41.78 MBSending build context to Docker daemon 42.34 MBSending build context to Docker daemon 42.89 MBSending build context to Docker daemon 43.45 MBSending build context to Docker daemon 44.01 MBSending build context to Docker daemon 44.56 MBSending build context to Docker daemon 45.12 MBSending build context to Docker daemon 45.68 MBSending build context to Docker daemon 46.24 MBSending build context to Docker daemon 46.79 MBSending build context to Docker daemon 47.35 MBSending build context to Docker daemon 47.91 MBSending build context to Docker daemon 48.46 MBSending build context to Docker daemon 49.02 MBSending build context to Docker daemon 49.58 MBSending build context to Docker daemon 50.14 MBSending build context to Docker daemon 50.69 MBSending build context to Docker daemon 51.25 MBSending build context to Docker daemon 51.81 MBSending build context to Docker daemon 52.36 MBSending build context to Docker daemon 52.92 MBSending build context to Docker daemon 53.48 MBSending build context to Docker daemon 54.03 MBSending build context to Docker daemon 54.59 MBSending build context to Docker daemon 55.15 MBSending build context to Docker daemon 55.71 MBSending build context to Docker daemon 56.26 MBSending build context to Docker daemon 56.82 MBSending build context to Docker daemon 57.38 MBSending build context to Docker daemon 57.93 MBSending build context to Docker daemon 58.49 MBSending build context to Docker daemon 59.05 MBSending build context to Docker daemon  59.6 MBSending build context to Docker daemon 60.16 MBSending build context to Docker daemon 60.72 MBSending build context to Docker daemon 61.28 MBSending build context to Docker daemon 61.83 MBSending build context to Docker daemon 62.39 MBSending build context to Docker daemon 62.95 MBSending build context to Docker daemon  63.5 MBSending build context to Docker daemon 64.06 MBSending build context to Docker daemon 64.62 MBSending build context to Docker daemon 65.18 MBSending build context to Docker daemon 65.73 MBSending build context to Docker daemon 66.29 MBSending build context to Docker daemon 66.85 MBSending build context to Docker daemon  67.4 MBSending build context to Docker daemon 67.96 MBSending build context to Docker daemon 68.52 MBSending build context to Docker daemon 69.07 MBSending build context to Docker daemon 69.63 MBSending build context to Docker daemon 70.19 MBSending build context to Docker daemon 70.75 MBSending build context to Docker daemon  71.3 MBSending build context to Docker daemon 71.86 MBSending build context to Docker daemon 72.42 MBSending build context to Docker daemon 72.97 MBSending build context to Docker daemon 73.53 MBSending build context to Docker daemon 74.09 MBSending build context to Docker daemon 74.65 MBSending build context to Docker daemon  75.2 MBSending build context to Docker daemon 75.76 MBSending build context to Docker daemon 76.32 MBSending build context to Docker daemon 76.87 MBSending build context to Docker daemon 77.43 MBSending build context to Docker daemon 77.99 MBSending build context to Docker daemon 78.54 MBSending build context to Docker daemon  79.1 MBSending build context to Docker daemon 79.66 MBSending build context to Docker daemon 80.22 MBSending build context to Docker daemon 80.77 MBSending build context to Docker daemon 81.33 MBSending build context to Docker daemon 81.89 MBSending build context to Docker daemon 82.44 MBSending build context to Docker daemon    83 MBSending build context to Docker daemon 83.56 MBSending build context to Docker daemon 84.12 MBSending build context to Docker daemon 84.67 MBSending build context to Docker daemon 85.23 MBSending build context to Docker daemon 85.79 MBSending build context to Docker daemon 86.34 MBSending build context to Docker daemon  86.9 MBSending build context to Docker daemon 87.46 MBSending build context to Docker daemon 88.01 MBSending build context to Docker daemon 88.57 MBSending build context to Docker daemon 89.13 MBSending build context to Docker daemon 89.69 MBSending build context to Docker daemon 90.24 MBSending build context to Docker daemon  90.8 MBSending build context to Docker daemon 91.36 MBSending build context to Docker daemon 91.91 MBSending build context to Docker daemon 92.47 MBSending build context to Docker daemon 92.53 MB
Step 1/2 : FROM scratch
 ---> 
Step 2/2 : COPY engine /engine
 ---> 6ceece29878c
Successfully built 6ceece29878c
Successfully tagged rancher/os-docker:latest
 Version:      17.06.2-ce
 OS/Arch:      linux/amd64
Building daindragon2/os-docker:17.09.0 from images/10-docker-17.09.0
+ VERSION=17.09.0
+ ARCH=amd64
+ '[' amd64 == amd64 ']'
+ ARCH=x86_64
+ URL=https://download.docker.com/linux/static/stable/x86_64/docker-17.09.0-ce.tgz
+ DEST=./images/10-docker-17.09.0
+ mkdir -p ./images/10-docker-17.09.0
+ curl -sL https://download.docker.com/linux/static/stable/x86_64/docker-17.09.0-ce.tgz
+ tar xzf - -C ./images/10-docker-17.09.0
+ mv ./images/10-docker-17.09.0/docker ./images/10-docker-17.09.0/engine
+ mv ./images/10-docker-17.09.0/engine/completion ./images/10-docker-17.09.0
mv: cannot stat './images/10-docker-17.09.0/engine/completion': No such file or directory
+ true
[37mDEBU[0m[0000] Running /usr/bin/docker [build -f images/10-docker-17.09.0/Dockerfile -t rancher/os-docker images/10-docker-17.09.0] 
Sending build context to Docker daemon 557.1 kBSending build context to Docker daemon 1.114 MBSending build context to Docker daemon 1.671 MBSending build context to Docker daemon 2.228 MBSending build context to Docker daemon 2.785 MBSending build context to Docker daemon 3.342 MBSending build context to Docker daemon 3.899 MBSending build context to Docker daemon 4.456 MBSending build context to Docker daemon 5.014 MBSending build context to Docker daemon 5.571 MBSending build context to Docker daemon 6.128 MBSending build context to Docker daemon 6.685 MBSending build context to Docker daemon 7.242 MBSending build context to Docker daemon 7.799 MBSending build context to Docker daemon 8.356 MBSending build context to Docker daemon 8.913 MBSending build context to Docker daemon  9.47 MBSending build context to Docker daemon 10.03 MBSending build context to Docker daemon 10.58 MBSending build context to Docker daemon 11.14 MBSending build context to Docker daemon  11.7 MBSending build context to Docker daemon 12.26 MBSending build context to Docker daemon 12.81 MBSending build context to Docker daemon 13.37 MBSending build context to Docker daemon 13.93 MBSending build context to Docker daemon 14.48 MBSending build context to Docker daemon 15.04 MBSending build context to Docker daemon  15.6 MBSending build context to Docker daemon 16.15 MBSending build context to Docker daemon 16.71 MBSending build context to Docker daemon 17.27 MBSending build context to Docker daemon 17.83 MBSending build context to Docker daemon 18.38 MBSending build context to Docker daemon 18.94 MBSending build context to Docker daemon  19.5 MBSending build context to Docker daemon 20.05 MBSending build context to Docker daemon 20.61 MBSending build context to Docker daemon 21.17 MBSending build context to Docker daemon 21.73 MBSending build context to Docker daemon 22.28 MBSending build context to Docker daemon 22.84 MBSending build context to Docker daemon  23.4 MBSending build context to Docker daemon 23.95 MBSending build context to Docker daemon 24.51 MBSending build context to Docker daemon 25.07 MBSending build context to Docker daemon 25.62 MBSending build context to Docker daemon 26.18 MBSending build context to Docker daemon 26.74 MBSending build context to Docker daemon  27.3 MBSending build context to Docker daemon 27.85 MBSending build context to Docker daemon 28.41 MBSending build context to Docker daemon 28.97 MBSending build context to Docker daemon 29.52 MBSending build context to Docker daemon 30.08 MBSending build context to Docker daemon 30.64 MBSending build context to Docker daemon  31.2 MBSending build context to Docker daemon 31.75 MBSending build context to Docker daemon 32.31 MBSending build context to Docker daemon 32.87 MBSending build context to Docker daemon 33.42 MBSending build context to Docker daemon 33.98 MBSending build context to Docker daemon 34.54 MBSending build context to Docker daemon 35.09 MBSending build context to Docker daemon 35.65 MBSending build context to Docker daemon 36.21 MBSending build context to Docker daemon 36.77 MBSending build context to Docker daemon 37.32 MBSending build context to Docker daemon 37.88 MBSending build context to Docker daemon 38.44 MBSending build context to Docker daemon 38.99 MBSending build context to Docker daemon 39.55 MBSending build context to Docker daemon 40.11 MBSending build context to Docker daemon 40.67 MBSending build context to Docker daemon 41.22 MBSending build context to Docker daemon 41.78 MBSending build context to Docker daemon 42.34 MBSending build context to Docker daemon 42.89 MBSending build context to Docker daemon 43.45 MBSending build context to Docker daemon 44.01 MBSending build context to Docker daemon 44.56 MBSending build context to Docker daemon 45.12 MBSending build context to Docker daemon 45.68 MBSending build context to Docker daemon 46.24 MBSending build context to Docker daemon 46.79 MBSending build context to Docker daemon 47.35 MBSending build context to Docker daemon 47.91 MBSending build context to Docker daemon 48.46 MBSending build context to Docker daemon 49.02 MBSending build context to Docker daemon 49.58 MBSending build context to Docker daemon 50.14 MBSending build context to Docker daemon 50.69 MBSending build context to Docker daemon 51.25 MBSending build context to Docker daemon 51.81 MBSending build context to Docker daemon 52.36 MBSending build context to Docker daemon 52.92 MBSending build context to Docker daemon 53.48 MBSending build context to Docker daemon 54.03 MBSending build context to Docker daemon 54.59 MBSending build context to Docker daemon 55.15 MBSending build context to Docker daemon 55.71 MBSending build context to Docker daemon 56.26 MBSending build context to Docker daemon 56.82 MBSending build context to Docker daemon 57.38 MBSending build context to Docker daemon 57.93 MBSending build context to Docker daemon 58.49 MBSending build context to Docker daemon 59.05 MBSending build context to Docker daemon  59.6 MBSending build context to Docker daemon 60.16 MBSending build context to Docker daemon 60.72 MBSending build context to Docker daemon 61.28 MBSending build context to Docker daemon 61.83 MBSending build context to Docker daemon 62.39 MBSending build context to Docker daemon 62.95 MBSending build context to Docker daemon  63.5 MBSending build context to Docker daemon 64.06 MBSending build context to Docker daemon 64.62 MBSending build context to Docker daemon 65.18 MBSending build context to Docker daemon 65.73 MBSending build context to Docker daemon 66.29 MBSending build context to Docker daemon 66.85 MBSending build context to Docker daemon  67.4 MBSending build context to Docker daemon 67.96 MBSending build context to Docker daemon 68.52 MBSending build context to Docker daemon 69.07 MBSending build context to Docker daemon 69.63 MBSending build context to Docker daemon 70.19 MBSending build context to Docker daemon 70.75 MBSending build context to Docker daemon  71.3 MBSending build context to Docker daemon 71.86 MBSending build context to Docker daemon 72.42 MBSending build context to Docker daemon 72.97 MBSending build context to Docker daemon 73.53 MBSending build context to Docker daemon 74.09 MBSending build context to Docker daemon 74.65 MBSending build context to Docker daemon  75.2 MBSending build context to Docker daemon 75.76 MBSending build context to Docker daemon 76.32 MBSending build context to Docker daemon 76.87 MBSending build context to Docker daemon 77.43 MBSending build context to Docker daemon 77.99 MBSending build context to Docker daemon 78.54 MBSending build context to Docker daemon  79.1 MBSending build context to Docker daemon 79.66 MBSending build context to Docker daemon 80.22 MBSending build context to Docker daemon 80.77 MBSending build context to Docker daemon 81.33 MBSending build context to Docker daemon 81.89 MBSending build context to Docker daemon 82.44 MBSending build context to Docker daemon    83 MBSending build context to Docker daemon 83.56 MBSending build context to Docker daemon 84.12 MBSending build context to Docker daemon 84.67 MBSending build context to Docker daemon 85.23 MBSending build context to Docker daemon 85.79 MBSending build context to Docker daemon 86.34 MBSending build context to Docker daemon  86.9 MBSending build context to Docker daemon 87.46 MBSending build context to Docker daemon 88.01 MBSending build context to Docker daemon 88.57 MBSending build context to Docker daemon 89.13 MBSending build context to Docker daemon 89.69 MBSending build context to Docker daemon 90.24 MBSending build context to Docker daemon  90.8 MBSending build context to Docker daemon 91.36 MBSending build context to Docker daemon 91.91 MBSending build context to Docker daemon 92.47 MBSending build context to Docker daemon 93.03 MBSending build context to Docker daemon 93.59 MBSending build context to Docker daemon 94.14 MBSending build context to Docker daemon  94.7 MBSending build context to Docker daemon 95.18 MB
Step 1/2 : FROM scratch
 ---> 
Step 2/2 : COPY engine /engine
 ---> 9a121aabe4e9
Successfully built 9a121aabe4e9
Successfully tagged rancher/os-docker:latest
 Version:      17.09.0-ce
 OS/Arch:      linux/amd64
daindragon2/os-docker:17.09.0_arm64 (arm64) is not for this arch amd64, skipping
Building daindragon2/os-docker:17.09.1 from images/10-docker-17.09.1
+ VERSION=17.09.1
+ ARCH=amd64
+ '[' amd64 == amd64 ']'
+ ARCH=x86_64
+ URL=https://download.docker.com/linux/static/stable/x86_64/docker-17.09.1-ce.tgz
+ '[' x86_64 == arm ']'
+ '[' x86_64 == arm64 ']'
+ DEST=./images/10-docker-17.09.1
+ mkdir -p ./images/10-docker-17.09.1
+ curl -sL https://download.docker.com/linux/static/stable/x86_64/docker-17.09.1-ce.tgz
+ tar xzf - -C ./images/10-docker-17.09.1
+ mv ./images/10-docker-17.09.1/docker ./images/10-docker-17.09.1/engine
+ mv ./images/10-docker-17.09.1/engine/completion ./images/10-docker-17.09.1
mv: cannot stat './images/10-docker-17.09.1/engine/completion': No such file or directory
+ true
[37mDEBU[0m[0000] Running /usr/bin/docker [build -f images/10-docker-17.09.1/Dockerfile -t rancher/os-docker images/10-docker-17.09.1] 
Sending build context to Docker daemon 557.1 kBSending build context to Docker daemon 1.114 MBSending build context to Docker daemon 1.671 MBSending build context to Docker daemon 2.228 MBSending build context to Docker daemon 2.785 MBSending build context to Docker daemon 3.342 MBSending build context to Docker daemon 3.899 MBSending build context to Docker daemon 4.456 MBSending build context to Docker daemon 5.014 MBSending build context to Docker daemon 5.571 MBSending build context to Docker daemon 6.128 MBSending build context to Docker daemon 6.685 MBSending build context to Docker daemon 7.242 MBSending build context to Docker daemon 7.799 MBSending build context to Docker daemon 8.356 MBSending build context to Docker daemon 8.913 MBSending build context to Docker daemon  9.47 MBSending build context to Docker daemon 10.03 MBSending build context to Docker daemon 10.58 MBSending build context to Docker daemon 11.14 MBSending build context to Docker daemon  11.7 MBSending build context to Docker daemon 12.26 MBSending build context to Docker daemon 12.81 MBSending build context to Docker daemon 13.37 MBSending build context to Docker daemon 13.93 MBSending build context to Docker daemon 14.48 MBSending build context to Docker daemon 15.04 MBSending build context to Docker daemon  15.6 MBSending build context to Docker daemon 16.15 MBSending build context to Docker daemon 16.71 MBSending build context to Docker daemon 17.27 MBSending build context to Docker daemon 17.83 MBSending build context to Docker daemon 18.38 MBSending build context to Docker daemon 18.94 MBSending build context to Docker daemon  19.5 MBSending build context to Docker daemon 20.05 MBSending build context to Docker daemon 20.61 MBSending build context to Docker daemon 21.17 MBSending build context to Docker daemon 21.73 MBSending build context to Docker daemon 22.28 MBSending build context to Docker daemon 22.84 MBSending build context to Docker daemon  23.4 MBSending build context to Docker daemon 23.95 MBSending build context to Docker daemon 24.51 MBSending build context to Docker daemon 25.07 MBSending build context to Docker daemon 25.62 MBSending build context to Docker daemon 26.18 MBSending build context to Docker daemon 26.74 MBSending build context to Docker daemon  27.3 MBSending build context to Docker daemon 27.85 MBSending build context to Docker daemon 28.41 MBSending build context to Docker daemon 28.97 MBSending build context to Docker daemon 29.52 MBSending build context to Docker daemon 30.08 MBSending build context to Docker daemon 30.64 MBSending build context to Docker daemon  31.2 MBSending build context to Docker daemon 31.75 MBSending build context to Docker daemon 32.31 MBSending build context to Docker daemon 32.87 MBSending build context to Docker daemon 33.42 MBSending build context to Docker daemon 33.98 MBSending build context to Docker daemon 34.54 MBSending build context to Docker daemon 35.09 MBSending build context to Docker daemon 35.65 MBSending build context to Docker daemon 36.21 MBSending build context to Docker daemon 36.77 MBSending build context to Docker daemon 37.32 MBSending build context to Docker daemon 37.88 MBSending build context to Docker daemon 38.44 MBSending build context to Docker daemon 38.99 MBSending build context to Docker daemon 39.55 MBSending build context to Docker daemon 40.11 MBSending build context to Docker daemon 40.67 MBSending build context to Docker daemon 41.22 MBSending build context to Docker daemon 41.78 MBSending build context to Docker daemon 42.34 MBSending build context to Docker daemon 42.89 MBSending build context to Docker daemon 43.45 MBSending build context to Docker daemon 44.01 MBSending build context to Docker daemon 44.56 MBSending build context to Docker daemon 45.12 MBSending build context to Docker daemon 45.68 MBSending build context to Docker daemon 46.24 MBSending build context to Docker daemon 46.79 MBSending build context to Docker daemon 47.35 MBSending build context to Docker daemon 47.91 MBSending build context to Docker daemon 48.46 MBSending build context to Docker daemon 49.02 MBSending build context to Docker daemon 49.58 MBSending build context to Docker daemon 50.14 MBSending build context to Docker daemon 50.69 MBSending build context to Docker daemon 51.25 MBSending build context to Docker daemon 51.81 MBSending build context to Docker daemon 52.36 MBSending build context to Docker daemon 52.92 MBSending build context to Docker daemon 53.48 MBSending build context to Docker daemon 54.03 MBSending build context to Docker daemon 54.59 MBSending build context to Docker daemon 55.15 MBSending build context to Docker daemon 55.71 MBSending build context to Docker daemon 56.26 MBSending build context to Docker daemon 56.82 MBSending build context to Docker daemon 57.38 MBSending build context to Docker daemon 57.93 MBSending build context to Docker daemon 58.49 MBSending build context to Docker daemon 59.05 MBSending build context to Docker daemon  59.6 MBSending build context to Docker daemon 60.16 MBSending build context to Docker daemon 60.72 MBSending build context to Docker daemon 61.28 MBSending build context to Docker daemon 61.83 MBSending build context to Docker daemon 62.39 MBSending build context to Docker daemon 62.95 MBSending build context to Docker daemon  63.5 MBSending build context to Docker daemon 64.06 MBSending build context to Docker daemon 64.62 MBSending build context to Docker daemon 65.18 MBSending build context to Docker daemon 65.73 MBSending build context to Docker daemon 66.29 MBSending build context to Docker daemon 66.85 MBSending build context to Docker daemon  67.4 MBSending build context to Docker daemon 67.96 MBSending build context to Docker daemon 68.52 MBSending build context to Docker daemon 69.07 MBSending build context to Docker daemon 69.63 MBSending build context to Docker daemon 70.19 MBSending build context to Docker daemon 70.75 MBSending build context to Docker daemon  71.3 MBSending build context to Docker daemon 71.86 MBSending build context to Docker daemon 72.42 MBSending build context to Docker daemon 72.97 MBSending build context to Docker daemon 73.53 MBSending build context to Docker daemon 74.09 MBSending build context to Docker daemon 74.65 MBSending build context to Docker daemon  75.2 MBSending build context to Docker daemon 75.76 MBSending build context to Docker daemon 76.32 MBSending build context to Docker daemon 76.87 MBSending build context to Docker daemon 77.43 MBSending build context to Docker daemon 77.99 MBSending build context to Docker daemon 78.54 MBSending build context to Docker daemon  79.1 MBSending build context to Docker daemon 79.66 MBSending build context to Docker daemon 80.22 MBSending build context to Docker daemon 80.77 MBSending build context to Docker daemon 81.33 MBSending build context to Docker daemon 81.89 MBSending build context to Docker daemon 82.44 MBSending build context to Docker daemon    83 MBSending build context to Docker daemon 83.56 MBSending build context to Docker daemon 84.12 MBSending build context to Docker daemon 84.67 MBSending build context to Docker daemon 85.23 MBSending build context to Docker daemon 85.79 MBSending build context to Docker daemon 86.34 MBSending build context to Docker daemon  86.9 MBSending build context to Docker daemon 87.46 MBSending build context to Docker daemon 88.01 MBSending build context to Docker daemon 88.57 MBSending build context to Docker daemon 89.13 MBSending build context to Docker daemon 89.69 MBSending build context to Docker daemon 90.24 MBSending build context to Docker daemon  90.8 MBSending build context to Docker daemon 91.36 MBSending build context to Docker daemon 91.91 MBSending build context to Docker daemon 92.47 MBSending build context to Docker daemon 93.03 MBSending build context to Docker daemon 93.59 MBSending build context to Docker daemon 94.14 MBSending build context to Docker daemon  94.7 MBSending build context to Docker daemon 95.22 MB
Step 1/2 : FROM scratch
 ---> 
Step 2/2 : COPY engine /engine
 ---> f93b3ce3ce71
Successfully built f93b3ce3ce71
Successfully tagged rancher/os-docker:latest
 Version:      17.09.1-ce
 OS/Arch:      linux/amd64
daindragon2/os-docker:17.09.1_arm64 (arm64) is not for this arch amd64, skipping
Building daindragon2/os-docker:17.12.0 from images/10-docker-17.12.0
+ VERSION=17.12.0
+ ARCH=amd64
+ '[' amd64 == amd64 ']'
+ ARCH=x86_64
+ URL=https://download.docker.com/linux/static/stable/x86_64/docker-17.12.0-ce.tgz
+ DEST=./images/10-docker-17.12.0
+ mkdir -p ./images/10-docker-17.12.0
+ curl -sL https://download.docker.com/linux/static/stable/x86_64/docker-17.12.0-ce.tgz
+ tar xzf - -C ./images/10-docker-17.12.0
+ mv ./images/10-docker-17.12.0/docker ./images/10-docker-17.12.0/engine
+ mv ./images/10-docker-17.12.0/engine/completion ./images/10-docker-17.12.0
mv: cannot stat './images/10-docker-17.12.0/engine/completion': No such file or directory
+ true
[37mDEBU[0m[0000] Running /usr/bin/docker [build -f images/10-docker-17.12.0/Dockerfile -t rancher/os-docker images/10-docker-17.12.0] 
Sending build context to Docker daemon 557.1 kBSending build context to Docker daemon 1.114 MBSending build context to Docker daemon 1.671 MBSending build context to Docker daemon 2.228 MBSending build context to Docker daemon 2.785 MBSending build context to Docker daemon 3.342 MBSending build context to Docker daemon 3.899 MBSending build context to Docker daemon 4.456 MBSending build context to Docker daemon 5.014 MBSending build context to Docker daemon 5.571 MBSending build context to Docker daemon 6.128 MBSending build context to Docker daemon 6.685 MBSending build context to Docker daemon 7.242 MBSending build context to Docker daemon 7.799 MBSending build context to Docker daemon 8.356 MBSending build context to Docker daemon 8.913 MBSending build context to Docker daemon  9.47 MBSending build context to Docker daemon 10.03 MBSending build context to Docker daemon 10.58 MBSending build context to Docker daemon 11.14 MBSending build context to Docker daemon  11.7 MBSending build context to Docker daemon 12.26 MBSending build context to Docker daemon 12.81 MBSending build context to Docker daemon 13.37 MBSending build context to Docker daemon 13.93 MBSending build context to Docker daemon 14.48 MBSending build context to Docker daemon 15.04 MBSending build context to Docker daemon  15.6 MBSending build context to Docker daemon 16.15 MBSending build context to Docker daemon 16.71 MBSending build context to Docker daemon 17.27 MBSending build context to Docker daemon 17.83 MBSending build context to Docker daemon 18.38 MBSending build context to Docker daemon 18.94 MBSending build context to Docker daemon  19.5 MBSending build context to Docker daemon 20.05 MBSending build context to Docker daemon 20.61 MBSending build context to Docker daemon 21.17 MBSending build context to Docker daemon 21.73 MBSending build context to Docker daemon 22.28 MBSending build context to Docker daemon 22.84 MBSending build context to Docker daemon  23.4 MBSending build context to Docker daemon 23.95 MBSending build context to Docker daemon 24.51 MBSending build context to Docker daemon 25.07 MBSending build context to Docker daemon 25.62 MBSending build context to Docker daemon 26.18 MBSending build context to Docker daemon 26.74 MBSending build context to Docker daemon  27.3 MBSending build context to Docker daemon 27.85 MBSending build context to Docker daemon 28.41 MBSending build context to Docker daemon 28.97 MBSending build context to Docker daemon 29.52 MBSending build context to Docker daemon 30.08 MBSending build context to Docker daemon 30.64 MBSending build context to Docker daemon  31.2 MBSending build context to Docker daemon 31.75 MBSending build context to Docker daemon 32.31 MBSending build context to Docker daemon 32.87 MBSending build context to Docker daemon 33.42 MBSending build context to Docker daemon 33.98 MBSending build context to Docker daemon 34.54 MBSending build context to Docker daemon 35.09 MBSending build context to Docker daemon 35.65 MBSending build context to Docker daemon 36.21 MBSending build context to Docker daemon 36.77 MBSending build context to Docker daemon 37.32 MBSending build context to Docker daemon 37.88 MBSending build context to Docker daemon 38.44 MBSending build context to Docker daemon 38.99 MBSending build context to Docker daemon 39.55 MBSending build context to Docker daemon 40.11 MBSending build context to Docker daemon 40.67 MBSending build context to Docker daemon 41.22 MBSending build context to Docker daemon 41.78 MBSending build context to Docker daemon 42.34 MBSending build context to Docker daemon 42.89 MBSending build context to Docker daemon 43.45 MBSending build context to Docker daemon 44.01 MBSending build context to Docker daemon 44.56 MBSending build context to Docker daemon 45.12 MBSending build context to Docker daemon 45.68 MBSending build context to Docker daemon 46.24 MBSending build context to Docker daemon 46.79 MBSending build context to Docker daemon 47.35 MBSending build context to Docker daemon 47.91 MBSending build context to Docker daemon 48.46 MBSending build context to Docker daemon 49.02 MBSending build context to Docker daemon 49.58 MBSending build context to Docker daemon 50.14 MBSending build context to Docker daemon 50.69 MBSending build context to Docker daemon 51.25 MBSending build context to Docker daemon 51.81 MBSending build context to Docker daemon 52.36 MBSending build context to Docker daemon 52.92 MBSending build context to Docker daemon 53.48 MBSending build context to Docker daemon 54.03 MBSending build context to Docker daemon 54.59 MBSending build context to Docker daemon 55.15 MBSending build context to Docker daemon 55.71 MBSending build context to Docker daemon 56.26 MBSending build context to Docker daemon 56.82 MBSending build context to Docker daemon 57.38 MBSending build context to Docker daemon 57.93 MBSending build context to Docker daemon 58.49 MBSending build context to Docker daemon 59.05 MBSending build context to Docker daemon  59.6 MBSending build context to Docker daemon 60.16 MBSending build context to Docker daemon 60.72 MBSending build context to Docker daemon 61.28 MBSending build context to Docker daemon 61.83 MBSending build context to Docker daemon 62.39 MBSending build context to Docker daemon 62.95 MBSending build context to Docker daemon  63.5 MBSending build context to Docker daemon 64.06 MBSending build context to Docker daemon 64.62 MBSending build context to Docker daemon 65.18 MBSending build context to Docker daemon 65.73 MBSending build context to Docker daemon 66.29 MBSending build context to Docker daemon 66.85 MBSending build context to Docker daemon  67.4 MBSending build context to Docker daemon 67.96 MBSending build context to Docker daemon 68.52 MBSending build context to Docker daemon 69.07 MBSending build context to Docker daemon 69.63 MBSending build context to Docker daemon 70.19 MBSending build context to Docker daemon 70.75 MBSending build context to Docker daemon  71.3 MBSending build context to Docker daemon 71.86 MBSending build context to Docker daemon 72.42 MBSending build context to Docker daemon 72.97 MBSending build context to Docker daemon 73.53 MBSending build context to Docker daemon 74.09 MBSending build context to Docker daemon 74.65 MBSending build context to Docker daemon  75.2 MBSending build context to Docker daemon 75.76 MBSending build context to Docker daemon 76.32 MBSending build context to Docker daemon 76.87 MBSending build context to Docker daemon 77.43 MBSending build context to Docker daemon 77.99 MBSending build context to Docker daemon 78.54 MBSending build context to Docker daemon  79.1 MBSending build context to Docker daemon 79.66 MBSending build context to Docker daemon 80.22 MBSending build context to Docker daemon 80.77 MBSending build context to Docker daemon 81.33 MBSending build context to Docker daemon 81.89 MBSending build context to Docker daemon 82.44 MBSending build context to Docker daemon    83 MBSending build context to Docker daemon 83.56 MBSending build context to Docker daemon 84.12 MBSending build context to Docker daemon 84.67 MBSending build context to Docker daemon 85.23 MBSending build context to Docker daemon 85.79 MBSending build context to Docker daemon 86.34 MBSending build context to Docker daemon  86.9 MBSending build context to Docker daemon 87.46 MBSending build context to Docker daemon 88.01 MBSending build context to Docker daemon 88.57 MBSending build context to Docker daemon 89.13 MBSending build context to Docker daemon 89.69 MBSending build context to Docker daemon 90.24 MBSending build context to Docker daemon  90.8 MBSending build context to Docker daemon 91.36 MBSending build context to Docker daemon 91.91 MBSending build context to Docker daemon 92.47 MBSending build context to Docker daemon 93.03 MBSending build context to Docker daemon 93.59 MBSending build context to Docker daemon 94.14 MBSending build context to Docker daemon  94.7 MBSending build context to Docker daemon 95.26 MBSending build context to Docker daemon 95.81 MBSending build context to Docker daemon 96.37 MBSending build context to Docker daemon 96.93 MBSending build context to Docker daemon 97.48 MBSending build context to Docker daemon 98.04 MBSending build context to Docker daemon  98.6 MBSending build context to Docker daemon 99.16 MBSending build context to Docker daemon 99.71 MBSending build context to Docker daemon 100.3 MBSending build context to Docker daemon 100.8 MBSending build context to Docker daemon 101.4 MBSending build context to Docker daemon 101.9 MBSending build context to Docker daemon 102.5 MBSending build context to Docker daemon 103.1 MBSending build context to Docker daemon 103.6 MBSending build context to Docker daemon 104.2 MBSending build context to Docker daemon 104.7 MBSending build context to Docker daemon 105.3 MBSending build context to Docker daemon 105.8 MBSending build context to Docker daemon 106.4 MBSending build context to Docker daemon   107 MBSending build context to Docker daemon 107.5 MBSending build context to Docker daemon 108.1 MBSending build context to Docker daemon 108.6 MBSending build context to Docker daemon 109.2 MBSending build context to Docker daemon 109.7 MB
Step 1/2 : FROM scratch
 ---> 
Step 2/2 : COPY engine /engine
 ---> 6c312d9a2471
Successfully built 6c312d9a2471
Successfully tagged rancher/os-docker:latest
 Version:	17.12.0-ce
 OS/Arch:	linux/amd64
daindragon2/os-docker:17.12.0_arm64 (arm64) is not for this arch amd64, skipping
Building daindragon2/os-docker:17.12.1 from images/10-docker-17.12.1
+ VERSION=17.12.1
+ ARCH=amd64
+ '[' amd64 == amd64 ']'
+ ARCH=x86_64
+ URL=https://download.docker.com/linux/static/stable/x86_64/docker-17.12.1-ce.tgz
+ DEST=./images/10-docker-17.12.1
+ mkdir -p ./images/10-docker-17.12.1
+ tar xzf - -C ./images/10-docker-17.12.1
+ curl -sL https://download.docker.com/linux/static/stable/x86_64/docker-17.12.1-ce.tgz
+ mv ./images/10-docker-17.12.1/docker ./images/10-docker-17.12.1/engine
+ mv ./images/10-docker-17.12.1/engine/completion ./images/10-docker-17.12.1
mv: cannot stat './images/10-docker-17.12.1/engine/completion': No such file or directory
+ true
[37mDEBU[0m[0000] Running /usr/bin/docker [build -f images/10-docker-17.12.1/Dockerfile -t rancher/os-docker images/10-docker-17.12.1] 
Sending build context to Docker daemon 557.1 kBSending build context to Docker daemon 1.114 MBSending build context to Docker daemon 1.671 MBSending build context to Docker daemon 2.228 MBSending build context to Docker daemon 2.785 MBSending build context to Docker daemon 3.342 MBSending build context to Docker daemon 3.899 MBSending build context to Docker daemon 4.456 MBSending build context to Docker daemon 5.014 MBSending build context to Docker daemon 5.571 MBSending build context to Docker daemon 6.128 MBSending build context to Docker daemon 6.685 MBSending build context to Docker daemon 7.242 MBSending build context to Docker daemon 7.799 MBSending build context to Docker daemon 8.356 MBSending build context to Docker daemon 8.913 MBSending build context to Docker daemon  9.47 MBSending build context to Docker daemon 10.03 MBSending build context to Docker daemon 10.58 MBSending build context to Docker daemon 11.14 MBSending build context to Docker daemon  11.7 MBSending build context to Docker daemon 12.26 MBSending build context to Docker daemon 12.81 MBSending build context to Docker daemon 13.37 MBSending build context to Docker daemon 13.93 MBSending build context to Docker daemon 14.48 MBSending build context to Docker daemon 15.04 MBSending build context to Docker daemon  15.6 MBSending build context to Docker daemon 16.15 MBSending build context to Docker daemon 16.71 MBSending build context to Docker daemon 17.27 MBSending build context to Docker daemon 17.83 MBSending build context to Docker daemon 18.38 MBSending build context to Docker daemon 18.94 MBSending build context to Docker daemon  19.5 MBSending build context to Docker daemon 20.05 MBSending build context to Docker daemon 20.61 MBSending build context to Docker daemon 21.17 MBSending build context to Docker daemon 21.73 MBSending build context to Docker daemon 22.28 MBSending build context to Docker daemon 22.84 MBSending build context to Docker daemon  23.4 MBSending build context to Docker daemon 23.95 MBSending build context to Docker daemon 24.51 MBSending build context to Docker daemon 25.07 MBSending build context to Docker daemon 25.62 MBSending build context to Docker daemon 26.18 MBSending build context to Docker daemon 26.74 MBSending build context to Docker daemon  27.3 MBSending build context to Docker daemon 27.85 MBSending build context to Docker daemon 28.41 MBSending build context to Docker daemon 28.97 MBSending build context to Docker daemon 29.52 MBSending build context to Docker daemon 30.08 MBSending build context to Docker daemon 30.64 MBSending build context to Docker daemon  31.2 MBSending build context to Docker daemon 31.75 MBSending build context to Docker daemon 32.31 MBSending build context to Docker daemon 32.87 MBSending build context to Docker daemon 33.42 MBSending build context to Docker daemon 33.98 MBSending build context to Docker daemon 34.54 MBSending build context to Docker daemon 35.09 MBSending build context to Docker daemon 35.65 MBSending build context to Docker daemon 36.21 MBSending build context to Docker daemon 36.77 MBSending build context to Docker daemon 37.32 MBSending build context to Docker daemon 37.88 MBSending build context to Docker daemon 38.44 MBSending build context to Docker daemon 38.99 MBSending build context to Docker daemon 39.55 MBSending build context to Docker daemon 40.11 MBSending build context to Docker daemon 40.67 MBSending build context to Docker daemon 41.22 MBSending build context to Docker daemon 41.78 MBSending build context to Docker daemon 42.34 MBSending build context to Docker daemon 42.89 MBSending build context to Docker daemon 43.45 MBSending build context to Docker daemon 44.01 MBSending build context to Docker daemon 44.56 MBSending build context to Docker daemon 45.12 MBSending build context to Docker daemon 45.68 MBSending build context to Docker daemon 46.24 MBSending build context to Docker daemon 46.79 MBSending build context to Docker daemon 47.35 MBSending build context to Docker daemon 47.91 MBSending build context to Docker daemon 48.46 MBSending build context to Docker daemon 49.02 MBSending build context to Docker daemon 49.58 MBSending build context to Docker daemon 50.14 MBSending build context to Docker daemon 50.69 MBSending build context to Docker daemon 51.25 MBSending build context to Docker daemon 51.81 MBSending build context to Docker daemon 52.36 MBSending build context to Docker daemon 52.92 MBSending build context to Docker daemon 53.48 MBSending build context to Docker daemon 54.03 MBSending build context to Docker daemon 54.59 MBSending build context to Docker daemon 55.15 MBSending build context to Docker daemon 55.71 MBSending build context to Docker daemon 56.26 MBSending build context to Docker daemon 56.82 MBSending build context to Docker daemon 57.38 MBSending build context to Docker daemon 57.93 MBSending build context to Docker daemon 58.49 MBSending build context to Docker daemon 59.05 MBSending build context to Docker daemon  59.6 MBSending build context to Docker daemon 60.16 MBSending build context to Docker daemon 60.72 MBSending build context to Docker daemon 61.28 MBSending build context to Docker daemon 61.83 MBSending build context to Docker daemon 62.39 MBSending build context to Docker daemon 62.95 MBSending build context to Docker daemon  63.5 MBSending build context to Docker daemon 64.06 MBSending build context to Docker daemon 64.62 MBSending build context to Docker daemon 65.18 MBSending build context to Docker daemon 65.73 MBSending build context to Docker daemon 66.29 MBSending build context to Docker daemon 66.85 MBSending build context to Docker daemon  67.4 MBSending build context to Docker daemon 67.96 MBSending build context to Docker daemon 68.52 MBSending build context to Docker daemon 69.07 MBSending build context to Docker daemon 69.63 MBSending build context to Docker daemon 70.19 MBSending build context to Docker daemon 70.75 MBSending build context to Docker daemon  71.3 MBSending build context to Docker daemon 71.86 MBSending build context to Docker daemon 72.42 MBSending build context to Docker daemon 72.97 MBSending build context to Docker daemon 73.53 MBSending build context to Docker daemon 74.09 MBSending build context to Docker daemon 74.65 MBSending build context to Docker daemon  75.2 MBSending build context to Docker daemon 75.76 MBSending build context to Docker daemon 76.32 MBSending build context to Docker daemon 76.87 MBSending build context to Docker daemon 77.43 MBSending build context to Docker daemon 77.99 MBSending build context to Docker daemon 78.54 MBSending build context to Docker daemon  79.1 MBSending build context to Docker daemon 79.66 MBSending build context to Docker daemon 80.22 MBSending build context to Docker daemon 80.77 MBSending build context to Docker daemon 81.33 MBSending build context to Docker daemon 81.89 MBSending build context to Docker daemon 82.44 MBSending build context to Docker daemon    83 MBSending build context to Docker daemon 83.56 MBSending build context to Docker daemon 84.12 MBSending build context to Docker daemon 84.67 MBSending build context to Docker daemon 85.23 MBSending build context to Docker daemon 85.79 MBSending build context to Docker daemon 86.34 MBSending build context to Docker daemon  86.9 MBSending build context to Docker daemon 87.46 MBSending build context to Docker daemon 88.01 MBSending build context to Docker daemon 88.57 MBSending build context to Docker daemon 89.13 MBSending build context to Docker daemon 89.69 MBSending build context to Docker daemon 90.24 MBSending build context to Docker daemon  90.8 MBSending build context to Docker daemon 91.36 MBSending build context to Docker daemon 91.91 MBSending build context to Docker daemon 92.47 MBSending build context to Docker daemon 93.03 MBSending build context to Docker daemon 93.59 MBSending build context to Docker daemon 94.14 MBSending build context to Docker daemon  94.7 MBSending build context to Docker daemon 95.26 MBSending build context to Docker daemon 95.81 MBSending build context to Docker daemon 96.37 MBSending build context to Docker daemon 96.93 MBSending build context to Docker daemon 97.48 MBSending build context to Docker daemon 98.04 MBSending build context to Docker daemon  98.6 MBSending build context to Docker daemon 99.16 MBSending build context to Docker daemon 99.71 MBSending build context to Docker daemon 100.3 MBSending build context to Docker daemon 100.8 MBSending build context to Docker daemon 101.4 MBSending build context to Docker daemon 101.9 MBSending build context to Docker daemon 102.5 MBSending build context to Docker daemon 103.1 MBSending build context to Docker daemon 103.6 MBSending build context to Docker daemon 104.2 MBSending build context to Docker daemon 104.7 MBSending build context to Docker daemon 105.3 MBSending build context to Docker daemon 105.8 MBSending build context to Docker daemon 106.4 MBSending build context to Docker daemon   107 MBSending build context to Docker daemon 107.5 MBSending build context to Docker daemon 108.1 MBSending build context to Docker daemon 108.6 MBSending build context to Docker daemon 109.2 MBSending build context to Docker daemon 109.6 MB
Step 1/2 : FROM scratch
 ---> 
Step 2/2 : COPY engine /engine
 ---> 1d3f17bc04b2
Successfully built 1d3f17bc04b2
Successfully tagged rancher/os-docker:latest
 Version:	17.12.1-ce
 OS/Arch:	linux/amd64
daindragon2/os-docker:17.12.1_arm64 (arm64) is not for this arch amd64, skipping
Building daindragon2/os-docker:18.03.0 from images/10-docker-18.03.0
+ VERSION=18.03.0
+ ARCH=amd64
+ '[' amd64 == amd64 ']'
+ ARCH=x86_64
+ URL=https://download.docker.com/linux/static/stable/x86_64/docker-18.03.0-ce.tgz
+ DEST=./images/10-docker-18.03.0
+ mkdir -p ./images/10-docker-18.03.0
+ curl -sL https://download.docker.com/linux/static/stable/x86_64/docker-18.03.0-ce.tgz
+ tar xzf - -C ./images/10-docker-18.03.0
+ mv ./images/10-docker-18.03.0/docker ./images/10-docker-18.03.0/engine
+ mv ./images/10-docker-18.03.0/engine/completion ./images/10-docker-18.03.0
mv: cannot stat './images/10-docker-18.03.0/engine/completion': No such file or directory
+ true
[37mDEBU[0m[0000] Running /usr/bin/docker [build -f images/10-docker-18.03.0/Dockerfile -t rancher/os-docker images/10-docker-18.03.0] 
Sending build context to Docker daemon 557.1 kBSending build context to Docker daemon 1.114 MBSending build context to Docker daemon 1.671 MBSending build context to Docker daemon 2.228 MBSending build context to Docker daemon 2.785 MBSending build context to Docker daemon 3.342 MBSending build context to Docker daemon 3.899 MBSending build context to Docker daemon 4.456 MBSending build context to Docker daemon 5.014 MBSending build context to Docker daemon 5.571 MBSending build context to Docker daemon 6.128 MBSending build context to Docker daemon 6.685 MBSending build context to Docker daemon 7.242 MBSending build context to Docker daemon 7.799 MBSending build context to Docker daemon 8.356 MBSending build context to Docker daemon 8.913 MBSending build context to Docker daemon  9.47 MBSending build context to Docker daemon 10.03 MBSending build context to Docker daemon 10.58 MBSending build context to Docker daemon 11.14 MBSending build context to Docker daemon  11.7 MBSending build context to Docker daemon 12.26 MBSending build context to Docker daemon 12.81 MBSending build context to Docker daemon 13.37 MBSending build context to Docker daemon 13.93 MBSending build context to Docker daemon 14.48 MBSending build context to Docker daemon 15.04 MBSending build context to Docker daemon  15.6 MBSending build context to Docker daemon 16.15 MBSending build context to Docker daemon 16.71 MBSending build context to Docker daemon 17.27 MBSending build context to Docker daemon 17.83 MBSending build context to Docker daemon 18.38 MBSending build context to Docker daemon 18.94 MBSending build context to Docker daemon  19.5 MBSending build context to Docker daemon 20.05 MBSending build context to Docker daemon 20.61 MBSending build context to Docker daemon 21.17 MBSending build context to Docker daemon 21.73 MBSending build context to Docker daemon 22.28 MBSending build context to Docker daemon 22.84 MBSending build context to Docker daemon  23.4 MBSending build context to Docker daemon 23.95 MBSending build context to Docker daemon 24.51 MBSending build context to Docker daemon 25.07 MBSending build context to Docker daemon 25.62 MBSending build context to Docker daemon 26.18 MBSending build context to Docker daemon 26.74 MBSending build context to Docker daemon  27.3 MBSending build context to Docker daemon 27.85 MBSending build context to Docker daemon 28.41 MBSending build context to Docker daemon 28.97 MBSending build context to Docker daemon 29.52 MBSending build context to Docker daemon 30.08 MBSending build context to Docker daemon 30.64 MBSending build context to Docker daemon  31.2 MBSending build context to Docker daemon 31.75 MBSending build context to Docker daemon 32.31 MBSending build context to Docker daemon 32.87 MBSending build context to Docker daemon 33.42 MBSending build context to Docker daemon 33.98 MBSending build context to Docker daemon 34.54 MBSending build context to Docker daemon 35.09 MBSending build context to Docker daemon 35.65 MBSending build context to Docker daemon 36.21 MBSending build context to Docker daemon 36.77 MBSending build context to Docker daemon 37.32 MBSending build context to Docker daemon 37.88 MBSending build context to Docker daemon 38.44 MBSending build context to Docker daemon 38.99 MBSending build context to Docker daemon 39.55 MBSending build context to Docker daemon 40.11 MBSending build context to Docker daemon 40.67 MBSending build context to Docker daemon 41.22 MBSending build context to Docker daemon 41.78 MBSending build context to Docker daemon 42.34 MBSending build context to Docker daemon 42.89 MBSending build context to Docker daemon 43.45 MBSending build context to Docker daemon 44.01 MBSending build context to Docker daemon 44.56 MBSending build context to Docker daemon 45.12 MBSending build context to Docker daemon 45.68 MBSending build context to Docker daemon 46.24 MBSending build context to Docker daemon 46.79 MBSending build context to Docker daemon 47.35 MBSending build context to Docker daemon 47.91 MBSending build context to Docker daemon 48.46 MBSending build context to Docker daemon 49.02 MBSending build context to Docker daemon 49.58 MBSending build context to Docker daemon 50.14 MBSending build context to Docker daemon 50.69 MBSending build context to Docker daemon 51.25 MBSending build context to Docker daemon 51.81 MBSending build context to Docker daemon 52.36 MBSending build context to Docker daemon 52.92 MBSending build context to Docker daemon 53.48 MBSending build context to Docker daemon 54.03 MBSending build context to Docker daemon 54.59 MBSending build context to Docker daemon 55.15 MBSending build context to Docker daemon 55.71 MBSending build context to Docker daemon 56.26 MBSending build context to Docker daemon 56.82 MBSending build context to Docker daemon 57.38 MBSending build context to Docker daemon 57.93 MBSending build context to Docker daemon 58.49 MBSending build context to Docker daemon 59.05 MBSending build context to Docker daemon  59.6 MBSending build context to Docker daemon 60.16 MBSending build context to Docker daemon 60.72 MBSending build context to Docker daemon 61.28 MBSending build context to Docker daemon 61.83 MBSending build context to Docker daemon 62.39 MBSending build context to Docker daemon 62.95 MBSending build context to Docker daemon  63.5 MBSending build context to Docker daemon 64.06 MBSending build context to Docker daemon 64.62 MBSending build context to Docker daemon 65.18 MBSending build context to Docker daemon 65.73 MBSending build context to Docker daemon 66.29 MBSending build context to Docker daemon 66.85 MBSending build context to Docker daemon  67.4 MBSending build context to Docker daemon 67.96 MBSending build context to Docker daemon 68.52 MBSending build context to Docker daemon 69.07 MBSending build context to Docker daemon 69.63 MBSending build context to Docker daemon 70.19 MBSending build context to Docker daemon 70.75 MBSending build context to Docker daemon  71.3 MBSending build context to Docker daemon 71.86 MBSending build context to Docker daemon 72.42 MBSending build context to Docker daemon 72.97 MBSending build context to Docker daemon 73.53 MBSending build context to Docker daemon 74.09 MBSending build context to Docker daemon 74.65 MBSending build context to Docker daemon  75.2 MBSending build context to Docker daemon 75.76 MBSending build context to Docker daemon 76.32 MBSending build context to Docker daemon 76.87 MBSending build context to Docker daemon 77.43 MBSending build context to Docker daemon 77.99 MBSending build context to Docker daemon 78.54 MBSending build context to Docker daemon  79.1 MBSending build context to Docker daemon 79.66 MBSending build context to Docker daemon 80.22 MBSending build context to Docker daemon 80.77 MBSending build context to Docker daemon 81.33 MBSending build context to Docker daemon 81.89 MBSending build context to Docker daemon 82.44 MBSending build context to Docker daemon    83 MBSending build context to Docker daemon 83.56 MBSending build context to Docker daemon 84.12 MBSending build context to Docker daemon 84.67 MBSending build context to Docker daemon 85.23 MBSending build context to Docker daemon 85.79 MBSending build context to Docker daemon 86.34 MBSending build context to Docker daemon  86.9 MBSending build context to Docker daemon 87.46 MBSending build context to Docker daemon 88.01 MBSending build context to Docker daemon 88.57 MBSending build context to Docker daemon 89.13 MBSending build context to Docker daemon 89.69 MBSending build context to Docker daemon 90.24 MBSending build context to Docker daemon  90.8 MBSending build context to Docker daemon 91.36 MBSending build context to Docker daemon 91.91 MBSending build context to Docker daemon 92.47 MBSending build context to Docker daemon 93.03 MBSending build context to Docker daemon 93.59 MBSending build context to Docker daemon 94.14 MBSending build context to Docker daemon  94.7 MBSending build context to Docker daemon 95.26 MBSending build context to Docker daemon 95.81 MBSending build context to Docker daemon 96.37 MBSending build context to Docker daemon 96.93 MBSending build context to Docker daemon 97.48 MBSending build context to Docker daemon 98.04 MBSending build context to Docker daemon  98.6 MBSending build context to Docker daemon 99.16 MBSending build context to Docker daemon 99.71 MBSending build context to Docker daemon 100.3 MBSending build context to Docker daemon 100.8 MBSending build context to Docker daemon 101.4 MBSending build context to Docker daemon 101.9 MBSending build context to Docker daemon 102.5 MBSending build context to Docker daemon 103.1 MBSending build context to Docker daemon 103.6 MBSending build context to Docker daemon 104.2 MBSending build context to Docker daemon 104.7 MBSending build context to Docker daemon 105.3 MBSending build context to Docker daemon 105.8 MBSending build context to Docker daemon 106.4 MBSending build context to Docker daemon   107 MBSending build context to Docker daemon 107.5 MBSending build context to Docker daemon 108.1 MBSending build context to Docker daemon 108.6 MBSending build context to Docker daemon 109.2 MBSending build context to Docker daemon 109.7 MBSending build context to Docker daemon 110.3 MBSending build context to Docker daemon 110.9 MBSending build context to Docker daemon 111.4 MBSending build context to Docker daemon   112 MBSending build context to Docker daemon 112.5 MBSending build context to Docker daemon 113.1 MBSending build context to Docker daemon 113.6 MBSending build context to Docker daemon 114.2 MBSending build context to Docker daemon 114.8 MBSending build context to Docker daemon 115.3 MBSending build context to Docker daemon 115.9 MBSending build context to Docker daemon 116.4 MBSending build context to Docker daemon   117 MBSending build context to Docker daemon 117.5 MBSending build context to Docker daemon 118.1 MBSending build context to Docker daemon 118.7 MBSending build context to Docker daemon 119.2 MBSending build context to Docker daemon 119.8 MBSending build context to Docker daemon 120.3 MBSending build context to Docker daemon 120.9 MBSending build context to Docker daemon 121.4 MBSending build context to Docker daemon   122 MBSending build context to Docker daemon 122.6 MBSending build context to Docker daemon 123.1 MBSending build context to Docker daemon 123.7 MBSending build context to Docker daemon 124.2 MBSending build context to Docker daemon 124.8 MBSending build context to Docker daemon 125.3 MBSending build context to Docker daemon 125.9 MBSending build context to Docker daemon 126.5 MBSending build context to Docker daemon   127 MBSending build context to Docker daemon 127.6 MBSending build context to Docker daemon 128.1 MBSending build context to Docker daemon 128.7 MBSending build context to Docker daemon 129.2 MBSending build context to Docker daemon 129.8 MBSending build context to Docker daemon 130.4 MBSending build context to Docker daemon 130.6 MB
Step 1/2 : FROM scratch
 ---> 
Step 2/2 : COPY engine /engine
 ---> 7e5c1a380dd4
Successfully built 7e5c1a380dd4
Successfully tagged rancher/os-docker:latest
 Version:	18.03.0-ce
 OS/Arch:	linux/amd64
daindragon2/os-docker:18.03.0_arm64 (arm64) is not for this arch amd64, skipping
Building daindragon2/os-docker:18.03.1 from images/10-docker-18.03.1
+ VERSION=18.03.1
+ ARCH=amd64
+ '[' amd64 == amd64 ']'
+ ARCH=x86_64
+ URL=https://download.docker.com/linux/static/stable/x86_64/docker-18.03.1-ce.tgz
+ DEST=./images/10-docker-18.03.1
+ mkdir -p ./images/10-docker-18.03.1
+ curl -sL https://download.docker.com/linux/static/stable/x86_64/docker-18.03.1-ce.tgz
+ tar xzf - -C ./images/10-docker-18.03.1
+ mv ./images/10-docker-18.03.1/docker ./images/10-docker-18.03.1/engine
+ mv ./images/10-docker-18.03.1/engine/completion ./images/10-docker-18.03.1
mv: cannot stat './images/10-docker-18.03.1/engine/completion': No such file or directory
+ true
[37mDEBU[0m[0000] Running /usr/bin/docker [build -f images/10-docker-18.03.1/Dockerfile -t rancher/os-docker images/10-docker-18.03.1] 
Sending build context to Docker daemon 557.1 kBSending build context to Docker daemon 1.114 MBSending build context to Docker daemon 1.671 MBSending build context to Docker daemon 2.228 MBSending build context to Docker daemon 2.785 MBSending build context to Docker daemon 3.342 MBSending build context to Docker daemon 3.899 MBSending build context to Docker daemon 4.456 MBSending build context to Docker daemon 5.014 MBSending build context to Docker daemon 5.571 MBSending build context to Docker daemon 6.128 MBSending build context to Docker daemon 6.685 MBSending build context to Docker daemon 7.242 MBSending build context to Docker daemon 7.799 MBSending build context to Docker daemon 8.356 MBSending build context to Docker daemon 8.913 MBSending build context to Docker daemon  9.47 MBSending build context to Docker daemon 10.03 MBSending build context to Docker daemon 10.58 MBSending build context to Docker daemon 11.14 MBSending build context to Docker daemon  11.7 MBSending build context to Docker daemon 12.26 MBSending build context to Docker daemon 12.81 MBSending build context to Docker daemon 13.37 MBSending build context to Docker daemon 13.93 MBSending build context to Docker daemon 14.48 MBSending build context to Docker daemon 15.04 MBSending build context to Docker daemon  15.6 MBSending build context to Docker daemon 16.15 MBSending build context to Docker daemon 16.71 MBSending build context to Docker daemon 17.27 MBSending build context to Docker daemon 17.83 MBSending build context to Docker daemon 18.38 MBSending build context to Docker daemon 18.94 MBSending build context to Docker daemon  19.5 MBSending build context to Docker daemon 20.05 MBSending build context to Docker daemon 20.61 MBSending build context to Docker daemon 21.17 MBSending build context to Docker daemon 21.73 MBSending build context to Docker daemon 22.28 MBSending build context to Docker daemon 22.84 MBSending build context to Docker daemon  23.4 MBSending build context to Docker daemon 23.95 MBSending build context to Docker daemon 24.51 MBSending build context to Docker daemon 25.07 MBSending build context to Docker daemon 25.62 MBSending build context to Docker daemon 26.18 MBSending build context to Docker daemon 26.74 MBSending build context to Docker daemon  27.3 MBSending build context to Docker daemon 27.85 MBSending build context to Docker daemon 28.41 MBSending build context to Docker daemon 28.97 MBSending build context to Docker daemon 29.52 MBSending build context to Docker daemon 30.08 MBSending build context to Docker daemon 30.64 MBSending build context to Docker daemon  31.2 MBSending build context to Docker daemon 31.75 MBSending build context to Docker daemon 32.31 MBSending build context to Docker daemon 32.87 MBSending build context to Docker daemon 33.42 MBSending build context to Docker daemon 33.98 MBSending build context to Docker daemon 34.54 MBSending build context to Docker daemon 35.09 MBSending build context to Docker daemon 35.65 MBSending build context to Docker daemon 36.21 MBSending build context to Docker daemon 36.77 MBSending build context to Docker daemon 37.32 MBSending build context to Docker daemon 37.88 MBSending build context to Docker daemon 38.44 MBSending build context to Docker daemon 38.99 MBSending build context to Docker daemon 39.55 MBSending build context to Docker daemon 40.11 MBSending build context to Docker daemon 40.67 MBSending build context to Docker daemon 41.22 MBSending build context to Docker daemon 41.78 MBSending build context to Docker daemon 42.34 MBSending build context to Docker daemon 42.89 MBSending build context to Docker daemon 43.45 MBSending build context to Docker daemon 44.01 MBSending build context to Docker daemon 44.56 MBSending build context to Docker daemon 45.12 MBSending build context to Docker daemon 45.68 MBSending build context to Docker daemon 46.24 MBSending build context to Docker daemon 46.79 MBSending build context to Docker daemon 47.35 MBSending build context to Docker daemon 47.91 MBSending build context to Docker daemon 48.46 MBSending build context to Docker daemon 49.02 MBSending build context to Docker daemon 49.58 MBSending build context to Docker daemon 50.14 MBSending build context to Docker daemon 50.69 MBSending build context to Docker daemon 51.25 MBSending build context to Docker daemon 51.81 MBSending build context to Docker daemon 52.36 MBSending build context to Docker daemon 52.92 MBSending build context to Docker daemon 53.48 MBSending build context to Docker daemon 54.03 MBSending build context to Docker daemon 54.59 MBSending build context to Docker daemon 55.15 MBSending build context to Docker daemon 55.71 MBSending build context to Docker daemon 56.26 MBSending build context to Docker daemon 56.82 MBSending build context to Docker daemon 57.38 MBSending build context to Docker daemon 57.93 MBSending build context to Docker daemon 58.49 MBSending build context to Docker daemon 59.05 MBSending build context to Docker daemon  59.6 MBSending build context to Docker daemon 60.16 MBSending build context to Docker daemon 60.72 MBSending build context to Docker daemon 61.28 MBSending build context to Docker daemon 61.83 MBSending build context to Docker daemon 62.39 MBSending build context to Docker daemon 62.95 MBSending build context to Docker daemon  63.5 MBSending build context to Docker daemon 64.06 MBSending build context to Docker daemon 64.62 MBSending build context to Docker daemon 65.18 MBSending build context to Docker daemon 65.73 MBSending build context to Docker daemon 66.29 MBSending build context to Docker daemon 66.85 MBSending build context to Docker daemon  67.4 MBSending build context to Docker daemon 67.96 MBSending build context to Docker daemon 68.52 MBSending build context to Docker daemon 69.07 MBSending build context to Docker daemon 69.63 MBSending build context to Docker daemon 70.19 MBSending build context to Docker daemon 70.75 MBSending build context to Docker daemon  71.3 MBSending build context to Docker daemon 71.86 MBSending build context to Docker daemon 72.42 MBSending build context to Docker daemon 72.97 MBSending build context to Docker daemon 73.53 MBSending build context to Docker daemon 74.09 MBSending build context to Docker daemon 74.65 MBSending build context to Docker daemon  75.2 MBSending build context to Docker daemon 75.76 MBSending build context to Docker daemon 76.32 MBSending build context to Docker daemon 76.87 MBSending build context to Docker daemon 77.43 MBSending build context to Docker daemon 77.99 MBSending build context to Docker daemon 78.54 MBSending build context to Docker daemon  79.1 MBSending build context to Docker daemon 79.66 MBSending build context to Docker daemon 80.22 MBSending build context to Docker daemon 80.77 MBSending build context to Docker daemon 81.33 MBSending build context to Docker daemon 81.89 MBSending build context to Docker daemon 82.44 MBSending build context to Docker daemon    83 MBSending build context to Docker daemon 83.56 MBSending build context to Docker daemon 84.12 MBSending build context to Docker daemon 84.67 MBSending build context to Docker daemon 85.23 MBSending build context to Docker daemon 85.79 MBSending build context to Docker daemon 86.34 MBSending build context to Docker daemon  86.9 MBSending build context to Docker daemon 87.46 MBSending build context to Docker daemon 88.01 MBSending build context to Docker daemon 88.57 MBSending build context to Docker daemon 89.13 MBSending build context to Docker daemon 89.69 MBSending build context to Docker daemon 90.24 MBSending build context to Docker daemon  90.8 MBSending build context to Docker daemon 91.36 MBSending build context to Docker daemon 91.91 MBSending build context to Docker daemon 92.47 MBSending build context to Docker daemon 93.03 MBSending build context to Docker daemon 93.59 MBSending build context to Docker daemon 94.14 MBSending build context to Docker daemon  94.7 MBSending build context to Docker daemon 95.26 MBSending build context to Docker daemon 95.81 MBSending build context to Docker daemon 96.37 MBSending build context to Docker daemon 96.93 MBSending build context to Docker daemon 97.48 MBSending build context to Docker daemon 98.04 MBSending build context to Docker daemon  98.6 MBSending build context to Docker daemon 99.16 MBSending build context to Docker daemon 99.71 MBSending build context to Docker daemon 100.3 MBSending build context to Docker daemon 100.8 MBSending build context to Docker daemon 101.4 MBSending build context to Docker daemon 101.9 MBSending build context to Docker daemon 102.5 MBSending build context to Docker daemon 103.1 MBSending build context to Docker daemon 103.6 MBSending build context to Docker daemon 104.2 MBSending build context to Docker daemon 104.7 MBSending build context to Docker daemon 105.3 MBSending build context to Docker daemon 105.8 MBSending build context to Docker daemon 106.4 MBSending build context to Docker daemon   107 MBSending build context to Docker daemon 107.5 MBSending build context to Docker daemon 108.1 MBSending build context to Docker daemon 108.6 MBSending build context to Docker daemon 109.2 MBSending build context to Docker daemon 109.7 MBSending build context to Docker daemon 110.3 MBSending build context to Docker daemon 110.9 MBSending build context to Docker daemon 111.4 MBSending build context to Docker daemon   112 MBSending build context to Docker daemon 112.5 MBSending build context to Docker daemon 113.1 MBSending build context to Docker daemon 113.6 MBSending build context to Docker daemon 114.2 MBSending build context to Docker daemon 114.8 MBSending build context to Docker daemon 115.3 MBSending build context to Docker daemon 115.9 MBSending build context to Docker daemon 116.4 MBSending build context to Docker daemon   117 MBSending build context to Docker daemon 117.5 MBSending build context to Docker daemon 118.1 MBSending build context to Docker daemon 118.7 MBSending build context to Docker daemon 119.2 MBSending build context to Docker daemon 119.8 MBSending build context to Docker daemon 120.3 MBSending build context to Docker daemon 120.9 MBSending build context to Docker daemon 121.4 MBSending build context to Docker daemon   122 MBSending build context to Docker daemon 122.6 MBSending build context to Docker daemon 123.1 MBSending build context to Docker daemon 123.7 MBSending build context to Docker daemon 124.2 MBSending build context to Docker daemon 124.8 MBSending build context to Docker daemon 125.3 MBSending build context to Docker daemon 125.9 MBSending build context to Docker daemon 126.5 MBSending build context to Docker daemon   127 MBSending build context to Docker daemon 127.6 MBSending build context to Docker daemon 128.1 MBSending build context to Docker daemon 128.7 MBSending build context to Docker daemon 129.2 MBSending build context to Docker daemon 129.8 MBSending build context to Docker daemon 130.4 MBSending build context to Docker daemon 130.6 MB
Step 1/2 : FROM scratch
 ---> 
Step 2/2 : COPY engine /engine
 ---> Using cache
 ---> 291710cafacd
Successfully built 291710cafacd
Successfully tagged rancher/os-docker:latest
 Version:      18.03.1-ce
 OS/Arch:      linux/amd64
daindragon2/os-docker:18.03.1_arm64 (arm64) is not for this arch amd64, skipping
Building daindragon2/os-fedoraconsole:6dae87a-dirty from images/10-fedoraconsole
[37mDEBU[0m[0000] Running /usr/bin/docker [tag fedora:27 rancher/os-fedoraconsole-base] 
[37mDEBU[0m[0000] Running /usr/bin/docker [build -f images/10-fedoraconsole/Dockerfile -t rancher/os-fedoraconsole images/10-fedoraconsole] 
Sending build context to Docker daemon 7.168 kB
Step 1/5 : FROM rancher/os-fedoraconsole-base
 ---> 9110ae7f579f
Step 2/5 : RUN dnf install -y iptables openssh-server rsync sudo vim-minimal less ca-certificates psmisc htop procps-ng iproute kmod tar criu     && dnf clean all     && rm -rf /etc/ssh/*key*
 ---> Running in 1b9a82d57ed3
Fedora 27 - x86_64 - Updates                    1.2 MB/s |  24 MB     00:20    
Fedora 27 - x86_64                              1.2 MB/s |  58 MB     00:47    
Last metadata expiration check: 0:00:19 ago on Sun Jun 10 00:08:54 2018.
[91mPackage vim-minimal-2:8.0.1553-1.fc27.x86_64 is already installed, skipping.
[0m[91mPackage ca-certificates-2018.2.22-1.0.fc27.noarch is already installed, skipping.
[0m[91mPackage tar-2:1.29-7.fc27.x86_64 is already installed, skipping.
[0mDependencies resolved.
================================================================================
 Package                    Arch       Version                Repository   Size
================================================================================
Installing:
 criu                       x86_64     3.8.1-1.fc27           updates     471 k
 htop                       x86_64     2.2.0-1.fc27           updates     110 k
 iproute                    x86_64     4.15.0-1.fc27          updates     534 k
 iptables                   x86_64     1.6.2-3.fc27           updates     479 k
 kmod                       x86_64     25-1.fc27              updates     115 k
 less                       x86_64     487-5.fc27             fedora      159 k
 openssh-server             x86_64     7.6p1-5.fc27           updates     470 k
 procps-ng                  x86_64     3.3.10-16.fc27         updates     396 k
 psmisc                     x86_64     23.1-2.fc27            fedora      148 k
 rsync                      x86_64     3.1.3-2.fc27           updates     400 k
 sudo                       x86_64     1.8.21p2-1.fc27        fedora      771 k
Upgrading:
 iptables-libs              x86_64     1.6.2-3.fc27           updates      91 k
Installing dependencies:
 fipscheck                  x86_64     1.5.0-3.fc27           fedora       25 k
 fipscheck-lib              x86_64     1.5.0-3.fc27           fedora       14 k
 libmnl                     x86_64     1.0.4-4.fc27           fedora       28 k
 libnet                     x86_64     1.1.6-14.fc27          fedora       65 k
 libnetfilter_conntrack     x86_64     1.0.6-4.fc27           fedora       62 k
 libnfnetlink               x86_64     1.0.1-11.fc27          fedora       31 k
 libnl3                     x86_64     3.4.0-1.fc27           updates     304 k
 linux-atm-libs             x86_64     2.5.1-19.fc27          fedora       40 k
 openssh                    x86_64     7.6p1-5.fc27           updates     501 k
 protobuf-c                 x86_64     1.2.1-7.fc27           fedora       34 k
 tcp_wrappers-libs          x86_64     7.6-87.fc27            fedora       72 k
Installing weak dependencies:
 iproute-tc                 x86_64     4.15.0-1.fc27          updates     389 k

Transaction Summary
================================================================================
Install  23 Packages
Upgrade   1 Package

Total download size: 5.6 M
Downloading Packages:
(1/24): less-487-5.fc27.x86_64.rpm              226 kB/s | 159 kB     00:00    
[MIRROR] iptables-1.6.2-3.fc27.x86_64.rpm: Status code: 404 for https://fedora.mirror.garr.it/mirrors/fedora/linux/updates/27/x86_64/Packages/i/iptables-1.6.2-3.fc27.x86_64.rpm
[MIRROR] iptables-1.6.2-3.fc27.x86_64.rpm: Status code: 404 for http://fedora.mirror.garr.it/mirrors/fedora/linux/updates/27/x86_64/Packages/i/iptables-1.6.2-3.fc27.x86_64.rpm
(2/24): psmisc-23.1-2.fc27.x86_64.rpm           108 kB/s | 148 kB     00:01    
(3/24): libnetfilter_conntrack-1.0.6-4.fc27.x86 210 kB/s |  62 kB     00:00    
(4/24): libnfnetlink-1.0.1-11.fc27.x86_64.rpm   316 kB/s |  31 kB     00:00    
(5/24): libmnl-1.0.4-4.fc27.x86_64.rpm          287 kB/s |  28 kB     00:00    
[MIRROR] openssh-server-7.6p1-5.fc27.x86_64.rpm: Status code: 404 for https://fedora.mirror.garr.it/mirrors/fedora/linux/updates/27/x86_64/Packages/o/openssh-server-7.6p1-5.fc27.x86_64.rpm
[MIRROR] openssh-server-7.6p1-5.fc27.x86_64.rpm: Status code: 404 for http://fedora.mirror.garr.it/mirrors/fedora/linux/updates/27/x86_64/Packages/o/openssh-server-7.6p1-5.fc27.x86_64.rpm
(6/24): sudo-1.8.21p2-1.fc27.x86_64.rpm         170 kB/s | 771 kB     00:04    
[MIRROR] openssh-7.6p1-5.fc27.x86_64.rpm: Status code: 404 for https://fedora.mirror.garr.it/mirrors/fedora/linux/updates/27/x86_64/Packages/o/openssh-7.6p1-5.fc27.x86_64.rpm
[MIRROR] openssh-7.6p1-5.fc27.x86_64.rpm: Status code: 404 for http://fedora.mirror.garr.it/mirrors/fedora/linux/updates/27/x86_64/Packages/o/openssh-7.6p1-5.fc27.x86_64.rpm
(7/24): iptables-1.6.2-3.fc27.x86_64.rpm        114 kB/s | 479 kB     00:04    
(8/24): fipscheck-lib-1.5.0-3.fc27.x86_64.rpm    85 kB/s |  14 kB     00:00    
(9/24): openssh-server-7.6p1-5.fc27.x86_64.rpm  134 kB/s | 470 kB     00:03    
(10/24): tcp_wrappers-libs-7.6-87.fc27.x86_64.r 176 kB/s |  72 kB     00:00    
(11/24): fipscheck-1.5.0-3.fc27.x86_64.rpm      197 kB/s |  25 kB     00:00    
[MIRROR] rsync-3.1.3-2.fc27.x86_64.rpm: Status code: 404 for http://fedora.mirror.garr.it/mirrors/fedora/linux/updates/27/x86_64/Packages/r/rsync-3.1.3-2.fc27.x86_64.rpm
[MIRROR] htop-2.2.0-1.fc27.x86_64.rpm: Status code: 404 for http://fedora.mirror.garr.it/mirrors/fedora/linux/updates/27/x86_64/Packages/h/htop-2.2.0-1.fc27.x86_64.rpm
[MIRROR] rsync-3.1.3-2.fc27.x86_64.rpm: Status code: 404 for https://fedora.mirror.garr.it/mirrors/fedora/linux/updates/27/x86_64/Packages/r/rsync-3.1.3-2.fc27.x86_64.rpm
[MIRROR] htop-2.2.0-1.fc27.x86_64.rpm: Status code: 404 for https://fedora.mirror.garr.it/mirrors/fedora/linux/updates/27/x86_64/Packages/h/htop-2.2.0-1.fc27.x86_64.rpm
(12/24): htop-2.2.0-1.fc27.x86_64.rpm           120 kB/s | 110 kB     00:00    
(13/24): openssh-7.6p1-5.fc27.x86_64.rpm        263 kB/s | 501 kB     00:01    
(14/24): rsync-3.1.3-2.fc27.x86_64.rpm          230 kB/s | 400 kB     00:01    
(15/24): kmod-25-1.fc27.x86_64.rpm              239 kB/s | 115 kB     00:00    
(16/24): procps-ng-3.3.10-16.fc27.x86_64.rpm    236 kB/s | 396 kB     00:01    
(17/24): libnet-1.1.6-14.fc27.x86_64.rpm        202 kB/s |  65 kB     00:00    
(18/24): protobuf-c-1.2.1-7.fc27.x86_64.rpm      48 kB/s |  34 kB     00:00    
(19/24): criu-3.8.1-1.fc27.x86_64.rpm           220 kB/s | 471 kB     00:02    
(20/24): libnl3-3.4.0-1.fc27.x86_64.rpm         271 kB/s | 304 kB     00:01    
(21/24): iproute-4.15.0-1.fc27.x86_64.rpm       137 kB/s | 534 kB     00:03    
(22/24): linux-atm-libs-2.5.1-19.fc27.x86_64.rp 167 kB/s |  40 kB     00:00    
(23/24): iptables-libs-1.6.2-3.fc27.x86_64.rpm  179 kB/s |  91 kB     00:00    
(24/24): iproute-tc-4.15.0-1.fc27.x86_64.rpm    188 kB/s | 389 kB     00:02    
--------------------------------------------------------------------------------
Total                                           384 kB/s | 5.6 MB     00:14     
Running transaction check
Transaction check succeeded.
Running transaction test
Transaction test succeeded.
Running transaction
  Preparing        :                                                        1/1 
  Installing       : fipscheck-1.5.0-3.fc27.x86_64                         1/25 
  Installing       : fipscheck-lib-1.5.0-3.fc27.x86_64                     2/25 
  Running scriptlet: fipscheck-lib-1.5.0-3.fc27.x86_64                     2/25 
  Installing       : libmnl-1.0.4-4.fc27.x86_64                            3/25 
  Running scriptlet: libmnl-1.0.4-4.fc27.x86_64                            3/25 
  Upgrading        : iptables-libs-1.6.2-3.fc27.x86_64                     4/25 
  Installing       : libnfnetlink-1.0.1-11.fc27.x86_64                     5/25 
  Running scriptlet: libnfnetlink-1.0.1-11.fc27.x86_64                     5/25 
  Installing       : libnetfilter_conntrack-1.0.6-4.fc27.x86_64            6/25 
  Running scriptlet: libnetfilter_conntrack-1.0.6-4.fc27.x86_64            6/25 
  Installing       : iproute-4.15.0-1.fc27.x86_64                          7/25 
  Running scriptlet: openssh-7.6p1-5.fc27.x86_64                           8/25 
  Installing       : openssh-7.6p1-5.fc27.x86_64                           8/25 
  Installing       : linux-atm-libs-2.5.1-19.fc27.x86_64                   9/25 
  Running scriptlet: linux-atm-libs-2.5.1-19.fc27.x86_64                   9/25 
  Installing       : libnl3-3.4.0-1.fc27.x86_64                           10/25 
  Running scriptlet: libnl3-3.4.0-1.fc27.x86_64                           10/25 
  Installing       : protobuf-c-1.2.1-7.fc27.x86_64                       11/25 
  Running scriptlet: protobuf-c-1.2.1-7.fc27.x86_64                       11/25 
  Installing       : libnet-1.1.6-14.fc27.x86_64                          12/25 
  Running scriptlet: libnet-1.1.6-14.fc27.x86_64                          12/25 
  Installing       : tcp_wrappers-libs-7.6-87.fc27.x86_64                 13/25 
  Running scriptlet: tcp_wrappers-libs-7.6-87.fc27.x86_64                 13/25 
  Running scriptlet: openssh-server-7.6p1-5.fc27.x86_64                   14/25 
  Installing       : openssh-server-7.6p1-5.fc27.x86_64                   14/25 
  Running scriptlet: openssh-server-7.6p1-5.fc27.x86_64                   14/25 
  Installing       : criu-3.8.1-1.fc27.x86_64                             15/25 
  Running scriptlet: criu-3.8.1-1.fc27.x86_64                             15/25 
  Installing       : iproute-tc-4.15.0-1.fc27.x86_64                      16/25 
  Installing       : iptables-1.6.2-3.fc27.x86_64                         17/25 
  Running scriptlet: iptables-1.6.2-3.fc27.x86_64                         17/25 
  Installing       : kmod-25-1.fc27.x86_64                                18/25 
  Installing       : procps-ng-3.3.10-16.fc27.x86_64                      19/25 
  Running scriptlet: procps-ng-3.3.10-16.fc27.x86_64                      19/25 
  Installing       : htop-2.2.0-1.fc27.x86_64                             20/25 
  Installing       : rsync-3.1.3-2.fc27.x86_64                            21/25 
  Installing       : psmisc-23.1-2.fc27.x86_64                            22/25 
  Installing       : less-487-5.fc27.x86_64                               23/25 
  Installing       : sudo-1.8.21p2-1.fc27.x86_64                          24/25 
  Running scriptlet: sudo-1.8.21p2-1.fc27.x86_64                          24/25 
  Cleanup          : iptables-libs-1.6.1-4.fc27.x86_64                    25/25 
  Running scriptlet: iptables-libs-1.6.1-4.fc27.x86_64                    25/25[91mFailed to connect to bus: No such file or directory
[0m 
  Verifying        : sudo-1.8.21p2-1.fc27.x86_64                           1/25 
  Verifying        : less-487-5.fc27.x86_64                                2/25 
  Verifying        : psmisc-23.1-2.fc27.x86_64                             3/25 
  Verifying        : iptables-1.6.2-3.fc27.x86_64                          4/25 
  Verifying        : libnetfilter_conntrack-1.0.6-4.fc27.x86_64            5/25 
  Verifying        : libnfnetlink-1.0.1-11.fc27.x86_64                     6/25 
  Verifying        : libmnl-1.0.4-4.fc27.x86_64                            7/25 
  Verifying        : openssh-server-7.6p1-5.fc27.x86_64                    8/25 
  Verifying        : openssh-7.6p1-5.fc27.x86_64                           9/25 
  Verifying        : fipscheck-lib-1.5.0-3.fc27.x86_64                    10/25 
  Verifying        : tcp_wrappers-libs-7.6-87.fc27.x86_64                 11/25 
  Verifying        : fipscheck-1.5.0-3.fc27.x86_64                        12/25 
  Verifying        : rsync-3.1.3-2.fc27.x86_64                            13/25 
  Verifying        : htop-2.2.0-1.fc27.x86_64                             14/25 
  Verifying        : procps-ng-3.3.10-16.fc27.x86_64                      15/25 
  Verifying        : iproute-4.15.0-1.fc27.x86_64                         16/25 
  Verifying        : kmod-25-1.fc27.x86_64                                17/25 
  Verifying        : criu-3.8.1-1.fc27.x86_64                             18/25 
  Verifying        : libnet-1.1.6-14.fc27.x86_64                          19/25 
  Verifying        : protobuf-c-1.2.1-7.fc27.x86_64                       20/25 
  Verifying        : libnl3-3.4.0-1.fc27.x86_64                           21/25 
  Verifying        : iproute-tc-4.15.0-1.fc27.x86_64                      22/25 
  Verifying        : linux-atm-libs-2.5.1-19.fc27.x86_64                  23/25 
  Verifying        : iptables-libs-1.6.2-3.fc27.x86_64                    24/25 
  Verifying        : iptables-libs-1.6.1-4.fc27.x86_64                    25/25 

Installed:
  criu.x86_64 3.8.1-1.fc27                                                      
  htop.x86_64 2.2.0-1.fc27                                                      
  iproute.x86_64 4.15.0-1.fc27                                                  
  iptables.x86_64 1.6.2-3.fc27                                                  
  kmod.x86_64 25-1.fc27                                                         
  less.x86_64 487-5.fc27                                                        
  openssh-server.x86_64 7.6p1-5.fc27                                            
  procps-ng.x86_64 3.3.10-16.fc27                                               
  psmisc.x86_64 23.1-2.fc27                                                     
  rsync.x86_64 3.1.3-2.fc27                                                     
  sudo.x86_64 1.8.21p2-1.fc27                                                   
  iproute-tc.x86_64 4.15.0-1.fc27                                               
  fipscheck.x86_64 1.5.0-3.fc27                                                 
  fipscheck-lib.x86_64 1.5.0-3.fc27                                             
  libmnl.x86_64 1.0.4-4.fc27                                                    
  libnet.x86_64 1.1.6-14.fc27                                                   
  libnetfilter_conntrack.x86_64 1.0.6-4.fc27                                    
  libnfnetlink.x86_64 1.0.1-11.fc27                                             
  libnl3.x86_64 3.4.0-1.fc27                                                    
  linux-atm-libs.x86_64 2.5.1-19.fc27                                           
  openssh.x86_64 7.6p1-5.fc27                                                   
  protobuf-c.x86_64 1.2.1-7.fc27                                                
  tcp_wrappers-libs.x86_64 7.6-87.fc27                                          

Upgraded:
  iptables-libs.x86_64 1.6.2-3.fc27                                             

Complete!
18 files removed
Removing intermediate container 1b9a82d57ed3
 ---> 463a16a73a34
Step 3/5 : RUN groupadd --gid 1100 rancher     && groupadd --gid 1101 docker     && useradd -u 1100 -g rancher -G docker,wheel -m -s /bin/bash rancher     && useradd -u 1101 -g docker -G docker,wheel -m -s /bin/bash docker     && echo ClientAliveInterval 180 >> /etc/ssh/sshd_config     && echo '## allow password less for rancher user' >> /etc/sudoers     && echo 'rancher ALL=(ALL) NOPASSWD: ALL' >> /etc/sudoers     && echo '## allow password less for docker user' >> /etc/sudoers     && echo 'docker ALL=(ALL) NOPASSWD: ALL' >> /etc/sudoers
 ---> Running in ae46ed57cd48
Removing intermediate container ae46ed57cd48
 ---> f5db7440be38
Step 4/5 : COPY prompt.sh /etc/profile.d/
 ---> 3c11cf00b167
Step 5/5 : ENTRYPOINT ["/usr/bin/ros", "entrypoint"]
 ---> Running in 7359bc3be43c
Removing intermediate container 7359bc3be43c
 ---> 04fcce8d4e2a
Successfully built 04fcce8d4e2a
Successfully tagged rancher/os-fedoraconsole:latest
Building daindragon2/os-openvmtools:6dae87a-dirty from images/10-openvmtools
--2018-06-10 00:10:16--  https://github.com/Jason-ZW/open-vm-tools/releases/download/stable-10.2.5/open-vm-tools.tar.gz
Resolving github.com (github.com)... 192.30.253.113, 192.30.253.112
Connecting to github.com (github.com)|192.30.253.113|:443... connected.
HTTP request sent, awaiting response... 302 Found
Location: https://github-production-release-asset-2e65be.s3.amazonaws.com/133591370/fac9b6b4-63aa-11e8-8e42-69c93b1e2a51?X-Amz-Algorithm=AWS4-HMAC-SHA256&X-Amz-Credential=AKIAIWNJYAX4CSVEH53A%2F20180610%2Fus-east-1%2Fs3%2Faws4_request&X-Amz-Date=20180610T001016Z&X-Amz-Expires=300&X-Amz-Signature=dcf7c03f1ff77e9125f5abfa3925317672d31baaafcae5d07a71384776d9a176&X-Amz-SignedHeaders=host&actor_id=0&response-content-disposition=attachment%3B%20filename%3Dopen-vm-tools.tar.gz&response-content-type=application%2Foctet-stream [following]
--2018-06-10 00:10:17--  https://github-production-release-asset-2e65be.s3.amazonaws.com/133591370/fac9b6b4-63aa-11e8-8e42-69c93b1e2a51?X-Amz-Algorithm=AWS4-HMAC-SHA256&X-Amz-Credential=AKIAIWNJYAX4CSVEH53A%2F20180610%2Fus-east-1%2Fs3%2Faws4_request&X-Amz-Date=20180610T001016Z&X-Amz-Expires=300&X-Amz-Signature=dcf7c03f1ff77e9125f5abfa3925317672d31baaafcae5d07a71384776d9a176&X-Amz-SignedHeaders=host&actor_id=0&response-content-disposition=attachment%3B%20filename%3Dopen-vm-tools.tar.gz&response-content-type=application%2Foctet-stream
Resolving github-production-release-asset-2e65be.s3.amazonaws.com (github-production-release-asset-2e65be.s3.amazonaws.com)... 52.216.99.59
Connecting to github-production-release-asset-2e65be.s3.amazonaws.com (github-production-release-asset-2e65be.s3.amazonaws.com)|52.216.99.59|:443... connected.
HTTP request sent, awaiting response... 200 OK
Length: 3230266 (3.1M) [application/octet-stream]
Saving to: 'open-vm-tools.tar.gz'

open-vm-tools.tar.g   0%[                    ]       0  --.-KB/s               open-vm-tools.tar.g   1%[                    ]  33.57K  98.9KB/s               open-vm-tools.tar.g   1%[                    ]  58.57K  93.1KB/s               open-vm-tools.tar.g   4%[                    ] 143.57K   169KB/s               open-vm-tools.tar.g   6%[>                   ] 194.57K   182KB/s               open-vm-tools.tar.g   7%[>                   ] 245.57K   187KB/s               open-vm-tools.tar.g   8%[>                   ] 262.57K   173KB/s               open-vm-tools.tar.g  11%[=>                  ] 347.57K   199KB/s               open-vm-tools.tar.g  12%[=>                  ] 398.57K   199KB/s               open-vm-tools.tar.g  14%[=>                  ] 449.57K   203KB/s               open-vm-tools.tar.g  15%[==>                 ] 500.57K   204KB/s               open-vm-tools.tar.g  17%[==>                 ] 543.57K   205KB/s               open-vm-tools.tar.g  18%[==>                 ] 585.57K   204KB/s               open-vm-tools.tar.g  20%[===>                ] 636.57K   204KB/s    eta 12s    open-vm-tools.tar.g  20%[===>                ] 653.57K   196KB/s    eta 12s    open-vm-tools.tar.g  22%[===>                ] 721.57K   201KB/s    eta 12s    open-vm-tools.tar.g  24%[===>                ] 772.57K   208KB/s    eta 12s    open-vm-tools.tar.g  26%[====>               ] 823.57K   210KB/s    eta 12s    open-vm-tools.tar.g  27%[====>               ] 874.57K   210KB/s    eta 11s    open-vm-tools.tar.g  29%[====>               ] 925.57K   208KB/s    eta 11s    open-vm-tools.tar.g  30%[=====>              ] 976.57K   206KB/s    eta 11s    open-vm-tools.tar.g  32%[=====>              ]   1.00M   214KB/s    eta 11s    open-vm-tools.tar.g  34%[=====>              ]   1.05M   203KB/s    eta 10s    open-vm-tools.tar.g  35%[======>             ]   1.10M   203KB/s    eta 10s    open-vm-tools.tar.g  37%[======>             ]   1.15M   199KB/s    eta 10s    open-vm-tools.tar.g  39%[======>             ]   1.20M   199KB/s    eta 10s    open-vm-tools.tar.g  40%[=======>            ]   1.24M   198KB/s    eta 10s    open-vm-tools.tar.g  41%[=======>            ]   1.29M   196KB/s    eta 9s     open-vm-tools.tar.g  43%[=======>            ]   1.33M   201KB/s    eta 9s     open-vm-tools.tar.g  44%[=======>            ]   1.38M   197KB/s    eta 9s     open-vm-tools.tar.g  46%[========>           ]   1.43M   195KB/s    eta 9s     open-vm-tools.tar.g  48%[========>           ]   1.48M   185KB/s    eta 8s     open-vm-tools.tar.g  50%[=========>          ]   1.56M   197KB/s    eta 8s     open-vm-tools.tar.g  51%[=========>          ]   1.58M   191KB/s    eta 8s     open-vm-tools.tar.g  53%[=========>          ]   1.63M   190KB/s    eta 8s     open-vm-tools.tar.g  54%[=========>          ]   1.68M   189KB/s    eta 8s     open-vm-tools.tar.g  56%[==========>         ]   1.73M   190KB/s    eta 7s     open-vm-tools.tar.g  57%[==========>         ]   1.78M   188KB/s    eta 7s     open-vm-tools.tar.g  58%[==========>         ]   1.82M   182KB/s    eta 7s     open-vm-tools.tar.g  60%[===========>        ]   1.88M   188KB/s    eta 7s     open-vm-tools.tar.g  61%[===========>        ]   1.90M   184KB/s    eta 6s     open-vm-tools.tar.g  62%[===========>        ]   1.93M   183KB/s    eta 6s     open-vm-tools.tar.g  63%[===========>        ]   1.95M   176KB/s    eta 6s     open-vm-tools.tar.g  65%[============>       ]   2.02M   179KB/s    eta 6s     open-vm-tools.tar.g  66%[============>       ]   2.05M   178KB/s    eta 6s     open-vm-tools.tar.g  67%[============>       ]   2.08M   176KB/s    eta 5s     open-vm-tools.tar.g  68%[============>       ]   2.12M   174KB/s    eta 5s     open-vm-tools.tar.g  69%[============>       ]   2.15M   172KB/s    eta 5s     open-vm-tools.tar.g  70%[=============>      ]   2.18M   170KB/s    eta 5s     open-vm-tools.tar.g  71%[=============>      ]   2.21M   165KB/s    eta 5s     open-vm-tools.tar.g  72%[=============>      ]   2.23M   159KB/s    eta 5s     open-vm-tools.tar.g  74%[=============>      ]   2.28M   162KB/s    eta 5s     open-vm-tools.tar.g  75%[==============>     ]   2.31M   158KB/s    eta 5s     open-vm-tools.tar.g  76%[==============>     ]   2.35M   157KB/s    eta 5s     open-vm-tools.tar.g  77%[==============>     ]   2.39M   157KB/s    eta 5s     open-vm-tools.tar.g  78%[==============>     ]   2.41M   153KB/s    eta 4s     open-vm-tools.tar.g  79%[==============>     ]   2.45M   152KB/s    eta 4s     open-vm-tools.tar.g  81%[===============>    ]   2.50M   150KB/s    eta 4s     open-vm-tools.tar.g  82%[===============>    ]   2.53M   150KB/s    eta 4s     open-vm-tools.tar.g  83%[===============>    ]   2.56M   151KB/s    eta 4s     open-vm-tools.tar.g  84%[===============>    ]   2.60M   155KB/s    eta 3s     open-vm-tools.tar.g  85%[================>   ]   2.63M   150KB/s    eta 3s     open-vm-tools.tar.g  86%[================>   ]   2.66M   150KB/s    eta 3s     open-vm-tools.tar.g  88%[================>   ]   2.71M   152KB/s    eta 3s     open-vm-tools.tar.g  89%[================>   ]   2.75M   153KB/s    eta 3s     open-vm-tools.tar.g  90%[=================>  ]   2.78M   153KB/s    eta 2s     open-vm-tools.tar.g  91%[=================>  ]   2.81M   153KB/s    eta 2s     open-vm-tools.tar.g  92%[=================>  ]   2.85M   154KB/s    eta 2s     open-vm-tools.tar.g  94%[=================>  ]   2.90M   162KB/s    eta 2s     open-vm-tools.tar.g  95%[==================> ]   2.95M   161KB/s    eta 1s     open-vm-tools.tar.g  97%[==================> ]   3.00M   165KB/s    eta 1s     open-vm-tools.tar.g  98%[==================> ]   3.04M   168KB/s    eta 1s     open-vm-tools.tar.g 100%[===================>]   3.08M   173KB/s    in 18s     

2018-06-10 00:10:35 (180 KB/s) - 'open-vm-tools.tar.gz' saved [3230266/3230266]

open-vm-tools-build/
open-vm-tools-build/lib/
open-vm-tools-build/lib/libhgfs.so.0
open-vm-tools-build/lib/libDeployPkg.so
open-vm-tools-build/lib/open-vm-tools/
open-vm-tools-build/lib/open-vm-tools/plugins/
open-vm-tools-build/lib/open-vm-tools/plugins/vmsvc/
open-vm-tools-build/lib/open-vm-tools/plugins/vmsvc/libvmbackup.so
open-vm-tools-build/lib/open-vm-tools/plugins/vmsvc/libresolutionKMS.so
open-vm-tools-build/lib/open-vm-tools/plugins/vmsvc/libdeployPkgPlugin.so
open-vm-tools-build/lib/open-vm-tools/plugins/vmsvc/libguestInfo.so
open-vm-tools-build/lib/open-vm-tools/plugins/vmsvc/libpowerOps.so
open-vm-tools-build/lib/open-vm-tools/plugins/vmsvc/libtimeSync.so
open-vm-tools-build/lib/open-vm-tools/plugins/common/
open-vm-tools-build/lib/open-vm-tools/plugins/common/libhgfsServer.la
open-vm-tools-build/lib/open-vm-tools/plugins/common/libhgfsServer.so
open-vm-tools-build/lib/open-vm-tools/plugins/common/libvix.la
open-vm-tools-build/lib/open-vm-tools/plugins/common/libvix.so
open-vm-tools-build/lib/libtirpc.so.1
open-vm-tools-build/lib/libgio-2.0.so.0.5600.1
open-vm-tools-build/lib/libvmtools.so.0
open-vm-tools-build/lib/libgobject-2.0.so.0
open-vm-tools-build/lib/libhgfs.so.0.0.0
open-vm-tools-build/lib/libgthread-2.0.so.0
open-vm-tools-build/lib/libvmtools.so
open-vm-tools-build/lib/libDeployPkg.so.0.0.0
open-vm-tools-build/lib/libdumbnet.so.1
open-vm-tools-build/lib/libgio-2.0.so.0
open-vm-tools-build/lib/libglib-2.0.so.0
open-vm-tools-build/lib/libguestlib.so.0.0.0
open-vm-tools-build/lib/gio/
open-vm-tools-build/lib/gio/modules/
open-vm-tools-build/lib/libgmodule-2.0.so.0.5600.1
open-vm-tools-build/lib/glib-2.0/
open-vm-tools-build/lib/glib-2.0/gio-querymodules
open-vm-tools-build/lib/glib-2.0/glib-compile-schemas
open-vm-tools-build/lib/libguestlib.so.0
open-vm-tools-build/lib/libdnet
open-vm-tools-build/lib/libDeployPkg.so.0
open-vm-tools-build/lib/libglib-2.0.so.0.5600.1
open-vm-tools-build/lib/libgmodule-2.0.so.0
open-vm-tools-build/lib/libgthread-2.0.so.0.5600.1
open-vm-tools-build/lib/libguestlib.so
open-vm-tools-build/lib/libgobject-2.0.so.0.5600.1
open-vm-tools-build/lib/libdnet.1.0.1
open-vm-tools-build/lib/pkgconfig/
open-vm-tools-build/lib/pkgconfig/libDeployPkg.pc
open-vm-tools-build/lib/pkgconfig/vmguestlib.pc
open-vm-tools-build/lib/libdnet.1
open-vm-tools-build/lib/libvmtools.so.0.0.0
open-vm-tools-build/lib/libhgfs.so
open-vm-tools-build/bin/
open-vm-tools-build/bin/vmtoolsd
open-vm-tools-build/bin/vmware-rpctool
open-vm-tools-build/bin/vmware-vmblock-fuse
open-vm-tools-build/bin/vmware-xferlogs
open-vm-tools-build/bin/vmhgfs-fuse
open-vm-tools-build/bin/vmware-checkvm
open-vm-tools-build/bin/vmware-hgfsclient
open-vm-tools-build/bin/vmware-namespace-cmd
open-vm-tools-build/bin/vmware-toolbox-cmd
open-vm-tools-build/bin/dnet-config
open-vm-tools-build/etc/
open-vm-tools-build/etc/vmware-tools/
open-vm-tools-build/etc/vmware-tools/poweroff-vm-default
open-vm-tools-build/etc/vmware-tools/statechange.subr
open-vm-tools-build/etc/vmware-tools/resume-vm-default
open-vm-tools-build/etc/vmware-tools/scripts/
open-vm-tools-build/etc/vmware-tools/scripts/vmware/
open-vm-tools-build/etc/vmware-tools/scripts/vmware/network
open-vm-tools-build/etc/vmware-tools/vm-support
open-vm-tools-build/etc/vmware-tools/suspend-vm-default
open-vm-tools-build/etc/vmware-tools/poweron-vm-default
[37mDEBU[0m[0000] Running /usr/bin/docker [build -f images/10-openvmtools/Dockerfile -t rancher/os-openvmtools images/10-openvmtools] 
Sending build context to Docker daemon 557.1 kBSending build context to Docker daemon 1.114 MBSending build context to Docker daemon 1.671 MBSending build context to Docker daemon 2.228 MBSending build context to Docker daemon 2.785 MBSending build context to Docker daemon 3.342 MBSending build context to Docker daemon 3.899 MBSending build context to Docker daemon 4.456 MBSending build context to Docker daemon 5.014 MBSending build context to Docker daemon 5.571 MBSending build context to Docker daemon 6.128 MBSending build context to Docker daemon 6.685 MBSending build context to Docker daemon 7.242 MBSending build context to Docker daemon 7.799 MBSending build context to Docker daemon 8.356 MBSending build context to Docker daemon 8.505 MB
Step 1/10 : FROM debian:stable-slim
stable-slim: Pulling from library/debian
[0BGet https://registry-1.docker.io/v2/library/debian/manifests/sha256:46fce2cb284ba694c38d67c388bb0acded3b551d8455b84627b7f23a2ab6c798: dial tcp: lookup registry-1.docker.io on 127.0.0.53:53: server misbehaving
[37mDEBU[0m[0002] Failed running /usr/bin/docker [build -f images/10-openvmtools/Dockerfile -t rancher/os-openvmtools images/10-openvmtools]: exit status 1 
[31mFATA[0m[0002] exit status 1                                
time="2018-06-10T02:10:40+02:00" level=fatal msg="exit status 1" 
